/home/intel/repo/d021rs-yolov5-ros2-subscription-node-limitationuk/.venv/lib/python3.12/site-packages/setuptools/_distutils/dist.py:289: UserWarning: Unknown distribution option: 'tests_require'
  warnings.warn(msg)
running develop
running egg_info
creating multi.egg-info
writing multi.egg-info/PKG-INFO
writing dependency_links to multi.egg-info/dependency_links.txt
writing entry points to multi.egg-info/entry_points.txt
writing requirements to multi.egg-info/requires.txt
writing top-level names to multi.egg-info/top_level.txt
writing manifest file 'multi.egg-info/SOURCES.txt'
reading manifest file 'multi.egg-info/SOURCES.txt'
writing manifest file 'multi.egg-info/SOURCES.txt'
running build_ext
Creating /home/intel/repo/d021rs-yolov5-ros2-subscription-node-limitationuk/install/multi/lib/python3.12/site-packages/multi.egg-link (link to .)
Installing costmap_publish script to /home/intel/repo/d021rs-yolov5-ros2-subscription-node-limitationuk/install/multi/lib/multi
Installing formation_update script to /home/intel/repo/d021rs-yolov5-ros2-subscription-node-limitationuk/install/multi/lib/multi
Installing slave_tf_listener script to /home/intel/repo/d021rs-yolov5-ros2-subscription-node-limitationuk/install/multi/lib/multi
Installing tf_listen script to /home/intel/repo/d021rs-yolov5-ros2-subscription-node-limitationuk/install/multi/lib/multi
Installing tf_publish script to /home/intel/repo/d021rs-yolov5-ros2-subscription-node-limitationuk/install/multi/lib/multi

Installed /home/intel/repo/d021rs-yolov5-ros2-subscription-node-limitationuk/build/multi
running symlink_data
creating /home/intel/repo/d021rs-yolov5-ros2-subscription-node-limitationuk/install/multi/share/ament_index/resource_index/packages
symbolically linking /home/intel/repo/d021rs-yolov5-ros2-subscription-node-limitationuk/build/multi/resource/multi -> /home/intel/repo/d021rs-yolov5-ros2-subscription-node-limitationuk/install/multi/share/ament_index/resource_index/packages
symbolically linking /home/intel/repo/d021rs-yolov5-ros2-subscription-node-limitationuk/build/multi/package.xml -> /home/intel/repo/d021rs-yolov5-ros2-subscription-node-limitationuk/install/multi/share/multi
creating /home/intel/repo/d021rs-yolov5-ros2-subscription-node-limitationuk/install/multi/share/multi/launch
symbolically linking /home/intel/repo/d021rs-yolov5-ros2-subscription-node-limitationuk/build/multi/launch/multi_controller.launch.py -> /home/intel/repo/d021rs-yolov5-ros2-subscription-node-limitationuk/install/multi/share/multi/launch
symbolically linking /home/intel/repo/d021rs-yolov5-ros2-subscription-node-limitationuk/build/multi/launch/joystick_control_multi.py -> /home/intel/repo/d021rs-yolov5-ros2-subscription-node-limitationuk/install/multi/share/multi/launch
symbolically linking /home/intel/repo/d021rs-yolov5-ros2-subscription-node-limitationuk/build/multi/launch/joy_control.launch.py -> /home/intel/repo/d021rs-yolov5-ros2-subscription-node-limitationuk/install/multi/share/multi/launch
creating /home/intel/repo/d021rs-yolov5-ros2-subscription-node-limitationuk/install/multi/share/multi/launch/include
creating /home/intel/repo/d021rs-yolov5-ros2-subscription-node-limitationuk/install/multi/share/multi/config
symbolically linking /home/intel/repo/d021rs-yolov5-ros2-subscription-node-limitationuk/build/multi/config/lidar_filters_config_ld19.yaml -> /home/intel/repo/d021rs-yolov5-ros2-subscription-node-limitationuk/install/multi/share/multi/config
symbolically linking /home/intel/repo/d021rs-yolov5-ros2-subscription-node-limitationuk/build/multi/config/lidar_filters_config_a1.yaml -> /home/intel/repo/d021rs-yolov5-ros2-subscription-node-limitationuk/install/multi/share/multi/config
symbolically linking /home/intel/repo/d021rs-yolov5-ros2-subscription-node-limitationuk/build/multi/config/camera_info.yaml -> /home/intel/repo/d021rs-yolov5-ros2-subscription-node-limitationuk/install/multi/share/multi/config
symbolically linking /home/intel/repo/d021rs-yolov5-ros2-subscription-node-limitationuk/build/multi/config/lidar_filters_config_g4.yaml -> /home/intel/repo/d021rs-yolov5-ros2-subscription-node-limitationuk/install/multi/share/multi/config
symbolically linking /home/intel/repo/d021rs-yolov5-ros2-subscription-node-limitationuk/build/multi/config/lidar_filters_config_ld14p.yaml -> /home/intel/repo/d021rs-yolov5-ros2-subscription-node-limitationuk/install/multi/share/multi/config
symbolically linking /home/intel/repo/d021rs-yolov5-ros2-subscription-node-limitationuk/build/multi/config/usb_cam_param.yaml -> /home/intel/repo/d021rs-yolov5-ros2-subscription-node-limitationuk/install/multi/share/multi/config
creating /home/intel/repo/d021rs-yolov5-ros2-subscription-node-limitationuk/install/multi/share/multi/rviz
symbolically linking /home/intel/repo/d021rs-yolov5-ros2-subscription-node-limitationuk/build/multi/rviz/imu_view.rviz -> /home/intel/repo/d021rs-yolov5-ros2-subscription-node-limitationuk/install/multi/share/multi/rviz
symbolically linking /home/intel/repo/d021rs-yolov5-ros2-subscription-node-limitationuk/build/multi/rviz/lidar_view.rviz -> /home/intel/repo/d021rs-yolov5-ros2-subscription-node-limitationuk/install/multi/share/multi/rviz
