/home/intel/repo/d021rs-yolov5-ros2-subscription-node-limitationuk/.venv/lib/python3.12/site-packages/setuptools/_distutils/dist.py:289: UserWarning: Unknown distribution option: 'tests_require'
  warnings.warn(msg)
running develop
running egg_info
creating ros_robot_controller.egg-info
writing ros_robot_controller.egg-info/PKG-INFO
writing dependency_links to ros_robot_controller.egg-info/dependency_links.txt
writing entry points to ros_robot_controller.egg-info/entry_points.txt
writing requirements to ros_robot_controller.egg-info/requires.txt
writing top-level names to ros_robot_controller.egg-info/top_level.txt
writing manifest file 'ros_robot_controller.egg-info/SOURCES.txt'
reading manifest file 'ros_robot_controller.egg-info/SOURCES.txt'
writing manifest file 'ros_robot_controller.egg-info/SOURCES.txt'
running build_ext
Creating /home/intel/repo/d021rs-yolov5-ros2-subscription-node-limitationuk/install/ros_robot_controller/lib/python3.12/site-packages/ros-robot-controller.egg-link (link to .)
Installing ros_robot_controller script to /home/intel/repo/d021rs-yolov5-ros2-subscription-node-limitationuk/install/ros_robot_controller/lib/ros_robot_controller

Installed /home/intel/repo/d021rs-yolov5-ros2-subscription-node-limitationuk/build/ros_robot_controller
running symlink_data
creating /home/intel/repo/d021rs-yolov5-ros2-subscription-node-limitationuk/install/ros_robot_controller/share/ament_index/resource_index/packages
symbolically linking /home/intel/repo/d021rs-yolov5-ros2-subscription-node-limitationuk/build/ros_robot_controller/resource/ros_robot_controller -> /home/intel/repo/d021rs-yolov5-ros2-subscription-node-limitationuk/install/ros_robot_controller/share/ament_index/resource_index/packages
symbolically linking /home/intel/repo/d021rs-yolov5-ros2-subscription-node-limitationuk/build/ros_robot_controller/package.xml -> /home/intel/repo/d021rs-yolov5-ros2-subscription-node-limitationuk/install/ros_robot_controller/share/ros_robot_controller
creating /home/intel/repo/d021rs-yolov5-ros2-subscription-node-limitationuk/install/ros_robot_controller/share/ros_robot_controller/launch
symbolically linking /home/intel/repo/d021rs-yolov5-ros2-subscription-node-limitationuk/build/ros_robot_controller/launch/ros_robot_controller.launch.py -> /home/intel/repo/d021rs-yolov5-ros2-subscription-node-limitationuk/install/ros_robot_controller/share/ros_robot_controller/launch
