[0.653s] Invoking command in '/home/intel/repo/d021rs-yolov5-ros2-subscription-node-limitationuk/build/ros_robot_controller': DEBUGINFOD_URLS=https://debuginfod.ubuntu.com PYTHONPATH=/home/intel/repo/d021rs-yolov5-ros2-subscription-node-limitationuk/build/ros_robot_controller/prefix_override:/home/intel/repo/d021rs-yolov5-ros2-subscription-node-limitationuk/.venv/lib/python3.12/site-packages/colcon_core/task/python/colcon_distutils_commands:/home/intel/repo/d021rs-yolov5-ros2-subscription-node-limitationuk/install/ros_robot_controller/lib/python3.12/site-packages:${PYTHONPATH} VIRTUAL_ENV_PROMPT=(.venv) /home/intel/repo/d021rs-yolov5-ros2-subscription-node-limitationuk/.venv/bin/python3 -W ignore:setup.py install is deprecated -W ignore:easy_install command is deprecated setup.py develop --editable --build-directory /home/intel/repo/d021rs-yolov5-ros2-subscription-node-limitationuk/build/ros_robot_controller/build --no-deps symlink_data
[0.750s] /home/intel/repo/d021rs-yolov5-ros2-subscription-node-limitationuk/.venv/lib/python3.12/site-packages/setuptools/_distutils/dist.py:289: UserWarning: Unknown distribution option: 'tests_require'
[0.750s]   warnings.warn(msg)
[0.809s] running develop
[0.882s] running egg_info
[0.891s] creating ros_robot_controller.egg-info
[0.891s] writing ros_robot_controller.egg-info/PKG-INFO
[0.891s] writing dependency_links to ros_robot_controller.egg-info/dependency_links.txt
[0.891s] writing entry points to ros_robot_controller.egg-info/entry_points.txt
[0.891s] writing requirements to ros_robot_controller.egg-info/requires.txt
[0.892s] writing top-level names to ros_robot_controller.egg-info/top_level.txt
[0.892s] writing manifest file 'ros_robot_controller.egg-info/SOURCES.txt'
[0.909s] reading manifest file 'ros_robot_controller.egg-info/SOURCES.txt'
[0.909s] writing manifest file 'ros_robot_controller.egg-info/SOURCES.txt'
[0.918s] running build_ext
[0.918s] Creating /home/intel/repo/d021rs-yolov5-ros2-subscription-node-limitationuk/install/ros_robot_controller/lib/python3.12/site-packages/ros-robot-controller.egg-link (link to .)
[0.918s] Installing ros_robot_controller script to /home/intel/repo/d021rs-yolov5-ros2-subscription-node-limitationuk/install/ros_robot_controller/lib/ros_robot_controller
[0.918s] 
[0.918s] Installed /home/intel/repo/d021rs-yolov5-ros2-subscription-node-limitationuk/build/ros_robot_controller
[0.918s] running symlink_data
[0.919s] creating /home/intel/repo/d021rs-yolov5-ros2-subscription-node-limitationuk/install/ros_robot_controller/share/ament_index/resource_index/packages
[0.919s] symbolically linking /home/intel/repo/d021rs-yolov5-ros2-subscription-node-limitationuk/build/ros_robot_controller/resource/ros_robot_controller -> /home/intel/repo/d021rs-yolov5-ros2-subscription-node-limitationuk/install/ros_robot_controller/share/ament_index/resource_index/packages
[0.919s] symbolically linking /home/intel/repo/d021rs-yolov5-ros2-subscription-node-limitationuk/build/ros_robot_controller/package.xml -> /home/intel/repo/d021rs-yolov5-ros2-subscription-node-limitationuk/install/ros_robot_controller/share/ros_robot_controller
[0.919s] creating /home/intel/repo/d021rs-yolov5-ros2-subscription-node-limitationuk/install/ros_robot_controller/share/ros_robot_controller/launch
[0.919s] symbolically linking /home/intel/repo/d021rs-yolov5-ros2-subscription-node-limitationuk/build/ros_robot_controller/launch/ros_robot_controller.launch.py -> /home/intel/repo/d021rs-yolov5-ros2-subscription-node-limitationuk/install/ros_robot_controller/share/ros_robot_controller/launch
[0.937s] Invoked command in '/home/intel/repo/d021rs-yolov5-ros2-subscription-node-limitationuk/build/ros_robot_controller' returned '0': DEBUGINFOD_URLS=https://debuginfod.ubuntu.com PYTHONPATH=/home/intel/repo/d021rs-yolov5-ros2-subscription-node-limitationuk/build/ros_robot_controller/prefix_override:/home/intel/repo/d021rs-yolov5-ros2-subscription-node-limitationuk/.venv/lib/python3.12/site-packages/colcon_core/task/python/colcon_distutils_commands:/home/intel/repo/d021rs-yolov5-ros2-subscription-node-limitationuk/install/ros_robot_controller/lib/python3.12/site-packages:${PYTHONPATH} VIRTUAL_ENV_PROMPT=(.venv) /home/intel/repo/d021rs-yolov5-ros2-subscription-node-limitationuk/.venv/bin/python3 -W ignore:setup.py install is deprecated -W ignore:easy_install command is deprecated setup.py develop --editable --build-directory /home/intel/repo/d021rs-yolov5-ros2-subscription-node-limitationuk/build/ros_robot_controller/build --no-deps symlink_data
