/home/intel/repo/d021rs-yolov5-ros2-subscription-node-limitationuk/.venv/lib/python3.12/site-packages/setuptools/_distutils/dist.py:289: UserWarning: Unknown distribution option: 'tests_require'
  warnings.warn(msg)
running develop
running egg_info
creating slam.egg-info
writing slam.egg-info/PKG-INFO
writing dependency_links to slam.egg-info/dependency_links.txt
writing entry points to slam.egg-info/entry_points.txt
writing requirements to slam.egg-info/requires.txt
writing top-level names to slam.egg-info/top_level.txt
writing manifest file 'slam.egg-info/SOURCES.txt'
reading manifest file 'slam.egg-info/SOURCES.txt'
writing manifest file 'slam.egg-info/SOURCES.txt'
running build_ext
Creating /home/intel/repo/d021rs-yolov5-ros2-subscription-node-limitationuk/install/slam/lib/python3.12/site-packages/slam.egg-link (link to .)
Installing map_save script to /home/intel/repo/d021rs-yolov5-ros2-subscription-node-limitationuk/install/slam/lib/slam

Installed /home/intel/repo/d021rs-yolov5-ros2-subscription-node-limitationuk/build/slam
running symlink_data
creating /home/intel/repo/d021rs-yolov5-ros2-subscription-node-limitationuk/install/slam/share/ament_index/resource_index/packages
symbolically linking /home/intel/repo/d021rs-yolov5-ros2-subscription-node-limitationuk/build/slam/resource/slam -> /home/intel/repo/d021rs-yolov5-ros2-subscription-node-limitationuk/install/slam/share/ament_index/resource_index/packages
symbolically linking /home/intel/repo/d021rs-yolov5-ros2-subscription-node-limitationuk/build/slam/package.xml -> /home/intel/repo/d021rs-yolov5-ros2-subscription-node-limitationuk/install/slam/share/slam
creating /home/intel/repo/d021rs-yolov5-ros2-subscription-node-limitationuk/install/slam/share/slam/launch
symbolically linking /home/intel/repo/d021rs-yolov5-ros2-subscription-node-limitationuk/build/slam/launch/slam.launch.py -> /home/intel/repo/d021rs-yolov5-ros2-subscription-node-limitationuk/install/slam/share/slam/launch
symbolically linking /home/intel/repo/d021rs-yolov5-ros2-subscription-node-limitationuk/build/slam/launch/rtabmap_slam.launch.py -> /home/intel/repo/d021rs-yolov5-ros2-subscription-node-limitationuk/install/slam/share/slam/launch
symbolically linking /home/intel/repo/d021rs-yolov5-ros2-subscription-node-limitationuk/build/slam/launch/rtabmap_slam0.launch.py -> /home/intel/repo/d021rs-yolov5-ros2-subscription-node-limitationuk/install/slam/share/slam/launch
symbolically linking /home/intel/repo/d021rs-yolov5-ros2-subscription-node-limitationuk/build/slam/launch/rviz_slam.launch.py -> /home/intel/repo/d021rs-yolov5-ros2-subscription-node-limitationuk/install/slam/share/slam/launch
symbolically linking /home/intel/repo/d021rs-yolov5-ros2-subscription-node-limitationuk/build/slam/launch/rviz_rtabmap.launch.py -> /home/intel/repo/d021rs-yolov5-ros2-subscription-node-limitationuk/install/slam/share/slam/launch
creating /home/intel/repo/d021rs-yolov5-ros2-subscription-node-limitationuk/install/slam/share/slam/launch/include
symbolically linking /home/intel/repo/d021rs-yolov5-ros2-subscription-node-limitationuk/build/slam/launch/include/robot.launch.py -> /home/intel/repo/d021rs-yolov5-ros2-subscription-node-limitationuk/install/slam/share/slam/launch/include
symbolically linking /home/intel/repo/d021rs-yolov5-ros2-subscription-node-limitationuk/build/slam/launch/include/slam_base.launch.py -> /home/intel/repo/d021rs-yolov5-ros2-subscription-node-limitationuk/install/slam/share/slam/launch/include
symbolically linking /home/intel/repo/d021rs-yolov5-ros2-subscription-node-limitationuk/build/slam/launch/include/rtabmap.launch.py -> /home/intel/repo/d021rs-yolov5-ros2-subscription-node-limitationuk/install/slam/share/slam/launch/include
creating /home/intel/repo/d021rs-yolov5-ros2-subscription-node-limitationuk/install/slam/share/slam/config
symbolically linking /home/intel/repo/d021rs-yolov5-ros2-subscription-node-limitationuk/build/slam/config/slam.yaml -> /home/intel/repo/d021rs-yolov5-ros2-subscription-node-limitationuk/install/slam/share/slam/config
creating /home/intel/repo/d021rs-yolov5-ros2-subscription-node-limitationuk/install/slam/share/slam/rviz
symbolically linking /home/intel/repo/d021rs-yolov5-ros2-subscription-node-limitationuk/build/slam/rviz/slam_desktop.rviz -> /home/intel/repo/d021rs-yolov5-ros2-subscription-node-limitationuk/install/slam/share/slam/rviz
symbolically linking /home/intel/repo/d021rs-yolov5-ros2-subscription-node-limitationuk/build/slam/rviz/rtabmap.rviz -> /home/intel/repo/d021rs-yolov5-ros2-subscription-node-limitationuk/install/slam/share/slam/rviz
symbolically linking /home/intel/repo/d021rs-yolov5-ros2-subscription-node-limitationuk/build/slam/rviz/slam.rviz -> /home/intel/repo/d021rs-yolov5-ros2-subscription-node-limitationuk/install/slam/share/slam/rviz
creating /home/intel/repo/d021rs-yolov5-ros2-subscription-node-limitationuk/install/slam/share/slam/maps
symbolically linking /home/intel/repo/d021rs-yolov5-ros2-subscription-node-limitationuk/build/slam/maps/map_01.pgm -> /home/intel/repo/d021rs-yolov5-ros2-subscription-node-limitationuk/install/slam/share/slam/maps
symbolically linking /home/intel/repo/d021rs-yolov5-ros2-subscription-node-limitationuk/build/slam/maps/map_01.yaml -> /home/intel/repo/d021rs-yolov5-ros2-subscription-node-limitationuk/install/slam/share/slam/maps
