[0.706s] Invoking command in '/home/intel/repo/d021rs-yolov5-ros2-subscription-node-limitationuk/build/slam': DEBUGINFOD_URLS=https://debuginfod.ubuntu.com PYTHONPATH=/home/intel/repo/d021rs-yolov5-ros2-subscription-node-limitationuk/build/slam/prefix_override:/home/intel/repo/d021rs-yolov5-ros2-subscription-node-limitationuk/.venv/lib/python3.12/site-packages/colcon_core/task/python/colcon_distutils_commands:/home/intel/repo/d021rs-yolov5-ros2-subscription-node-limitationuk/install/slam/lib/python3.12/site-packages:${PYTHONPATH} VIRTUAL_ENV_PROMPT=(.venv) /home/intel/repo/d021rs-yolov5-ros2-subscription-node-limitationuk/.venv/bin/python3 -W ignore:setup.py install is deprecated -W ignore:easy_install command is deprecated setup.py develop --editable --build-directory /home/intel/repo/d021rs-yolov5-ros2-subscription-node-limitationuk/build/slam/build --no-deps symlink_data
[0.803s] /home/intel/repo/d021rs-yolov5-ros2-subscription-node-limitationuk/.venv/lib/python3.12/site-packages/setuptools/_distutils/dist.py:289: UserWarning: Unknown distribution option: 'tests_require'
[0.803s]   warnings.warn(msg)
[0.863s] running develop
[0.934s] running egg_info
[0.942s] creating slam.egg-info
[0.942s] writing slam.egg-info/PKG-INFO
[0.942s] writing dependency_links to slam.egg-info/dependency_links.txt
[0.942s] writing entry points to slam.egg-info/entry_points.txt
[0.942s] writing requirements to slam.egg-info/requires.txt
[0.942s] writing top-level names to slam.egg-info/top_level.txt
[0.942s] writing manifest file 'slam.egg-info/SOURCES.txt'
[0.957s] reading manifest file 'slam.egg-info/SOURCES.txt'
[0.958s] writing manifest file 'slam.egg-info/SOURCES.txt'
[0.966s] running build_ext
[0.966s] Creating /home/intel/repo/d021rs-yolov5-ros2-subscription-node-limitationuk/install/slam/lib/python3.12/site-packages/slam.egg-link (link to .)
[0.968s] Installing map_save script to /home/intel/repo/d021rs-yolov5-ros2-subscription-node-limitationuk/install/slam/lib/slam
[0.968s] 
[0.968s] Installed /home/intel/repo/d021rs-yolov5-ros2-subscription-node-limitationuk/build/slam
[0.968s] running symlink_data
[0.968s] creating /home/intel/repo/d021rs-yolov5-ros2-subscription-node-limitationuk/install/slam/share/ament_index/resource_index/packages
[0.968s] symbolically linking /home/intel/repo/d021rs-yolov5-ros2-subscription-node-limitationuk/build/slam/resource/slam -> /home/intel/repo/d021rs-yolov5-ros2-subscription-node-limitationuk/install/slam/share/ament_index/resource_index/packages
[0.968s] symbolically linking /home/intel/repo/d021rs-yolov5-ros2-subscription-node-limitationuk/build/slam/package.xml -> /home/intel/repo/d021rs-yolov5-ros2-subscription-node-limitationuk/install/slam/share/slam
[0.969s] creating /home/intel/repo/d021rs-yolov5-ros2-subscription-node-limitationuk/install/slam/share/slam/launch
[0.969s] symbolically linking /home/intel/repo/d021rs-yolov5-ros2-subscription-node-limitationuk/build/slam/launch/slam.launch.py -> /home/intel/repo/d021rs-yolov5-ros2-subscription-node-limitationuk/install/slam/share/slam/launch
[0.969s] symbolically linking /home/intel/repo/d021rs-yolov5-ros2-subscription-node-limitationuk/build/slam/launch/rtabmap_slam.launch.py -> /home/intel/repo/d021rs-yolov5-ros2-subscription-node-limitationuk/install/slam/share/slam/launch
[0.969s] symbolically linking /home/intel/repo/d021rs-yolov5-ros2-subscription-node-limitationuk/build/slam/launch/rtabmap_slam0.launch.py -> /home/intel/repo/d021rs-yolov5-ros2-subscription-node-limitationuk/install/slam/share/slam/launch
[0.969s] symbolically linking /home/intel/repo/d021rs-yolov5-ros2-subscription-node-limitationuk/build/slam/launch/rviz_slam.launch.py -> /home/intel/repo/d021rs-yolov5-ros2-subscription-node-limitationuk/install/slam/share/slam/launch
[0.969s] symbolically linking /home/intel/repo/d021rs-yolov5-ros2-subscription-node-limitationuk/build/slam/launch/rviz_rtabmap.launch.py -> /home/intel/repo/d021rs-yolov5-ros2-subscription-node-limitationuk/install/slam/share/slam/launch
[0.969s] creating /home/intel/repo/d021rs-yolov5-ros2-subscription-node-limitationuk/install/slam/share/slam/launch/include
[0.969s] symbolically linking /home/intel/repo/d021rs-yolov5-ros2-subscription-node-limitationuk/build/slam/launch/include/robot.launch.py -> /home/intel/repo/d021rs-yolov5-ros2-subscription-node-limitationuk/install/slam/share/slam/launch/include
[0.969s] symbolically linking /home/intel/repo/d021rs-yolov5-ros2-subscription-node-limitationuk/build/slam/launch/include/slam_base.launch.py -> /home/intel/repo/d021rs-yolov5-ros2-subscription-node-limitationuk/install/slam/share/slam/launch/include
[0.969s] symbolically linking /home/intel/repo/d021rs-yolov5-ros2-subscription-node-limitationuk/build/slam/launch/include/rtabmap.launch.py -> /home/intel/repo/d021rs-yolov5-ros2-subscription-node-limitationuk/install/slam/share/slam/launch/include
[0.969s] creating /home/intel/repo/d021rs-yolov5-ros2-subscription-node-limitationuk/install/slam/share/slam/config
[0.969s] symbolically linking /home/intel/repo/d021rs-yolov5-ros2-subscription-node-limitationuk/build/slam/config/slam.yaml -> /home/intel/repo/d021rs-yolov5-ros2-subscription-node-limitationuk/install/slam/share/slam/config
[0.969s] creating /home/intel/repo/d021rs-yolov5-ros2-subscription-node-limitationuk/install/slam/share/slam/rviz
[0.969s] symbolically linking /home/intel/repo/d021rs-yolov5-ros2-subscription-node-limitationuk/build/slam/rviz/slam_desktop.rviz -> /home/intel/repo/d021rs-yolov5-ros2-subscription-node-limitationuk/install/slam/share/slam/rviz
[0.969s] symbolically linking /home/intel/repo/d021rs-yolov5-ros2-subscription-node-limitationuk/build/slam/rviz/rtabmap.rviz -> /home/intel/repo/d021rs-yolov5-ros2-subscription-node-limitationuk/install/slam/share/slam/rviz
[0.969s] symbolically linking /home/intel/repo/d021rs-yolov5-ros2-subscription-node-limitationuk/build/slam/rviz/slam.rviz -> /home/intel/repo/d021rs-yolov5-ros2-subscription-node-limitationuk/install/slam/share/slam/rviz
[0.969s] creating /home/intel/repo/d021rs-yolov5-ros2-subscription-node-limitationuk/install/slam/share/slam/maps
[0.969s] symbolically linking /home/intel/repo/d021rs-yolov5-ros2-subscription-node-limitationuk/build/slam/maps/map_01.pgm -> /home/intel/repo/d021rs-yolov5-ros2-subscription-node-limitationuk/install/slam/share/slam/maps
[0.969s] symbolically linking /home/intel/repo/d021rs-yolov5-ros2-subscription-node-limitationuk/build/slam/maps/map_01.yaml -> /home/intel/repo/d021rs-yolov5-ros2-subscription-node-limitationuk/install/slam/share/slam/maps
[0.999s] Invoked command in '/home/intel/repo/d021rs-yolov5-ros2-subscription-node-limitationuk/build/slam' returned '0': DEBUGINFOD_URLS=https://debuginfod.ubuntu.com PYTHONPATH=/home/intel/repo/d021rs-yolov5-ros2-subscription-node-limitationuk/build/slam/prefix_override:/home/intel/repo/d021rs-yolov5-ros2-subscription-node-limitationuk/.venv/lib/python3.12/site-packages/colcon_core/task/python/colcon_distutils_commands:/home/intel/repo/d021rs-yolov5-ros2-subscription-node-limitationuk/install/slam/lib/python3.12/site-packages:${PYTHONPATH} VIRTUAL_ENV_PROMPT=(.venv) /home/intel/repo/d021rs-yolov5-ros2-subscription-node-limitationuk/.venv/bin/python3 -W ignore:setup.py install is deprecated -W ignore:easy_install command is deprecated setup.py develop --editable --build-directory /home/intel/repo/d021rs-yolov5-ros2-subscription-node-limitationuk/build/slam/build --no-deps symlink_data
