running develop
running egg_info
creating peripherals.egg-info
writing peripherals.egg-info/PKG-INFO
writing dependency_links to peripherals.egg-info/dependency_links.txt
writing entry points to peripherals.egg-info/entry_points.txt
writing requirements to peripherals.egg-info/requires.txt
writing top-level names to peripherals.egg-info/top_level.txt
writing manifest file 'peripherals.egg-info/SOURCES.txt'
reading manifest file 'peripherals.egg-info/SOURCES.txt'
writing manifest file 'peripherals.egg-info/SOURCES.txt'
running build_ext
Creating /home/intel/repo/d021rs-yolov5-ros2-subscription-node-limitationuk/install/peripherals/lib/python3.12/site-packages/peripherals.egg-link (link to .)
Installing joystick_control script to /home/intel/repo/d021rs-yolov5-ros2-subscription-node-limitationuk/install/peripherals/lib/peripherals
Installing teleop_key_control script to /home/intel/repo/d021rs-yolov5-ros2-subscription-node-limitationuk/install/peripherals/lib/peripherals
Installing tf_broadcaster_imu script to /home/intel/repo/d021rs-yolov5-ros2-subscription-node-limitationuk/install/peripherals/lib/peripherals

Installed /home/intel/repo/d021rs-yolov5-ros2-subscription-node-limitationuk/build/peripherals
running symlink_data
creating /home/intel/repo/d021rs-yolov5-ros2-subscription-node-limitationuk/install/peripherals/share/ament_index/resource_index/packages
symbolically linking /home/intel/repo/d021rs-yolov5-ros2-subscription-node-limitationuk/build/peripherals/resource/peripherals -> /home/intel/repo/d021rs-yolov5-ros2-subscription-node-limitationuk/install/peripherals/share/ament_index/resource_index/packages
symbolically linking /home/intel/repo/d021rs-yolov5-ros2-subscription-node-limitationuk/build/peripherals/package.xml -> /home/intel/repo/d021rs-yolov5-ros2-subscription-node-limitationuk/install/peripherals/share/peripherals
creating /home/intel/repo/d021rs-yolov5-ros2-subscription-node-limitationuk/install/peripherals/share/peripherals/launch
symbolically linking /home/intel/repo/d021rs-yolov5-ros2-subscription-node-limitationuk/build/peripherals/launch/joystick_control.launch.py -> /home/intel/repo/d021rs-yolov5-ros2-subscription-node-limitationuk/install/peripherals/share/peripherals/launch
symbolically linking /home/intel/repo/d021rs-yolov5-ros2-subscription-node-limitationuk/build/peripherals/launch/lidar_view.launch.py -> /home/intel/repo/d021rs-yolov5-ros2-subscription-node-limitationuk/install/peripherals/share/peripherals/launch
symbolically linking /home/intel/repo/d021rs-yolov5-ros2-subscription-node-limitationuk/build/peripherals/launch/imu_filter.launch.py -> /home/intel/repo/d021rs-yolov5-ros2-subscription-node-limitationuk/install/peripherals/share/peripherals/launch
symbolically linking /home/intel/repo/d021rs-yolov5-ros2-subscription-node-limitationuk/build/peripherals/launch/depth_camera.launch.py -> /home/intel/repo/d021rs-yolov5-ros2-subscription-node-limitationuk/install/peripherals/share/peripherals/launch
symbolically linking /home/intel/repo/d021rs-yolov5-ros2-subscription-node-limitationuk/build/peripherals/launch/teleop_key_control.launch.py -> /home/intel/repo/d021rs-yolov5-ros2-subscription-node-limitationuk/install/peripherals/share/peripherals/launch
symbolically linking /home/intel/repo/d021rs-yolov5-ros2-subscription-node-limitationuk/build/peripherals/launch/imu_view.launch.py -> /home/intel/repo/d021rs-yolov5-ros2-subscription-node-limitationuk/install/peripherals/share/peripherals/launch
symbolically linking /home/intel/repo/d021rs-yolov5-ros2-subscription-node-limitationuk/build/peripherals/launch/usb_cam.launch.py -> /home/intel/repo/d021rs-yolov5-ros2-subscription-node-limitationuk/install/peripherals/share/peripherals/launch
symbolically linking /home/intel/repo/d021rs-yolov5-ros2-subscription-node-limitationuk/build/peripherals/launch/lidar.launch.py -> /home/intel/repo/d021rs-yolov5-ros2-subscription-node-limitationuk/install/peripherals/share/peripherals/launch
creating /home/intel/repo/d021rs-yolov5-ros2-subscription-node-limitationuk/install/peripherals/share/peripherals/launch/include
symbolically linking /home/intel/repo/d021rs-yolov5-ros2-subscription-node-limitationuk/build/peripherals/launch/include/ldlidar_LD19.launch.py -> /home/intel/repo/d021rs-yolov5-ros2-subscription-node-limitationuk/install/peripherals/share/peripherals/launch/include
symbolically linking /home/intel/repo/d021rs-yolov5-ros2-subscription-node-limitationuk/build/peripherals/launch/include/hp60c_cp.launch.py -> /home/intel/repo/d021rs-yolov5-ros2-subscription-node-limitationuk/install/peripherals/share/peripherals/launch/include
symbolically linking /home/intel/repo/d021rs-yolov5-ros2-subscription-node-limitationuk/build/peripherals/launch/include/hp60c.launch.py -> /home/intel/repo/d021rs-yolov5-ros2-subscription-node-limitationuk/install/peripherals/share/peripherals/launch/include
symbolically linking /home/intel/repo/d021rs-yolov5-ros2-subscription-node-limitationuk/build/peripherals/launch/include/ydlidar_g4.launch.py -> /home/intel/repo/d021rs-yolov5-ros2-subscription-node-limitationuk/install/peripherals/share/peripherals/launch/include
symbolically linking /home/intel/repo/d021rs-yolov5-ros2-subscription-node-limitationuk/build/peripherals/launch/include/sllidar_a1.launch.py -> /home/intel/repo/d021rs-yolov5-ros2-subscription-node-limitationuk/install/peripherals/share/peripherals/launch/include
symbolically linking /home/intel/repo/d021rs-yolov5-ros2-subscription-node-limitationuk/build/peripherals/launch/include/ascamera.launch.py -> /home/intel/repo/d021rs-yolov5-ros2-subscription-node-limitationuk/install/peripherals/share/peripherals/launch/include
creating /home/intel/repo/d021rs-yolov5-ros2-subscription-node-limitationuk/install/peripherals/share/peripherals/config
symbolically linking /home/intel/repo/d021rs-yolov5-ros2-subscription-node-limitationuk/build/peripherals/config/lidar_filters_config_ld19.yaml -> /home/intel/repo/d021rs-yolov5-ros2-subscription-node-limitationuk/install/peripherals/share/peripherals/config
symbolically linking /home/intel/repo/d021rs-yolov5-ros2-subscription-node-limitationuk/build/peripherals/config/lidar_filters_config_a1.yaml -> /home/intel/repo/d021rs-yolov5-ros2-subscription-node-limitationuk/install/peripherals/share/peripherals/config
symbolically linking /home/intel/repo/d021rs-yolov5-ros2-subscription-node-limitationuk/build/peripherals/config/camera_info.yaml -> /home/intel/repo/d021rs-yolov5-ros2-subscription-node-limitationuk/install/peripherals/share/peripherals/config
symbolically linking /home/intel/repo/d021rs-yolov5-ros2-subscription-node-limitationuk/build/peripherals/config/lidar_filters_config_g4.yaml -> /home/intel/repo/d021rs-yolov5-ros2-subscription-node-limitationuk/install/peripherals/share/peripherals/config
symbolically linking /home/intel/repo/d021rs-yolov5-ros2-subscription-node-limitationuk/build/peripherals/config/lidar_filters_config_ld14p.yaml -> /home/intel/repo/d021rs-yolov5-ros2-subscription-node-limitationuk/install/peripherals/share/peripherals/config
symbolically linking /home/intel/repo/d021rs-yolov5-ros2-subscription-node-limitationuk/build/peripherals/config/usb_cam_param.yaml -> /home/intel/repo/d021rs-yolov5-ros2-subscription-node-limitationuk/install/peripherals/share/peripherals/config
creating /home/intel/repo/d021rs-yolov5-ros2-subscription-node-limitationuk/install/peripherals/share/peripherals/rviz
symbolically linking /home/intel/repo/d021rs-yolov5-ros2-subscription-node-limitationuk/build/peripherals/rviz/imu_view.rviz -> /home/intel/repo/d021rs-yolov5-ros2-subscription-node-limitationuk/install/peripherals/share/peripherals/rviz
symbolically linking /home/intel/repo/d021rs-yolov5-ros2-subscription-node-limitationuk/build/peripherals/rviz/lidar_view.rviz -> /home/intel/repo/d021rs-yolov5-ros2-subscription-node-limitationuk/install/peripherals/share/peripherals/rviz
