[1.400s] Invoking command in '/home/intel/repo/d021rs-yolov5-ros2-subscription-node-limitationuk/build/peripherals': DEBUGINFOD_URLS=https://debuginfod.ubuntu.com PYTHONPATH=/home/intel/repo/d021rs-yolov5-ros2-subscription-node-limitationuk/build/peripherals/prefix_override:/home/intel/repo/d021rs-yolov5-ros2-subscription-node-limitationuk/.venv/lib/python3.12/site-packages/colcon_core/task/python/colcon_distutils_commands:/home/intel/repo/d021rs-yolov5-ros2-subscription-node-limitationuk/install/peripherals/lib/python3.12/site-packages:${PYTHONPATH} VIRTUAL_ENV_PROMPT=(.venv) /home/intel/repo/d021rs-yolov5-ros2-subscription-node-limitationuk/.venv/bin/python3 -W ignore:setup.py install is deprecated -W ignore:easy_install command is deprecated setup.py develop --editable --build-directory /home/intel/repo/d021rs-yolov5-ros2-subscription-node-limitationuk/build/peripherals/build --no-deps symlink_data
[1.499s] /home/intel/repo/d021rs-yolov5-ros2-subscription-node-limitationuk/.venv/lib/python3.12/site-packages/setuptools/_distutils/dist.py:289: UserWarning: Unknown distribution option: 'tests_require'
[1.500s]   warnings.warn(msg)
[1.557s] running develop
[1.630s] running egg_info
[1.638s] creating peripherals.egg-info
[1.638s] writing peripherals.egg-info/PKG-INFO
[1.638s] writing dependency_links to peripherals.egg-info/dependency_links.txt
[1.638s] writing entry points to peripherals.egg-info/entry_points.txt
[1.638s] writing requirements to peripherals.egg-info/requires.txt
[1.638s] writing top-level names to peripherals.egg-info/top_level.txt
[1.638s] writing manifest file 'peripherals.egg-info/SOURCES.txt'
[1.654s] reading manifest file 'peripherals.egg-info/SOURCES.txt'
[1.655s] writing manifest file 'peripherals.egg-info/SOURCES.txt'
[1.663s] running build_ext
[1.663s] Creating /home/intel/repo/d021rs-yolov5-ros2-subscription-node-limitationuk/install/peripherals/lib/python3.12/site-packages/peripherals.egg-link (link to .)
[1.663s] Installing joystick_control script to /home/intel/repo/d021rs-yolov5-ros2-subscription-node-limitationuk/install/peripherals/lib/peripherals
[1.664s] Installing teleop_key_control script to /home/intel/repo/d021rs-yolov5-ros2-subscription-node-limitationuk/install/peripherals/lib/peripherals
[1.664s] Installing tf_broadcaster_imu script to /home/intel/repo/d021rs-yolov5-ros2-subscription-node-limitationuk/install/peripherals/lib/peripherals
[1.664s] 
[1.664s] Installed /home/intel/repo/d021rs-yolov5-ros2-subscription-node-limitationuk/build/peripherals
[1.664s] running symlink_data
[1.664s] creating /home/intel/repo/d021rs-yolov5-ros2-subscription-node-limitationuk/install/peripherals/share/ament_index/resource_index/packages
[1.664s] symbolically linking /home/intel/repo/d021rs-yolov5-ros2-subscription-node-limitationuk/build/peripherals/resource/peripherals -> /home/intel/repo/d021rs-yolov5-ros2-subscription-node-limitationuk/install/peripherals/share/ament_index/resource_index/packages
[1.665s] symbolically linking /home/intel/repo/d021rs-yolov5-ros2-subscription-node-limitationuk/build/peripherals/package.xml -> /home/intel/repo/d021rs-yolov5-ros2-subscription-node-limitationuk/install/peripherals/share/peripherals
[1.665s] creating /home/intel/repo/d021rs-yolov5-ros2-subscription-node-limitationuk/install/peripherals/share/peripherals/launch
[1.665s] symbolically linking /home/intel/repo/d021rs-yolov5-ros2-subscription-node-limitationuk/build/peripherals/launch/joystick_control.launch.py -> /home/intel/repo/d021rs-yolov5-ros2-subscription-node-limitationuk/install/peripherals/share/peripherals/launch
[1.665s] symbolically linking /home/intel/repo/d021rs-yolov5-ros2-subscription-node-limitationuk/build/peripherals/launch/lidar_view.launch.py -> /home/intel/repo/d021rs-yolov5-ros2-subscription-node-limitationuk/install/peripherals/share/peripherals/launch
[1.665s] symbolically linking /home/intel/repo/d021rs-yolov5-ros2-subscription-node-limitationuk/build/peripherals/launch/imu_filter.launch.py -> /home/intel/repo/d021rs-yolov5-ros2-subscription-node-limitationuk/install/peripherals/share/peripherals/launch
[1.665s] symbolically linking /home/intel/repo/d021rs-yolov5-ros2-subscription-node-limitationuk/build/peripherals/launch/depth_camera.launch.py -> /home/intel/repo/d021rs-yolov5-ros2-subscription-node-limitationuk/install/peripherals/share/peripherals/launch
[1.665s] symbolically linking /home/intel/repo/d021rs-yolov5-ros2-subscription-node-limitationuk/build/peripherals/launch/teleop_key_control.launch.py -> /home/intel/repo/d021rs-yolov5-ros2-subscription-node-limitationuk/install/peripherals/share/peripherals/launch
[1.665s] symbolically linking /home/intel/repo/d021rs-yolov5-ros2-subscription-node-limitationuk/build/peripherals/launch/imu_view.launch.py -> /home/intel/repo/d021rs-yolov5-ros2-subscription-node-limitationuk/install/peripherals/share/peripherals/launch
[1.666s] symbolically linking /home/intel/repo/d021rs-yolov5-ros2-subscription-node-limitationuk/build/peripherals/launch/usb_cam.launch.py -> /home/intel/repo/d021rs-yolov5-ros2-subscription-node-limitationuk/install/peripherals/share/peripherals/launch
[1.666s] symbolically linking /home/intel/repo/d021rs-yolov5-ros2-subscription-node-limitationuk/build/peripherals/launch/lidar.launch.py -> /home/intel/repo/d021rs-yolov5-ros2-subscription-node-limitationuk/install/peripherals/share/peripherals/launch
[1.666s] creating /home/intel/repo/d021rs-yolov5-ros2-subscription-node-limitationuk/install/peripherals/share/peripherals/launch/include
[1.667s] symbolically linking /home/intel/repo/d021rs-yolov5-ros2-subscription-node-limitationuk/build/peripherals/launch/include/ldlidar_LD19.launch.py -> /home/intel/repo/d021rs-yolov5-ros2-subscription-node-limitationuk/install/peripherals/share/peripherals/launch/include
[1.667s] symbolically linking /home/intel/repo/d021rs-yolov5-ros2-subscription-node-limitationuk/build/peripherals/launch/include/hp60c_cp.launch.py -> /home/intel/repo/d021rs-yolov5-ros2-subscription-node-limitationuk/install/peripherals/share/peripherals/launch/include
[1.667s] symbolically linking /home/intel/repo/d021rs-yolov5-ros2-subscription-node-limitationuk/build/peripherals/launch/include/hp60c.launch.py -> /home/intel/repo/d021rs-yolov5-ros2-subscription-node-limitationuk/install/peripherals/share/peripherals/launch/include
[1.667s] symbolically linking /home/intel/repo/d021rs-yolov5-ros2-subscription-node-limitationuk/build/peripherals/launch/include/ydlidar_g4.launch.py -> /home/intel/repo/d021rs-yolov5-ros2-subscription-node-limitationuk/install/peripherals/share/peripherals/launch/include
[1.667s] symbolically linking /home/intel/repo/d021rs-yolov5-ros2-subscription-node-limitationuk/build/peripherals/launch/include/sllidar_a1.launch.py -> /home/intel/repo/d021rs-yolov5-ros2-subscription-node-limitationuk/install/peripherals/share/peripherals/launch/include
[1.667s] symbolically linking /home/intel/repo/d021rs-yolov5-ros2-subscription-node-limitationuk/build/peripherals/launch/include/ascamera.launch.py -> /home/intel/repo/d021rs-yolov5-ros2-subscription-node-limitationuk/install/peripherals/share/peripherals/launch/include
[1.667s] creating /home/intel/repo/d021rs-yolov5-ros2-subscription-node-limitationuk/install/peripherals/share/peripherals/config
[1.667s] symbolically linking /home/intel/repo/d021rs-yolov5-ros2-subscription-node-limitationuk/build/peripherals/config/lidar_filters_config_ld19.yaml -> /home/intel/repo/d021rs-yolov5-ros2-subscription-node-limitationuk/install/peripherals/share/peripherals/config
[1.667s] symbolically linking /home/intel/repo/d021rs-yolov5-ros2-subscription-node-limitationuk/build/peripherals/config/lidar_filters_config_a1.yaml -> /home/intel/repo/d021rs-yolov5-ros2-subscription-node-limitationuk/install/peripherals/share/peripherals/config
[1.667s] symbolically linking /home/intel/repo/d021rs-yolov5-ros2-subscription-node-limitationuk/build/peripherals/config/camera_info.yaml -> /home/intel/repo/d021rs-yolov5-ros2-subscription-node-limitationuk/install/peripherals/share/peripherals/config
[1.667s] symbolically linking /home/intel/repo/d021rs-yolov5-ros2-subscription-node-limitationuk/build/peripherals/config/lidar_filters_config_g4.yaml -> /home/intel/repo/d021rs-yolov5-ros2-subscription-node-limitationuk/install/peripherals/share/peripherals/config
[1.667s] symbolically linking /home/intel/repo/d021rs-yolov5-ros2-subscription-node-limitationuk/build/peripherals/config/lidar_filters_config_ld14p.yaml -> /home/intel/repo/d021rs-yolov5-ros2-subscription-node-limitationuk/install/peripherals/share/peripherals/config
[1.667s] symbolically linking /home/intel/repo/d021rs-yolov5-ros2-subscription-node-limitationuk/build/peripherals/config/usb_cam_param.yaml -> /home/intel/repo/d021rs-yolov5-ros2-subscription-node-limitationuk/install/peripherals/share/peripherals/config
[1.667s] creating /home/intel/repo/d021rs-yolov5-ros2-subscription-node-limitationuk/install/peripherals/share/peripherals/rviz
[1.667s] symbolically linking /home/intel/repo/d021rs-yolov5-ros2-subscription-node-limitationuk/build/peripherals/rviz/imu_view.rviz -> /home/intel/repo/d021rs-yolov5-ros2-subscription-node-limitationuk/install/peripherals/share/peripherals/rviz
[1.667s] symbolically linking /home/intel/repo/d021rs-yolov5-ros2-subscription-node-limitationuk/build/peripherals/rviz/lidar_view.rviz -> /home/intel/repo/d021rs-yolov5-ros2-subscription-node-limitationuk/install/peripherals/share/peripherals/rviz
[1.693s] Invoked command in '/home/intel/repo/d021rs-yolov5-ros2-subscription-node-limitationuk/build/peripherals' returned '0': DEBUGINFOD_URLS=https://debuginfod.ubuntu.com PYTHONPATH=/home/intel/repo/d021rs-yolov5-ros2-subscription-node-limitationuk/build/peripherals/prefix_override:/home/intel/repo/d021rs-yolov5-ros2-subscription-node-limitationuk/.venv/lib/python3.12/site-packages/colcon_core/task/python/colcon_distutils_commands:/home/intel/repo/d021rs-yolov5-ros2-subscription-node-limitationuk/install/peripherals/lib/python3.12/site-packages:${PYTHONPATH} VIRTUAL_ENV_PROMPT=(.venv) /home/intel/repo/d021rs-yolov5-ros2-subscription-node-limitationuk/.venv/bin/python3 -W ignore:setup.py install is deprecated -W ignore:easy_install command is deprecated setup.py develop --editable --build-directory /home/intel/repo/d021rs-yolov5-ros2-subscription-node-limitationuk/build/peripherals/build --no-deps symlink_data
