/home/intel/repo/d021rs-yolov5-ros2-subscription-node-limitationuk/.venv/lib/python3.12/site-packages/setuptools/_distutils/dist.py:289: UserWarning: Unknown distribution option: 'tests_require'
  warnings.warn(msg)
running develop
running egg_info
creating mentorpi_description.egg-info
writing mentorpi_description.egg-info/PKG-INFO
writing dependency_links to mentorpi_description.egg-info/dependency_links.txt
writing requirements to mentorpi_description.egg-info/requires.txt
writing top-level names to mentorpi_description.egg-info/top_level.txt
writing manifest file 'mentorpi_description.egg-info/SOURCES.txt'
reading manifest file 'mentorpi_description.egg-info/SOURCES.txt'
writing manifest file 'mentorpi_description.egg-info/SOURCES.txt'
running build_ext
Creating /home/intel/repo/d021rs-yolov5-ros2-subscription-node-limitationuk/install/mentorpi_description/lib/python3.12/site-packages/mentorpi-description.egg-link (link to .)

Installed /home/intel/repo/d021rs-yolov5-ros2-subscription-node-limitationuk/build/mentorpi_description
running symlink_data
creating /home/intel/repo/d021rs-yolov5-ros2-subscription-node-limitationuk/install/mentorpi_description/share/ament_index/resource_index/packages
symbolically linking /home/intel/repo/d021rs-yolov5-ros2-subscription-node-limitationuk/build/mentorpi_description/resource/mentorpi_description -> /home/intel/repo/d021rs-yolov5-ros2-subscription-node-limitationuk/install/mentorpi_description/share/ament_index/resource_index/packages
symbolically linking /home/intel/repo/d021rs-yolov5-ros2-subscription-node-limitationuk/build/mentorpi_description/package.xml -> /home/intel/repo/d021rs-yolov5-ros2-subscription-node-limitationuk/install/mentorpi_description/share/mentorpi_description
creating /home/intel/repo/d021rs-yolov5-ros2-subscription-node-limitationuk/install/mentorpi_description/share/mentorpi_description/launch
symbolically linking /home/intel/repo/d021rs-yolov5-ros2-subscription-node-limitationuk/build/mentorpi_description/launch/rviz.launch.py -> /home/intel/repo/d021rs-yolov5-ros2-subscription-node-limitationuk/install/mentorpi_description/share/mentorpi_description/launch
symbolically linking /home/intel/repo/d021rs-yolov5-ros2-subscription-node-limitationuk/build/mentorpi_description/launch/robot_description.launch.py -> /home/intel/repo/d021rs-yolov5-ros2-subscription-node-limitationuk/install/mentorpi_description/share/mentorpi_description/launch
symbolically linking /home/intel/repo/d021rs-yolov5-ros2-subscription-node-limitationuk/build/mentorpi_description/launch/display.launch.py -> /home/intel/repo/d021rs-yolov5-ros2-subscription-node-limitationuk/install/mentorpi_description/share/mentorpi_description/launch
creating /home/intel/repo/d021rs-yolov5-ros2-subscription-node-limitationuk/install/mentorpi_description/share/mentorpi_description/urdf
symbolically linking /home/intel/repo/d021rs-yolov5-ros2-subscription-node-limitationuk/build/mentorpi_description/urdf/lidar.urdf.xacro -> /home/intel/repo/d021rs-yolov5-ros2-subscription-node-limitationuk/install/mentorpi_description/share/mentorpi_description/urdf
symbolically linking /home/intel/repo/d021rs-yolov5-ros2-subscription-node-limitationuk/build/mentorpi_description/urdf/materials.xacro -> /home/intel/repo/d021rs-yolov5-ros2-subscription-node-limitationuk/install/mentorpi_description/share/mentorpi_description/urdf
symbolically linking /home/intel/repo/d021rs-yolov5-ros2-subscription-node-limitationuk/build/mentorpi_description/urdf/mentorpi.xacro -> /home/intel/repo/d021rs-yolov5-ros2-subscription-node-limitationuk/install/mentorpi_description/share/mentorpi_description/urdf
symbolically linking /home/intel/repo/d021rs-yolov5-ros2-subscription-node-limitationuk/build/mentorpi_description/urdf/imu.urdf.xacro -> /home/intel/repo/d021rs-yolov5-ros2-subscription-node-limitationuk/install/mentorpi_description/share/mentorpi_description/urdf
symbolically linking /home/intel/repo/d021rs-yolov5-ros2-subscription-node-limitationuk/build/mentorpi_description/urdf/inertial_matrix.xacro -> /home/intel/repo/d021rs-yolov5-ros2-subscription-node-limitationuk/install/mentorpi_description/share/mentorpi_description/urdf
symbolically linking /home/intel/repo/d021rs-yolov5-ros2-subscription-node-limitationuk/build/mentorpi_description/urdf/ack.xacro -> /home/intel/repo/d021rs-yolov5-ros2-subscription-node-limitationuk/install/mentorpi_description/share/mentorpi_description/urdf
symbolically linking /home/intel/repo/d021rs-yolov5-ros2-subscription-node-limitationuk/build/mentorpi_description/urdf/mecanum.xacro -> /home/intel/repo/d021rs-yolov5-ros2-subscription-node-limitationuk/install/mentorpi_description/share/mentorpi_description/urdf
creating /home/intel/repo/d021rs-yolov5-ros2-subscription-node-limitationuk/install/mentorpi_description/share/mentorpi_description/rviz
symbolically linking /home/intel/repo/d021rs-yolov5-ros2-subscription-node-limitationuk/build/mentorpi_description/rviz/view.rviz -> /home/intel/repo/d021rs-yolov5-ros2-subscription-node-limitationuk/install/mentorpi_description/share/mentorpi_description/rviz
creating /home/intel/repo/d021rs-yolov5-ros2-subscription-node-limitationuk/install/mentorpi_description/share/mentorpi_description/meshes/acker
symbolically linking /home/intel/repo/d021rs-yolov5-ros2-subscription-node-limitationuk/build/mentorpi_description/meshes/acker/base_link.STL -> /home/intel/repo/d021rs-yolov5-ros2-subscription-node-limitationuk/install/mentorpi_description/share/mentorpi_description/meshes/acker
symbolically linking /home/intel/repo/d021rs-yolov5-ros2-subscription-node-limitationuk/build/mentorpi_description/meshes/acker/lidar_Link.STL -> /home/intel/repo/d021rs-yolov5-ros2-subscription-node-limitationuk/install/mentorpi_description/share/mentorpi_description/meshes/acker
symbolically linking /home/intel/repo/d021rs-yolov5-ros2-subscription-node-limitationuk/build/mentorpi_description/meshes/acker/wheel_rb_Link.STL -> /home/intel/repo/d021rs-yolov5-ros2-subscription-node-limitationuk/install/mentorpi_description/share/mentorpi_description/meshes/acker
symbolically linking /home/intel/repo/d021rs-yolov5-ros2-subscription-node-limitationuk/build/mentorpi_description/meshes/acker/wheel_lf_Link.STL -> /home/intel/repo/d021rs-yolov5-ros2-subscription-node-limitationuk/install/mentorpi_description/share/mentorpi_description/meshes/acker
symbolically linking /home/intel/repo/d021rs-yolov5-ros2-subscription-node-limitationuk/build/mentorpi_description/meshes/acker/wheel_rf_Link.STL -> /home/intel/repo/d021rs-yolov5-ros2-subscription-node-limitationuk/install/mentorpi_description/share/mentorpi_description/meshes/acker
symbolically linking /home/intel/repo/d021rs-yolov5-ros2-subscription-node-limitationuk/build/mentorpi_description/meshes/acker/wheel_lb_Link.STL -> /home/intel/repo/d021rs-yolov5-ros2-subscription-node-limitationuk/install/mentorpi_description/share/mentorpi_description/meshes/acker
symbolically linking /home/intel/repo/d021rs-yolov5-ros2-subscription-node-limitationuk/build/mentorpi_description/meshes/acker/imu_link.stl -> /home/intel/repo/d021rs-yolov5-ros2-subscription-node-limitationuk/install/mentorpi_description/share/mentorpi_description/meshes/acker
symbolically linking /home/intel/repo/d021rs-yolov5-ros2-subscription-node-limitationuk/build/mentorpi_description/meshes/acker/cam_Link.STL -> /home/intel/repo/d021rs-yolov5-ros2-subscription-node-limitationuk/install/mentorpi_description/share/mentorpi_description/meshes/acker
creating /home/intel/repo/d021rs-yolov5-ros2-subscription-node-limitationuk/install/mentorpi_description/share/mentorpi_description/meshes/mecanum
symbolically linking /home/intel/repo/d021rs-yolov5-ros2-subscription-node-limitationuk/build/mentorpi_description/meshes/mecanum/base_link.STL -> /home/intel/repo/d021rs-yolov5-ros2-subscription-node-limitationuk/install/mentorpi_description/share/mentorpi_description/meshes/mecanum
symbolically linking /home/intel/repo/d021rs-yolov5-ros2-subscription-node-limitationuk/build/mentorpi_description/meshes/mecanum/lidar_Link.STL -> /home/intel/repo/d021rs-yolov5-ros2-subscription-node-limitationuk/install/mentorpi_description/share/mentorpi_description/meshes/mecanum
symbolically linking /home/intel/repo/d021rs-yolov5-ros2-subscription-node-limitationuk/build/mentorpi_description/meshes/mecanum/wheel_rb_Link.STL -> /home/intel/repo/d021rs-yolov5-ros2-subscription-node-limitationuk/install/mentorpi_description/share/mentorpi_description/meshes/mecanum
symbolically linking /home/intel/repo/d021rs-yolov5-ros2-subscription-node-limitationuk/build/mentorpi_description/meshes/mecanum/wheel_lf_Link.STL -> /home/intel/repo/d021rs-yolov5-ros2-subscription-node-limitationuk/install/mentorpi_description/share/mentorpi_description/meshes/mecanum
symbolically linking /home/intel/repo/d021rs-yolov5-ros2-subscription-node-limitationuk/build/mentorpi_description/meshes/mecanum/wheel_rf_Link.STL -> /home/intel/repo/d021rs-yolov5-ros2-subscription-node-limitationuk/install/mentorpi_description/share/mentorpi_description/meshes/mecanum
symbolically linking /home/intel/repo/d021rs-yolov5-ros2-subscription-node-limitationuk/build/mentorpi_description/meshes/mecanum/wheel_lb_Link.STL -> /home/intel/repo/d021rs-yolov5-ros2-subscription-node-limitationuk/install/mentorpi_description/share/mentorpi_description/meshes/mecanum
symbolically linking /home/intel/repo/d021rs-yolov5-ros2-subscription-node-limitationuk/build/mentorpi_description/meshes/mecanum/cam_Link.STL -> /home/intel/repo/d021rs-yolov5-ros2-subscription-node-limitationuk/install/mentorpi_description/share/mentorpi_description/meshes/mecanum
