[1.417s] Invoking command in '/home/intel/repo/d021rs-yolov5-ros2-subscription-node-limitationuk/build/mentorpi_description': DEBUGINFOD_URLS=https://debuginfod.ubuntu.com PYTHONPATH=/home/intel/repo/d021rs-yolov5-ros2-subscription-node-limitationuk/build/mentorpi_description/prefix_override:/home/intel/repo/d021rs-yolov5-ros2-subscription-node-limitationuk/.venv/lib/python3.12/site-packages/colcon_core/task/python/colcon_distutils_commands:/home/intel/repo/d021rs-yolov5-ros2-subscription-node-limitationuk/install/mentorpi_description/lib/python3.12/site-packages:${PYTHONPATH} VIRTUAL_ENV_PROMPT=(.venv) /home/intel/repo/d021rs-yolov5-ros2-subscription-node-limitationuk/.venv/bin/python3 -W ignore:setup.py install is deprecated -W ignore:easy_install command is deprecated setup.py develop --editable --build-directory /home/intel/repo/d021rs-yolov5-ros2-subscription-node-limitationuk/build/mentorpi_description/build --no-deps symlink_data
[1.525s] /home/intel/repo/d021rs-yolov5-ros2-subscription-node-limitationuk/.venv/lib/python3.12/site-packages/setuptools/_distutils/dist.py:289: UserWarning: Unknown distribution option: 'tests_require'
[1.525s]   warnings.warn(msg)
[1.585s] running develop
[1.658s] running egg_info
[1.666s] creating mentorpi_description.egg-info
[1.666s] writing mentorpi_description.egg-info/PKG-INFO
[1.666s] writing dependency_links to mentorpi_description.egg-info/dependency_links.txt
[1.666s] writing requirements to mentorpi_description.egg-info/requires.txt
[1.666s] writing top-level names to mentorpi_description.egg-info/top_level.txt
[1.666s] writing manifest file 'mentorpi_description.egg-info/SOURCES.txt'
[1.682s] reading manifest file 'mentorpi_description.egg-info/SOURCES.txt'
[1.683s] writing manifest file 'mentorpi_description.egg-info/SOURCES.txt'
[1.691s] running build_ext
[1.691s] Creating /home/intel/repo/d021rs-yolov5-ros2-subscription-node-limitationuk/install/mentorpi_description/lib/python3.12/site-packages/mentorpi-description.egg-link (link to .)
[1.692s] 
[1.692s] Installed /home/intel/repo/d021rs-yolov5-ros2-subscription-node-limitationuk/build/mentorpi_description
[1.692s] running symlink_data
[1.692s] creating /home/intel/repo/d021rs-yolov5-ros2-subscription-node-limitationuk/install/mentorpi_description/share/ament_index/resource_index/packages
[1.692s] symbolically linking /home/intel/repo/d021rs-yolov5-ros2-subscription-node-limitationuk/build/mentorpi_description/resource/mentorpi_description -> /home/intel/repo/d021rs-yolov5-ros2-subscription-node-limitationuk/install/mentorpi_description/share/ament_index/resource_index/packages
[1.692s] symbolically linking /home/intel/repo/d021rs-yolov5-ros2-subscription-node-limitationuk/build/mentorpi_description/package.xml -> /home/intel/repo/d021rs-yolov5-ros2-subscription-node-limitationuk/install/mentorpi_description/share/mentorpi_description
[1.692s] creating /home/intel/repo/d021rs-yolov5-ros2-subscription-node-limitationuk/install/mentorpi_description/share/mentorpi_description/launch
[1.692s] symbolically linking /home/intel/repo/d021rs-yolov5-ros2-subscription-node-limitationuk/build/mentorpi_description/launch/rviz.launch.py -> /home/intel/repo/d021rs-yolov5-ros2-subscription-node-limitationuk/install/mentorpi_description/share/mentorpi_description/launch
[1.692s] symbolically linking /home/intel/repo/d021rs-yolov5-ros2-subscription-node-limitationuk/build/mentorpi_description/launch/robot_description.launch.py -> /home/intel/repo/d021rs-yolov5-ros2-subscription-node-limitationuk/install/mentorpi_description/share/mentorpi_description/launch
[1.692s] symbolically linking /home/intel/repo/d021rs-yolov5-ros2-subscription-node-limitationuk/build/mentorpi_description/launch/display.launch.py -> /home/intel/repo/d021rs-yolov5-ros2-subscription-node-limitationuk/install/mentorpi_description/share/mentorpi_description/launch
[1.692s] creating /home/intel/repo/d021rs-yolov5-ros2-subscription-node-limitationuk/install/mentorpi_description/share/mentorpi_description/urdf
[1.692s] symbolically linking /home/intel/repo/d021rs-yolov5-ros2-subscription-node-limitationuk/build/mentorpi_description/urdf/lidar.urdf.xacro -> /home/intel/repo/d021rs-yolov5-ros2-subscription-node-limitationuk/install/mentorpi_description/share/mentorpi_description/urdf
[1.692s] symbolically linking /home/intel/repo/d021rs-yolov5-ros2-subscription-node-limitationuk/build/mentorpi_description/urdf/materials.xacro -> /home/intel/repo/d021rs-yolov5-ros2-subscription-node-limitationuk/install/mentorpi_description/share/mentorpi_description/urdf
[1.693s] symbolically linking /home/intel/repo/d021rs-yolov5-ros2-subscription-node-limitationuk/build/mentorpi_description/urdf/mentorpi.xacro -> /home/intel/repo/d021rs-yolov5-ros2-subscription-node-limitationuk/install/mentorpi_description/share/mentorpi_description/urdf
[1.693s] symbolically linking /home/intel/repo/d021rs-yolov5-ros2-subscription-node-limitationuk/build/mentorpi_description/urdf/imu.urdf.xacro -> /home/intel/repo/d021rs-yolov5-ros2-subscription-node-limitationuk/install/mentorpi_description/share/mentorpi_description/urdf
[1.693s] symbolically linking /home/intel/repo/d021rs-yolov5-ros2-subscription-node-limitationuk/build/mentorpi_description/urdf/inertial_matrix.xacro -> /home/intel/repo/d021rs-yolov5-ros2-subscription-node-limitationuk/install/mentorpi_description/share/mentorpi_description/urdf
[1.693s] symbolically linking /home/intel/repo/d021rs-yolov5-ros2-subscription-node-limitationuk/build/mentorpi_description/urdf/ack.xacro -> /home/intel/repo/d021rs-yolov5-ros2-subscription-node-limitationuk/install/mentorpi_description/share/mentorpi_description/urdf
[1.693s] symbolically linking /home/intel/repo/d021rs-yolov5-ros2-subscription-node-limitationuk/build/mentorpi_description/urdf/mecanum.xacro -> /home/intel/repo/d021rs-yolov5-ros2-subscription-node-limitationuk/install/mentorpi_description/share/mentorpi_description/urdf
[1.701s] creating /home/intel/repo/d021rs-yolov5-ros2-subscription-node-limitationuk/install/mentorpi_description/share/mentorpi_description/rviz
[1.702s] symbolically linking /home/intel/repo/d021rs-yolov5-ros2-subscription-node-limitationuk/build/mentorpi_description/rviz/view.rviz -> /home/intel/repo/d021rs-yolov5-ros2-subscription-node-limitationuk/install/mentorpi_description/share/mentorpi_description/rviz
[1.702s] creating /home/intel/repo/d021rs-yolov5-ros2-subscription-node-limitationuk/install/mentorpi_description/share/mentorpi_description/meshes/acker
[1.702s] symbolically linking /home/intel/repo/d021rs-yolov5-ros2-subscription-node-limitationuk/build/mentorpi_description/meshes/acker/base_link.STL -> /home/intel/repo/d021rs-yolov5-ros2-subscription-node-limitationuk/install/mentorpi_description/share/mentorpi_description/meshes/acker
[1.702s] symbolically linking /home/intel/repo/d021rs-yolov5-ros2-subscription-node-limitationuk/build/mentorpi_description/meshes/acker/lidar_Link.STL -> /home/intel/repo/d021rs-yolov5-ros2-subscription-node-limitationuk/install/mentorpi_description/share/mentorpi_description/meshes/acker
[1.702s] symbolically linking /home/intel/repo/d021rs-yolov5-ros2-subscription-node-limitationuk/build/mentorpi_description/meshes/acker/wheel_rb_Link.STL -> /home/intel/repo/d021rs-yolov5-ros2-subscription-node-limitationuk/install/mentorpi_description/share/mentorpi_description/meshes/acker
[1.702s] symbolically linking /home/intel/repo/d021rs-yolov5-ros2-subscription-node-limitationuk/build/mentorpi_description/meshes/acker/wheel_lf_Link.STL -> /home/intel/repo/d021rs-yolov5-ros2-subscription-node-limitationuk/install/mentorpi_description/share/mentorpi_description/meshes/acker
[1.702s] symbolically linking /home/intel/repo/d021rs-yolov5-ros2-subscription-node-limitationuk/build/mentorpi_description/meshes/acker/wheel_rf_Link.STL -> /home/intel/repo/d021rs-yolov5-ros2-subscription-node-limitationuk/install/mentorpi_description/share/mentorpi_description/meshes/acker
[1.702s] symbolically linking /home/intel/repo/d021rs-yolov5-ros2-subscription-node-limitationuk/build/mentorpi_description/meshes/acker/wheel_lb_Link.STL -> /home/intel/repo/d021rs-yolov5-ros2-subscription-node-limitationuk/install/mentorpi_description/share/mentorpi_description/meshes/acker
[1.702s] symbolically linking /home/intel/repo/d021rs-yolov5-ros2-subscription-node-limitationuk/build/mentorpi_description/meshes/acker/imu_link.stl -> /home/intel/repo/d021rs-yolov5-ros2-subscription-node-limitationuk/install/mentorpi_description/share/mentorpi_description/meshes/acker
[1.702s] symbolically linking /home/intel/repo/d021rs-yolov5-ros2-subscription-node-limitationuk/build/mentorpi_description/meshes/acker/cam_Link.STL -> /home/intel/repo/d021rs-yolov5-ros2-subscription-node-limitationuk/install/mentorpi_description/share/mentorpi_description/meshes/acker
[1.702s] creating /home/intel/repo/d021rs-yolov5-ros2-subscription-node-limitationuk/install/mentorpi_description/share/mentorpi_description/meshes/mecanum
[1.702s] symbolically linking /home/intel/repo/d021rs-yolov5-ros2-subscription-node-limitationuk/build/mentorpi_description/meshes/mecanum/base_link.STL -> /home/intel/repo/d021rs-yolov5-ros2-subscription-node-limitationuk/install/mentorpi_description/share/mentorpi_description/meshes/mecanum
[1.702s] symbolically linking /home/intel/repo/d021rs-yolov5-ros2-subscription-node-limitationuk/build/mentorpi_description/meshes/mecanum/lidar_Link.STL -> /home/intel/repo/d021rs-yolov5-ros2-subscription-node-limitationuk/install/mentorpi_description/share/mentorpi_description/meshes/mecanum
[1.702s] symbolically linking /home/intel/repo/d021rs-yolov5-ros2-subscription-node-limitationuk/build/mentorpi_description/meshes/mecanum/wheel_rb_Link.STL -> /home/intel/repo/d021rs-yolov5-ros2-subscription-node-limitationuk/install/mentorpi_description/share/mentorpi_description/meshes/mecanum
[1.702s] symbolically linking /home/intel/repo/d021rs-yolov5-ros2-subscription-node-limitationuk/build/mentorpi_description/meshes/mecanum/wheel_lf_Link.STL -> /home/intel/repo/d021rs-yolov5-ros2-subscription-node-limitationuk/install/mentorpi_description/share/mentorpi_description/meshes/mecanum
[1.702s] symbolically linking /home/intel/repo/d021rs-yolov5-ros2-subscription-node-limitationuk/build/mentorpi_description/meshes/mecanum/wheel_rf_Link.STL -> /home/intel/repo/d021rs-yolov5-ros2-subscription-node-limitationuk/install/mentorpi_description/share/mentorpi_description/meshes/mecanum
[1.702s] symbolically linking /home/intel/repo/d021rs-yolov5-ros2-subscription-node-limitationuk/build/mentorpi_description/meshes/mecanum/wheel_lb_Link.STL -> /home/intel/repo/d021rs-yolov5-ros2-subscription-node-limitationuk/install/mentorpi_description/share/mentorpi_description/meshes/mecanum
[1.702s] symbolically linking /home/intel/repo/d021rs-yolov5-ros2-subscription-node-limitationuk/build/mentorpi_description/meshes/mecanum/cam_Link.STL -> /home/intel/repo/d021rs-yolov5-ros2-subscription-node-limitationuk/install/mentorpi_description/share/mentorpi_description/meshes/mecanum
[1.713s] Invoked command in '/home/intel/repo/d021rs-yolov5-ros2-subscription-node-limitationuk/build/mentorpi_description' returned '0': DEBUGINFOD_URLS=https://debuginfod.ubuntu.com PYTHONPATH=/home/intel/repo/d021rs-yolov5-ros2-subscription-node-limitationuk/build/mentorpi_description/prefix_override:/home/intel/repo/d021rs-yolov5-ros2-subscription-node-limitationuk/.venv/lib/python3.12/site-packages/colcon_core/task/python/colcon_distutils_commands:/home/intel/repo/d021rs-yolov5-ros2-subscription-node-limitationuk/install/mentorpi_description/lib/python3.12/site-packages:${PYTHONPATH} VIRTUAL_ENV_PROMPT=(.venv) /home/intel/repo/d021rs-yolov5-ros2-subscription-node-limitationuk/.venv/bin/python3 -W ignore:setup.py install is deprecated -W ignore:easy_install command is deprecated setup.py develop --editable --build-directory /home/intel/repo/d021rs-yolov5-ros2-subscription-node-limitationuk/build/mentorpi_description/build --no-deps symlink_data
