[1.770s] Invoking command in '/home/intel/repo/d021rs-yolov5-ros2-subscription-node-limitationuk/build/calibration': DEBUGINFOD_URLS=https://debuginfod.ubuntu.com PYTHONPATH=/home/intel/repo/d021rs-yolov5-ros2-subscription-node-limitationuk/build/calibration/prefix_override:/home/intel/repo/d021rs-yolov5-ros2-subscription-node-limitationuk/.venv/lib/python3.12/site-packages/colcon_core/task/python/colcon_distutils_commands:/home/intel/repo/d021rs-yolov5-ros2-subscription-node-limitationuk/install/calibration/lib/python3.12/site-packages:${PYTHONPATH} VIRTUAL_ENV_PROMPT=(.venv) /home/intel/repo/d021rs-yolov5-ros2-subscription-node-limitationuk/.venv/bin/python3 -W ignore:setup.py install is deprecated -W ignore:easy_install command is deprecated setup.py develop --editable --build-directory /home/intel/repo/d021rs-yolov5-ros2-subscription-node-limitationuk/build/calibration/build --no-deps symlink_data
[1.933s] /home/intel/repo/d021rs-yolov5-ros2-subscription-node-limitationuk/.venv/lib/python3.12/site-packages/setuptools/_distutils/dist.py:289: UserWarning: Unknown distribution option: 'tests_require'
[1.933s]   warnings.warn(msg)
[1.999s] running develop
[2.071s] running egg_info
[2.079s] writing calibration.egg-info/PKG-INFO
[2.080s] writing dependency_links to calibration.egg-info/dependency_links.txt
[2.081s] writing entry points to calibration.egg-info/entry_points.txt
[2.081s] writing requirements to calibration.egg-info/requires.txt
[2.081s] writing top-level names to calibration.egg-info/top_level.txt
[2.104s] reading manifest file 'calibration.egg-info/SOURCES.txt'
[2.105s] writing manifest file 'calibration.egg-info/SOURCES.txt'
[2.117s] running build_ext
[2.117s] Creating /home/intel/repo/d021rs-yolov5-ros2-subscription-node-limitationuk/install/calibration/lib/python3.12/site-packages/calibration.egg-link (link to .)
[2.118s] Installing calibrate_angular script to /home/intel/repo/d021rs-yolov5-ros2-subscription-node-limitationuk/install/calibration/lib/calibration
[2.118s] Installing calibrate_linear script to /home/intel/repo/d021rs-yolov5-ros2-subscription-node-limitationuk/install/calibration/lib/calibration
[2.119s] 
[2.119s] Installed /home/intel/repo/d021rs-yolov5-ros2-subscription-node-limitationuk/build/calibration
[2.119s] running symlink_data
[2.137s] Invoked command in '/home/intel/repo/d021rs-yolov5-ros2-subscription-node-limitationuk/build/calibration' returned '0': DEBUGINFOD_URLS=https://debuginfod.ubuntu.com PYTHONPATH=/home/intel/repo/d021rs-yolov5-ros2-subscription-node-limitationuk/build/calibration/prefix_override:/home/intel/repo/d021rs-yolov5-ros2-subscription-node-limitationuk/.venv/lib/python3.12/site-packages/colcon_core/task/python/colcon_distutils_commands:/home/intel/repo/d021rs-yolov5-ros2-subscription-node-limitationuk/install/calibration/lib/python3.12/site-packages:${PYTHONPATH} VIRTUAL_ENV_PROMPT=(.venv) /home/intel/repo/d021rs-yolov5-ros2-subscription-node-limitationuk/.venv/bin/python3 -W ignore:setup.py install is deprecated -W ignore:easy_install command is deprecated setup.py develop --editable --build-directory /home/intel/repo/d021rs-yolov5-ros2-subscription-node-limitationuk/build/calibration/build --no-deps symlink_data
