[0.705s] Invoking command in '/home/intel/repo/d021rs-yolov5-ros2-subscription-node-limitationuk/build/yolosub': DEBUGINFOD_URLS=https://debuginfod.ubuntu.com PYTHONPATH=/home/intel/repo/d021rs-yolov5-ros2-subscription-node-limitationuk/build/yolosub/prefix_override:/home/intel/repo/d021rs-yolov5-ros2-subscription-node-limitationuk/.venv/lib/python3.12/site-packages/colcon_core/task/python/colcon_distutils_commands:/home/intel/repo/d021rs-yolov5-ros2-subscription-node-limitationuk/install/yolosub/lib/python3.12/site-packages:${PYTHONPATH} VIRTUAL_ENV_PROMPT=(.venv) /home/intel/repo/d021rs-yolov5-ros2-subscription-node-limitationuk/.venv/bin/python3 -W ignore:setup.py install is deprecated -W ignore:easy_install command is deprecated setup.py develop --editable --build-directory /home/intel/repo/d021rs-yolov5-ros2-subscription-node-limitationuk/build/yolosub/build --no-deps symlink_data
[0.794s] /home/intel/repo/d021rs-yolov5-ros2-subscription-node-limitationuk/.venv/lib/python3.12/site-packages/setuptools/_distutils/dist.py:289: UserWarning: Unknown distribution option: 'tests_require'
[0.794s]   warnings.warn(msg)
[0.853s] running develop
[0.924s] running egg_info
[0.932s] creating yolosub.egg-info
[0.932s] writing yolosub.egg-info/PKG-INFO
[0.932s] writing dependency_links to yolosub.egg-info/dependency_links.txt
[0.932s] writing entry points to yolosub.egg-info/entry_points.txt
[0.932s] writing requirements to yolosub.egg-info/requires.txt
[0.933s] writing top-level names to yolosub.egg-info/top_level.txt
[0.933s] writing manifest file 'yolosub.egg-info/SOURCES.txt'
[0.948s] reading manifest file 'yolosub.egg-info/SOURCES.txt'
[0.949s] writing manifest file 'yolosub.egg-info/SOURCES.txt'
[0.957s] running build_ext
[0.957s] Creating /home/intel/repo/d021rs-yolov5-ros2-subscription-node-limitationuk/install/yolosub/lib/python3.12/site-packages/yolosub.egg-link (link to .)
[0.958s] Installing subscribe script to /home/intel/repo/d021rs-yolov5-ros2-subscription-node-limitationuk/install/yolosub/lib/yolosub
[0.958s] 
[0.958s] Installed /home/intel/repo/d021rs-yolov5-ros2-subscription-node-limitationuk/build/yolosub
[0.958s] running symlink_data
[0.958s] creating /home/intel/repo/d021rs-yolov5-ros2-subscription-node-limitationuk/install/yolosub/share/ament_index/resource_index/packages
[0.958s] symbolically linking /home/intel/repo/d021rs-yolov5-ros2-subscription-node-limitationuk/build/yolosub/resource/yolosub -> /home/intel/repo/d021rs-yolov5-ros2-subscription-node-limitationuk/install/yolosub/share/ament_index/resource_index/packages
[0.958s] symbolically linking /home/intel/repo/d021rs-yolov5-ros2-subscription-node-limitationuk/build/yolosub/package.xml -> /home/intel/repo/d021rs-yolov5-ros2-subscription-node-limitationuk/install/yolosub/share/yolosub
[0.983s] Invoked command in '/home/intel/repo/d021rs-yolov5-ros2-subscription-node-limitationuk/build/yolosub' returned '0': DEBUGINFOD_URLS=https://debuginfod.ubuntu.com PYTHONPATH=/home/intel/repo/d021rs-yolov5-ros2-subscription-node-limitationuk/build/yolosub/prefix_override:/home/intel/repo/d021rs-yolov5-ros2-subscription-node-limitationuk/.venv/lib/python3.12/site-packages/colcon_core/task/python/colcon_distutils_commands:/home/intel/repo/d021rs-yolov5-ros2-subscription-node-limitationuk/install/yolosub/lib/python3.12/site-packages:${PYTHONPATH} VIRTUAL_ENV_PROMPT=(.venv) /home/intel/repo/d021rs-yolov5-ros2-subscription-node-limitationuk/.venv/bin/python3 -W ignore:setup.py install is deprecated -W ignore:easy_install command is deprecated setup.py develop --editable --build-directory /home/intel/repo/d021rs-yolov5-ros2-subscription-node-limitationuk/build/yolosub/build --no-deps symlink_data
