running develop
running egg_info
creating controller.egg-info
writing controller.egg-info/PKG-INFO
writing dependency_links to controller.egg-info/dependency_links.txt
writing entry points to controller.egg-info/entry_points.txt
writing requirements to controller.egg-info/requires.txt
writing top-level names to controller.egg-info/top_level.txt
writing manifest file 'controller.egg-info/SOURCES.txt'
reading manifest file 'controller.egg-info/SOURCES.txt'
writing manifest file 'controller.egg-info/SOURCES.txt'
running build_ext
Creating /home/intel/repo/d021rs-yolov5-ros2-subscription-node-limitationuk/install/controller/lib/python3.12/site-packages/controller.egg-link (link to .)
Installing init_pose script to /home/intel/repo/d021rs-yolov5-ros2-subscription-node-limitationuk/install/controller/lib/controller
Installing odom_publisher script to /home/intel/repo/d021rs-yolov5-ros2-subscription-node-limitationuk/install/controller/lib/controller

Installed /home/intel/repo/d021rs-yolov5-ros2-subscription-node-limitationuk/build/controller
running symlink_data
creating /home/intel/repo/d021rs-yolov5-ros2-subscription-node-limitationuk/install/controller/share/ament_index/resource_index/packages
symbolically linking /home/intel/repo/d021rs-yolov5-ros2-subscription-node-limitationuk/build/controller/resource/controller -> /home/intel/repo/d021rs-yolov5-ros2-subscription-node-limitationuk/install/controller/share/ament_index/resource_index/packages
symbolically linking /home/intel/repo/d021rs-yolov5-ros2-subscription-node-limitationuk/build/controller/package.xml -> /home/intel/repo/d021rs-yolov5-ros2-subscription-node-limitationuk/install/controller/share/controller
creating /home/intel/repo/d021rs-yolov5-ros2-subscription-node-limitationuk/install/controller/share/controller/launch
symbolically linking /home/intel/repo/d021rs-yolov5-ros2-subscription-node-limitationuk/build/controller/launch/controller.launch.py -> /home/intel/repo/d021rs-yolov5-ros2-subscription-node-limitationuk/install/controller/share/controller/launch
symbolically linking /home/intel/repo/d021rs-yolov5-ros2-subscription-node-limitationuk/build/controller/launch/rf2o_laser_odometry.launch.py -> /home/intel/repo/d021rs-yolov5-ros2-subscription-node-limitationuk/install/controller/share/controller/launch
symbolically linking /home/intel/repo/d021rs-yolov5-ros2-subscription-node-limitationuk/build/controller/launch/odom_publisher.launch.py -> /home/intel/repo/d021rs-yolov5-ros2-subscription-node-limitationuk/install/controller/share/controller/launch
symbolically linking /home/intel/repo/d021rs-yolov5-ros2-subscription-node-limitationuk/build/controller/launch/init_pose.launch.py -> /home/intel/repo/d021rs-yolov5-ros2-subscription-node-limitationuk/install/controller/share/controller/launch
creating /home/intel/repo/d021rs-yolov5-ros2-subscription-node-limitationuk/install/controller/share/controller/config
symbolically linking /home/intel/repo/d021rs-yolov5-ros2-subscription-node-limitationuk/build/controller/config/ekf.yaml -> /home/intel/repo/d021rs-yolov5-ros2-subscription-node-limitationuk/install/controller/share/controller/config
symbolically linking /home/intel/repo/d021rs-yolov5-ros2-subscription-node-limitationuk/build/controller/config/calibrate_params.yaml -> /home/intel/repo/d021rs-yolov5-ros2-subscription-node-limitationuk/install/controller/share/controller/config
symbolically linking /home/intel/repo/d021rs-yolov5-ros2-subscription-node-limitationuk/build/controller/config/init_pose.yaml -> /home/intel/repo/d021rs-yolov5-ros2-subscription-node-limitationuk/install/controller/share/controller/config
