[  0%] Built target interfaces__rosidl_generator_type_description
[  0%] Built target ament_cmake_python_symlink_interfaces
[ 28%] Built target interfaces__rosidl_generator_c
running egg_info
writing interfaces.egg-info/PKG-INFO
writing dependency_links to interfaces.egg-info/dependency_links.txt
writing top-level names to interfaces.egg-info/top_level.txt
reading manifest file 'interfaces.egg-info/SOURCES.txt'
writing manifest file 'interfaces.egg-info/SOURCES.txt'
[ 28%] Built target ament_cmake_python_build_interfaces_egg
[ 38%] Built target interfaces__rosidl_typesupport_c
[ 47%] Built target interfaces__rosidl_typesupport_introspection_c
[ 57%] Built target interfaces__rosidl_typesupport_fastrtps_c
[ 57%] Built target interfaces__cpp
[ 67%] Built target interfaces__rosidl_typesupport_cpp
[ 77%] Built target interfaces__rosidl_typesupport_introspection_cpp
[ 87%] Built target interfaces__rosidl_typesupport_fastrtps_cpp
[ 87%] Built target interfaces
[ 87%] Built target interfaces__py
[ 97%] Built target interfaces__rosidl_generator_py
[ 98%] Built target interfaces_s__rosidl_typesupport_fastrtps_c
[ 99%] Built target interfaces_s__rosidl_typesupport_c
[100%] Built target interfaces_s__rosidl_typesupport_introspection_c
-- Install configuration: ""
-- Execute custom install script
-- Up-to-date symlink: /home/intel/repo/d021rs-yolov5-ros2-subscription-node-limitationuk/install/interfaces/share/ament_index/resource_index/rosidl_interfaces/interfaces
-- Up-to-date symlink: /home/intel/repo/d021rs-yolov5-ros2-subscription-node-limitationuk/install/interfaces/share/interfaces/msg/ColorDetect.json
-- Up-to-date symlink: /home/intel/repo/d021rs-yolov5-ros2-subscription-node-limitationuk/install/interfaces/share/interfaces/msg/ColorInfo.json
-- Up-to-date symlink: /home/intel/repo/d021rs-yolov5-ros2-subscription-node-limitationuk/install/interfaces/share/interfaces/msg/ColorsInfo.json
-- Up-to-date symlink: /home/intel/repo/d021rs-yolov5-ros2-subscription-node-limitationuk/install/interfaces/share/interfaces/msg/LineROI.json
-- Up-to-date symlink: /home/intel/repo/d021rs-yolov5-ros2-subscription-node-limitationuk/install/interfaces/share/interfaces/msg/ObjectInfo.json
-- Up-to-date symlink: /home/intel/repo/d021rs-yolov5-ros2-subscription-node-limitationuk/install/interfaces/share/interfaces/msg/ObjectsInfo.json
-- Up-to-date symlink: /home/intel/repo/d021rs-yolov5-ros2-subscription-node-limitationuk/install/interfaces/share/interfaces/msg/PixelPosition.json
-- Up-to-date symlink: /home/intel/repo/d021rs-yolov5-ros2-subscription-node-limitationuk/install/interfaces/share/interfaces/msg/Point2D.json
-- Up-to-date symlink: /home/intel/repo/d021rs-yolov5-ros2-subscription-node-limitationuk/install/interfaces/share/interfaces/msg/Points.json
-- Up-to-date symlink: /home/intel/repo/d021rs-yolov5-ros2-subscription-node-limitationuk/install/interfaces/share/interfaces/msg/Pose2D.json
-- Up-to-date symlink: /home/intel/repo/d021rs-yolov5-ros2-subscription-node-limitationuk/install/interfaces/share/interfaces/msg/ROI.json
-- Up-to-date symlink: /home/intel/repo/d021rs-yolov5-ros2-subscription-node-limitationuk/install/interfaces/share/interfaces/srv/GetPose.json
-- Up-to-date symlink: /home/intel/repo/d021rs-yolov5-ros2-subscription-node-limitationuk/install/interfaces/share/interfaces/srv/SetCircleROI.json
-- Up-to-date symlink: /home/intel/repo/d021rs-yolov5-ros2-subscription-node-limitationuk/install/interfaces/share/interfaces/srv/SetColorDetectParam.json
-- Up-to-date symlink: /home/intel/repo/d021rs-yolov5-ros2-subscription-node-limitationuk/install/interfaces/share/interfaces/srv/SetColorRGBA.json
-- Up-to-date symlink: /home/intel/repo/d021rs-yolov5-ros2-subscription-node-limitationuk/install/interfaces/share/interfaces/srv/SetFloat64List.json
-- Up-to-date symlink: /home/intel/repo/d021rs-yolov5-ros2-subscription-node-limitationuk/install/interfaces/share/interfaces/srv/SetFloat64.json
-- Up-to-date symlink: /home/intel/repo/d021rs-yolov5-ros2-subscription-node-limitationuk/install/interfaces/share/interfaces/srv/SetInt64.json
-- Up-to-date symlink: /home/intel/repo/d021rs-yolov5-ros2-subscription-node-limitationuk/install/interfaces/share/interfaces/srv/SetLineROI.json
-- Up-to-date symlink: /home/intel/repo/d021rs-yolov5-ros2-subscription-node-limitationuk/install/interfaces/share/interfaces/srv/SetPoint.json
-- Up-to-date symlink: /home/intel/repo/d021rs-yolov5-ros2-subscription-node-limitationuk/install/interfaces/share/interfaces/srv/SetPose2D.json
-- Up-to-date symlink: /home/intel/repo/d021rs-yolov5-ros2-subscription-node-limitationuk/install/interfaces/share/interfaces/srv/SetPose.json
-- Up-to-date symlink: /home/intel/repo/d021rs-yolov5-ros2-subscription-node-limitationuk/install/interfaces/share/interfaces/srv/SetStringList.json
-- Up-to-date symlink: /home/intel/repo/d021rs-yolov5-ros2-subscription-node-limitationuk/install/interfaces/share/interfaces/srv/SetString.json
-- Up-to-date symlink: /home/intel/repo/d021rs-yolov5-ros2-subscription-node-limitationuk/install/interfaces/include/interfaces/interfaces/msg/color_detect.h
-- Up-to-date symlink: /home/intel/repo/d021rs-yolov5-ros2-subscription-node-limitationuk/install/interfaces/include/interfaces/interfaces/msg/color_info.h
-- Up-to-date symlink: /home/intel/repo/d021rs-yolov5-ros2-subscription-node-limitationuk/install/interfaces/include/interfaces/interfaces/msg/colors_info.h
-- Up-to-date symlink: /home/intel/repo/d021rs-yolov5-ros2-subscription-node-limitationuk/install/interfaces/include/interfaces/interfaces/msg/detail/color_detect__functions.h
-- Up-to-date symlink: /home/intel/repo/d021rs-yolov5-ros2-subscription-node-limitationuk/install/interfaces/include/interfaces/interfaces/msg/detail/color_detect__struct.h
-- Up-to-date symlink: /home/intel/repo/d021rs-yolov5-ros2-subscription-node-limitationuk/install/interfaces/include/interfaces/interfaces/msg/detail/color_detect__type_support.h
-- Up-to-date symlink: /home/intel/repo/d021rs-yolov5-ros2-subscription-node-limitationuk/install/interfaces/include/interfaces/interfaces/msg/detail/color_info__functions.h
-- Up-to-date symlink: /home/intel/repo/d021rs-yolov5-ros2-subscription-node-limitationuk/install/interfaces/include/interfaces/interfaces/msg/detail/color_info__struct.h
-- Up-to-date symlink: /home/intel/repo/d021rs-yolov5-ros2-subscription-node-limitationuk/install/interfaces/include/interfaces/interfaces/msg/detail/color_info__type_support.h
-- Up-to-date symlink: /home/intel/repo/d021rs-yolov5-ros2-subscription-node-limitationuk/install/interfaces/include/interfaces/interfaces/msg/detail/colors_info__functions.h
-- Up-to-date symlink: /home/intel/repo/d021rs-yolov5-ros2-subscription-node-limitationuk/install/interfaces/include/interfaces/interfaces/msg/detail/colors_info__struct.h
-- Up-to-date symlink: /home/intel/repo/d021rs-yolov5-ros2-subscription-node-limitationuk/install/interfaces/include/interfaces/interfaces/msg/detail/colors_info__type_support.h
-- Up-to-date symlink: /home/intel/repo/d021rs-yolov5-ros2-subscription-node-limitationuk/install/interfaces/include/interfaces/interfaces/msg/detail/line_roi__functions.h
-- Up-to-date symlink: /home/intel/repo/d021rs-yolov5-ros2-subscription-node-limitationuk/install/interfaces/include/interfaces/interfaces/msg/detail/line_roi__struct.h
-- Up-to-date symlink: /home/intel/repo/d021rs-yolov5-ros2-subscription-node-limitationuk/install/interfaces/include/interfaces/interfaces/msg/detail/line_roi__type_support.h
-- Up-to-date symlink: /home/intel/repo/d021rs-yolov5-ros2-subscription-node-limitationuk/install/interfaces/include/interfaces/interfaces/msg/detail/object_info__functions.h
-- Up-to-date symlink: /home/intel/repo/d021rs-yolov5-ros2-subscription-node-limitationuk/install/interfaces/include/interfaces/interfaces/msg/detail/object_info__struct.h
-- Up-to-date symlink: /home/intel/repo/d021rs-yolov5-ros2-subscription-node-limitationuk/install/interfaces/include/interfaces/interfaces/msg/detail/object_info__type_support.h
-- Up-to-date symlink: /home/intel/repo/d021rs-yolov5-ros2-subscription-node-limitationuk/install/interfaces/include/interfaces/interfaces/msg/detail/objects_info__functions.h
-- Up-to-date symlink: /home/intel/repo/d021rs-yolov5-ros2-subscription-node-limitationuk/install/interfaces/include/interfaces/interfaces/msg/detail/objects_info__struct.h
-- Up-to-date symlink: /home/intel/repo/d021rs-yolov5-ros2-subscription-node-limitationuk/install/interfaces/include/interfaces/interfaces/msg/detail/objects_info__type_support.h
-- Up-to-date symlink: /home/intel/repo/d021rs-yolov5-ros2-subscription-node-limitationuk/install/interfaces/include/interfaces/interfaces/msg/detail/pixel_position__functions.h
-- Up-to-date symlink: /home/intel/repo/d021rs-yolov5-ros2-subscription-node-limitationuk/install/interfaces/include/interfaces/interfaces/msg/detail/pixel_position__struct.h
-- Up-to-date symlink: /home/intel/repo/d021rs-yolov5-ros2-subscription-node-limitationuk/install/interfaces/include/interfaces/interfaces/msg/detail/pixel_position__type_support.h
-- Up-to-date symlink: /home/intel/repo/d021rs-yolov5-ros2-subscription-node-limitationuk/install/interfaces/include/interfaces/interfaces/msg/detail/point2_d__functions.h
-- Up-to-date symlink: /home/intel/repo/d021rs-yolov5-ros2-subscription-node-limitationuk/install/interfaces/include/interfaces/interfaces/msg/detail/point2_d__struct.h
-- Up-to-date symlink: /home/intel/repo/d021rs-yolov5-ros2-subscription-node-limitationuk/install/interfaces/include/interfaces/interfaces/msg/detail/point2_d__type_support.h
-- Up-to-date symlink: /home/intel/repo/d021rs-yolov5-ros2-subscription-node-limitationuk/install/interfaces/include/interfaces/interfaces/msg/detail/points__functions.h
-- Up-to-date symlink: /home/intel/repo/d021rs-yolov5-ros2-subscription-node-limitationuk/install/interfaces/include/interfaces/interfaces/msg/detail/points__struct.h
-- Up-to-date symlink: /home/intel/repo/d021rs-yolov5-ros2-subscription-node-limitationuk/install/interfaces/include/interfaces/interfaces/msg/detail/points__type_support.h
-- Up-to-date symlink: /home/intel/repo/d021rs-yolov5-ros2-subscription-node-limitationuk/install/interfaces/include/interfaces/interfaces/msg/detail/pose2_d__functions.h
-- Up-to-date symlink: /home/intel/repo/d021rs-yolov5-ros2-subscription-node-limitationuk/install/interfaces/include/interfaces/interfaces/msg/detail/pose2_d__struct.h
-- Up-to-date symlink: /home/intel/repo/d021rs-yolov5-ros2-subscription-node-limitationuk/install/interfaces/include/interfaces/interfaces/msg/detail/pose2_d__type_support.h
-- Up-to-date symlink: /home/intel/repo/d021rs-yolov5-ros2-subscription-node-limitationuk/install/interfaces/include/interfaces/interfaces/msg/detail/roi__functions.h
-- Up-to-date symlink: /home/intel/repo/d021rs-yolov5-ros2-subscription-node-limitationuk/install/interfaces/include/interfaces/interfaces/msg/detail/roi__struct.h
-- Up-to-date symlink: /home/intel/repo/d021rs-yolov5-ros2-subscription-node-limitationuk/install/interfaces/include/interfaces/interfaces/msg/detail/roi__type_support.h
-- Up-to-date symlink: /home/intel/repo/d021rs-yolov5-ros2-subscription-node-limitationuk/install/interfaces/include/interfaces/interfaces/msg/line_roi.h
-- Up-to-date symlink: /home/intel/repo/d021rs-yolov5-ros2-subscription-node-limitationuk/install/interfaces/include/interfaces/interfaces/msg/object_info.h
-- Up-to-date symlink: /home/intel/repo/d021rs-yolov5-ros2-subscription-node-limitationuk/install/interfaces/include/interfaces/interfaces/msg/objects_info.h
-- Up-to-date symlink: /home/intel/repo/d021rs-yolov5-ros2-subscription-node-limitationuk/install/interfaces/include/interfaces/interfaces/msg/pixel_position.h
-- Up-to-date symlink: /home/intel/repo/d021rs-yolov5-ros2-subscription-node-limitationuk/install/interfaces/include/interfaces/interfaces/msg/point2_d.h
-- Up-to-date symlink: /home/intel/repo/d021rs-yolov5-ros2-subscription-node-limitationuk/install/interfaces/include/interfaces/interfaces/msg/points.h
-- Up-to-date symlink: /home/intel/repo/d021rs-yolov5-ros2-subscription-node-limitationuk/install/interfaces/include/interfaces/interfaces/msg/pose2_d.h
-- Up-to-date symlink: /home/intel/repo/d021rs-yolov5-ros2-subscription-node-limitationuk/install/interfaces/include/interfaces/interfaces/msg/roi.h
-- Up-to-date symlink: /home/intel/repo/d021rs-yolov5-ros2-subscription-node-limitationuk/install/interfaces/include/interfaces/interfaces/msg/rosidl_generator_c__visibility_control.h
-- Up-to-date symlink: /home/intel/repo/d021rs-yolov5-ros2-subscription-node-limitationuk/install/interfaces/include/interfaces/interfaces/srv/detail/get_pose__functions.h
-- Up-to-date symlink: /home/intel/repo/d021rs-yolov5-ros2-subscription-node-limitationuk/install/interfaces/include/interfaces/interfaces/srv/detail/get_pose__struct.h
-- Up-to-date symlink: /home/intel/repo/d021rs-yolov5-ros2-subscription-node-limitationuk/install/interfaces/include/interfaces/interfaces/srv/detail/get_pose__type_support.h
-- Up-to-date symlink: /home/intel/repo/d021rs-yolov5-ros2-subscription-node-limitationuk/install/interfaces/include/interfaces/interfaces/srv/detail/set_circle_roi__functions.h
-- Up-to-date symlink: /home/intel/repo/d021rs-yolov5-ros2-subscription-node-limitationuk/install/interfaces/include/interfaces/interfaces/srv/detail/set_circle_roi__struct.h
-- Up-to-date symlink: /home/intel/repo/d021rs-yolov5-ros2-subscription-node-limitationuk/install/interfaces/include/interfaces/interfaces/srv/detail/set_circle_roi__type_support.h
-- Up-to-date symlink: /home/intel/repo/d021rs-yolov5-ros2-subscription-node-limitationuk/install/interfaces/include/interfaces/interfaces/srv/detail/set_color_detect_param__functions.h
-- Up-to-date symlink: /home/intel/repo/d021rs-yolov5-ros2-subscription-node-limitationuk/install/interfaces/include/interfaces/interfaces/srv/detail/set_color_detect_param__struct.h
-- Up-to-date symlink: /home/intel/repo/d021rs-yolov5-ros2-subscription-node-limitationuk/install/interfaces/include/interfaces/interfaces/srv/detail/set_color_detect_param__type_support.h
-- Up-to-date symlink: /home/intel/repo/d021rs-yolov5-ros2-subscription-node-limitationuk/install/interfaces/include/interfaces/interfaces/srv/detail/set_color_rgba__functions.h
-- Up-to-date symlink: /home/intel/repo/d021rs-yolov5-ros2-subscription-node-limitationuk/install/interfaces/include/interfaces/interfaces/srv/detail/set_color_rgba__struct.h
-- Up-to-date symlink: /home/intel/repo/d021rs-yolov5-ros2-subscription-node-limitationuk/install/interfaces/include/interfaces/interfaces/srv/detail/set_color_rgba__type_support.h
-- Up-to-date symlink: /home/intel/repo/d021rs-yolov5-ros2-subscription-node-limitationuk/install/interfaces/include/interfaces/interfaces/srv/detail/set_float64__functions.h
-- Up-to-date symlink: /home/intel/repo/d021rs-yolov5-ros2-subscription-node-limitationuk/install/interfaces/include/interfaces/interfaces/srv/detail/set_float64__struct.h
-- Up-to-date symlink: /home/intel/repo/d021rs-yolov5-ros2-subscription-node-limitationuk/install/interfaces/include/interfaces/interfaces/srv/detail/set_float64__type_support.h
-- Up-to-date symlink: /home/intel/repo/d021rs-yolov5-ros2-subscription-node-limitationuk/install/interfaces/include/interfaces/interfaces/srv/detail/set_float64_list__functions.h
-- Up-to-date symlink: /home/intel/repo/d021rs-yolov5-ros2-subscription-node-limitationuk/install/interfaces/include/interfaces/interfaces/srv/detail/set_float64_list__struct.h
-- Up-to-date symlink: /home/intel/repo/d021rs-yolov5-ros2-subscription-node-limitationuk/install/interfaces/include/interfaces/interfaces/srv/detail/set_float64_list__type_support.h
-- Up-to-date symlink: /home/intel/repo/d021rs-yolov5-ros2-subscription-node-limitationuk/install/interfaces/include/interfaces/interfaces/srv/detail/set_int64__functions.h
-- Up-to-date symlink: /home/intel/repo/d021rs-yolov5-ros2-subscription-node-limitationuk/install/interfaces/include/interfaces/interfaces/srv/detail/set_int64__struct.h
-- Up-to-date symlink: /home/intel/repo/d021rs-yolov5-ros2-subscription-node-limitationuk/install/interfaces/include/interfaces/interfaces/srv/detail/set_int64__type_support.h
-- Up-to-date symlink: /home/intel/repo/d021rs-yolov5-ros2-subscription-node-limitationuk/install/interfaces/include/interfaces/interfaces/srv/detail/set_line_roi__functions.h
-- Up-to-date symlink: /home/intel/repo/d021rs-yolov5-ros2-subscription-node-limitationuk/install/interfaces/include/interfaces/interfaces/srv/detail/set_line_roi__struct.h
-- Up-to-date symlink: /home/intel/repo/d021rs-yolov5-ros2-subscription-node-limitationuk/install/interfaces/include/interfaces/interfaces/srv/detail/set_line_roi__type_support.h
-- Up-to-date symlink: /home/intel/repo/d021rs-yolov5-ros2-subscription-node-limitationuk/install/interfaces/include/interfaces/interfaces/srv/detail/set_point__functions.h
-- Up-to-date symlink: /home/intel/repo/d021rs-yolov5-ros2-subscription-node-limitationuk/install/interfaces/include/interfaces/interfaces/srv/detail/set_point__struct.h
-- Up-to-date symlink: /home/intel/repo/d021rs-yolov5-ros2-subscription-node-limitationuk/install/interfaces/include/interfaces/interfaces/srv/detail/set_point__type_support.h
-- Up-to-date symlink: /home/intel/repo/d021rs-yolov5-ros2-subscription-node-limitationuk/install/interfaces/include/interfaces/interfaces/srv/detail/set_pose2_d__functions.h
-- Up-to-date symlink: /home/intel/repo/d021rs-yolov5-ros2-subscription-node-limitationuk/install/interfaces/include/interfaces/interfaces/srv/detail/set_pose2_d__struct.h
-- Up-to-date symlink: /home/intel/repo/d021rs-yolov5-ros2-subscription-node-limitationuk/install/interfaces/include/interfaces/interfaces/srv/detail/set_pose2_d__type_support.h
-- Up-to-date symlink: /home/intel/repo/d021rs-yolov5-ros2-subscription-node-limitationuk/install/interfaces/include/interfaces/interfaces/srv/detail/set_pose__functions.h
-- Up-to-date symlink: /home/intel/repo/d021rs-yolov5-ros2-subscription-node-limitationuk/install/interfaces/include/interfaces/interfaces/srv/detail/set_pose__struct.h
-- Up-to-date symlink: /home/intel/repo/d021rs-yolov5-ros2-subscription-node-limitationuk/install/interfaces/include/interfaces/interfaces/srv/detail/set_pose__type_support.h
-- Up-to-date symlink: /home/intel/repo/d021rs-yolov5-ros2-subscription-node-limitationuk/install/interfaces/include/interfaces/interfaces/srv/detail/set_string__functions.h
-- Up-to-date symlink: /home/intel/repo/d021rs-yolov5-ros2-subscription-node-limitationuk/install/interfaces/include/interfaces/interfaces/srv/detail/set_string__struct.h
-- Up-to-date symlink: /home/intel/repo/d021rs-yolov5-ros2-subscription-node-limitationuk/install/interfaces/include/interfaces/interfaces/srv/detail/set_string__type_support.h
-- Up-to-date symlink: /home/intel/repo/d021rs-yolov5-ros2-subscription-node-limitationuk/install/interfaces/include/interfaces/interfaces/srv/detail/set_string_list__functions.h
-- Up-to-date symlink: /home/intel/repo/d021rs-yolov5-ros2-subscription-node-limitationuk/install/interfaces/include/interfaces/interfaces/srv/detail/set_string_list__struct.h
-- Up-to-date symlink: /home/intel/repo/d021rs-yolov5-ros2-subscription-node-limitationuk/install/interfaces/include/interfaces/interfaces/srv/detail/set_string_list__type_support.h
-- Up-to-date symlink: /home/intel/repo/d021rs-yolov5-ros2-subscription-node-limitationuk/install/interfaces/include/interfaces/interfaces/srv/get_pose.h
-- Up-to-date symlink: /home/intel/repo/d021rs-yolov5-ros2-subscription-node-limitationuk/install/interfaces/include/interfaces/interfaces/srv/set_circle_roi.h
-- Up-to-date symlink: /home/intel/repo/d021rs-yolov5-ros2-subscription-node-limitationuk/install/interfaces/include/interfaces/interfaces/srv/set_color_detect_param.h
-- Up-to-date symlink: /home/intel/repo/d021rs-yolov5-ros2-subscription-node-limitationuk/install/interfaces/include/interfaces/interfaces/srv/set_color_rgba.h
-- Up-to-date symlink: /home/intel/repo/d021rs-yolov5-ros2-subscription-node-limitationuk/install/interfaces/include/interfaces/interfaces/srv/set_float64.h
-- Up-to-date symlink: /home/intel/repo/d021rs-yolov5-ros2-subscription-node-limitationuk/install/interfaces/include/interfaces/interfaces/srv/set_float64_list.h
-- Up-to-date symlink: /home/intel/repo/d021rs-yolov5-ros2-subscription-node-limitationuk/install/interfaces/include/interfaces/interfaces/srv/set_int64.h
-- Up-to-date symlink: /home/intel/repo/d021rs-yolov5-ros2-subscription-node-limitationuk/install/interfaces/include/interfaces/interfaces/srv/set_line_roi.h
-- Up-to-date symlink: /home/intel/repo/d021rs-yolov5-ros2-subscription-node-limitationuk/install/interfaces/include/interfaces/interfaces/srv/set_point.h
-- Up-to-date symlink: /home/intel/repo/d021rs-yolov5-ros2-subscription-node-limitationuk/install/interfaces/include/interfaces/interfaces/srv/set_pose.h
-- Up-to-date symlink: /home/intel/repo/d021rs-yolov5-ros2-subscription-node-limitationuk/install/interfaces/include/interfaces/interfaces/srv/set_pose2_d.h
-- Up-to-date symlink: /home/intel/repo/d021rs-yolov5-ros2-subscription-node-limitationuk/install/interfaces/include/interfaces/interfaces/srv/set_string.h
-- Up-to-date symlink: /home/intel/repo/d021rs-yolov5-ros2-subscription-node-limitationuk/install/interfaces/include/interfaces/interfaces/srv/set_string_list.h
-- Up-to-date symlink: /home/intel/repo/d021rs-yolov5-ros2-subscription-node-limitationuk/install/interfaces/share/interfaces/environment/library_path.sh
-- Up-to-date symlink: /home/intel/repo/d021rs-yolov5-ros2-subscription-node-limitationuk/install/interfaces/share/interfaces/environment/library_path.dsv
-- Up-to-date symlink: /home/intel/repo/d021rs-yolov5-ros2-subscription-node-limitationuk/install/interfaces/include/interfaces/interfaces/msg/detail/color_detect__rosidl_typesupport_fastrtps_c.h
-- Up-to-date symlink: /home/intel/repo/d021rs-yolov5-ros2-subscription-node-limitationuk/install/interfaces/include/interfaces/interfaces/msg/detail/color_info__rosidl_typesupport_fastrtps_c.h
-- Up-to-date symlink: /home/intel/repo/d021rs-yolov5-ros2-subscription-node-limitationuk/install/interfaces/include/interfaces/interfaces/msg/detail/colors_info__rosidl_typesupport_fastrtps_c.h
-- Up-to-date symlink: /home/intel/repo/d021rs-yolov5-ros2-subscription-node-limitationuk/install/interfaces/include/interfaces/interfaces/msg/detail/line_roi__rosidl_typesupport_fastrtps_c.h
-- Up-to-date symlink: /home/intel/repo/d021rs-yolov5-ros2-subscription-node-limitationuk/install/interfaces/include/interfaces/interfaces/msg/detail/object_info__rosidl_typesupport_fastrtps_c.h
-- Up-to-date symlink: /home/intel/repo/d021rs-yolov5-ros2-subscription-node-limitationuk/install/interfaces/include/interfaces/interfaces/msg/detail/objects_info__rosidl_typesupport_fastrtps_c.h
-- Up-to-date symlink: /home/intel/repo/d021rs-yolov5-ros2-subscription-node-limitationuk/install/interfaces/include/interfaces/interfaces/msg/detail/pixel_position__rosidl_typesupport_fastrtps_c.h
-- Up-to-date symlink: /home/intel/repo/d021rs-yolov5-ros2-subscription-node-limitationuk/install/interfaces/include/interfaces/interfaces/msg/detail/point2_d__rosidl_typesupport_fastrtps_c.h
-- Up-to-date symlink: /home/intel/repo/d021rs-yolov5-ros2-subscription-node-limitationuk/install/interfaces/include/interfaces/interfaces/msg/detail/points__rosidl_typesupport_fastrtps_c.h
-- Up-to-date symlink: /home/intel/repo/d021rs-yolov5-ros2-subscription-node-limitationuk/install/interfaces/include/interfaces/interfaces/msg/detail/pose2_d__rosidl_typesupport_fastrtps_c.h
-- Up-to-date symlink: /home/intel/repo/d021rs-yolov5-ros2-subscription-node-limitationuk/install/interfaces/include/interfaces/interfaces/msg/detail/roi__rosidl_typesupport_fastrtps_c.h
-- Up-to-date symlink: /home/intel/repo/d021rs-yolov5-ros2-subscription-node-limitationuk/install/interfaces/include/interfaces/interfaces/msg/rosidl_typesupport_fastrtps_c__visibility_control.h
-- Up-to-date symlink: /home/intel/repo/d021rs-yolov5-ros2-subscription-node-limitationuk/install/interfaces/include/interfaces/interfaces/srv/detail/get_pose__rosidl_typesupport_fastrtps_c.h
-- Up-to-date symlink: /home/intel/repo/d021rs-yolov5-ros2-subscription-node-limitationuk/install/interfaces/include/interfaces/interfaces/srv/detail/set_circle_roi__rosidl_typesupport_fastrtps_c.h
-- Up-to-date symlink: /home/intel/repo/d021rs-yolov5-ros2-subscription-node-limitationuk/install/interfaces/include/interfaces/interfaces/srv/detail/set_color_detect_param__rosidl_typesupport_fastrtps_c.h
-- Up-to-date symlink: /home/intel/repo/d021rs-yolov5-ros2-subscription-node-limitationuk/install/interfaces/include/interfaces/interfaces/srv/detail/set_color_rgba__rosidl_typesupport_fastrtps_c.h
-- Up-to-date symlink: /home/intel/repo/d021rs-yolov5-ros2-subscription-node-limitationuk/install/interfaces/include/interfaces/interfaces/srv/detail/set_float64__rosidl_typesupport_fastrtps_c.h
-- Up-to-date symlink: /home/intel/repo/d021rs-yolov5-ros2-subscription-node-limitationuk/install/interfaces/include/interfaces/interfaces/srv/detail/set_float64_list__rosidl_typesupport_fastrtps_c.h
-- Up-to-date symlink: /home/intel/repo/d021rs-yolov5-ros2-subscription-node-limitationuk/install/interfaces/include/interfaces/interfaces/srv/detail/set_int64__rosidl_typesupport_fastrtps_c.h
-- Up-to-date symlink: /home/intel/repo/d021rs-yolov5-ros2-subscription-node-limitationuk/install/interfaces/include/interfaces/interfaces/srv/detail/set_line_roi__rosidl_typesupport_fastrtps_c.h
-- Up-to-date symlink: /home/intel/repo/d021rs-yolov5-ros2-subscription-node-limitationuk/install/interfaces/include/interfaces/interfaces/srv/detail/set_point__rosidl_typesupport_fastrtps_c.h
-- Up-to-date symlink: /home/intel/repo/d021rs-yolov5-ros2-subscription-node-limitationuk/install/interfaces/include/interfaces/interfaces/srv/detail/set_pose2_d__rosidl_typesupport_fastrtps_c.h
-- Up-to-date symlink: /home/intel/repo/d021rs-yolov5-ros2-subscription-node-limitationuk/install/interfaces/include/interfaces/interfaces/srv/detail/set_pose__rosidl_typesupport_fastrtps_c.h
-- Up-to-date symlink: /home/intel/repo/d021rs-yolov5-ros2-subscription-node-limitationuk/install/interfaces/include/interfaces/interfaces/srv/detail/set_string__rosidl_typesupport_fastrtps_c.h
-- Up-to-date symlink: /home/intel/repo/d021rs-yolov5-ros2-subscription-node-limitationuk/install/interfaces/include/interfaces/interfaces/srv/detail/set_string_list__rosidl_typesupport_fastrtps_c.h
-- Up-to-date symlink: /home/intel/repo/d021rs-yolov5-ros2-subscription-node-limitationuk/install/interfaces/include/interfaces/interfaces/msg/color_detect.hpp
-- Up-to-date symlink: /home/intel/repo/d021rs-yolov5-ros2-subscription-node-limitationuk/install/interfaces/include/interfaces/interfaces/msg/color_info.hpp
-- Up-to-date symlink: /home/intel/repo/d021rs-yolov5-ros2-subscription-node-limitationuk/install/interfaces/include/interfaces/interfaces/msg/colors_info.hpp
-- Up-to-date symlink: /home/intel/repo/d021rs-yolov5-ros2-subscription-node-limitationuk/install/interfaces/include/interfaces/interfaces/msg/detail/color_detect__builder.hpp
-- Up-to-date symlink: /home/intel/repo/d021rs-yolov5-ros2-subscription-node-limitationuk/install/interfaces/include/interfaces/interfaces/msg/detail/color_detect__struct.hpp
-- Up-to-date symlink: /home/intel/repo/d021rs-yolov5-ros2-subscription-node-limitationuk/install/interfaces/include/interfaces/interfaces/msg/detail/color_detect__traits.hpp
-- Up-to-date symlink: /home/intel/repo/d021rs-yolov5-ros2-subscription-node-limitationuk/install/interfaces/include/interfaces/interfaces/msg/detail/color_detect__type_support.hpp
-- Up-to-date symlink: /home/intel/repo/d021rs-yolov5-ros2-subscription-node-limitationuk/install/interfaces/include/interfaces/interfaces/msg/detail/color_info__builder.hpp
-- Up-to-date symlink: /home/intel/repo/d021rs-yolov5-ros2-subscription-node-limitationuk/install/interfaces/include/interfaces/interfaces/msg/detail/color_info__struct.hpp
-- Up-to-date symlink: /home/intel/repo/d021rs-yolov5-ros2-subscription-node-limitationuk/install/interfaces/include/interfaces/interfaces/msg/detail/color_info__traits.hpp
-- Up-to-date symlink: /home/intel/repo/d021rs-yolov5-ros2-subscription-node-limitationuk/install/interfaces/include/interfaces/interfaces/msg/detail/color_info__type_support.hpp
-- Up-to-date symlink: /home/intel/repo/d021rs-yolov5-ros2-subscription-node-limitationuk/install/interfaces/include/interfaces/interfaces/msg/detail/colors_info__builder.hpp
-- Up-to-date symlink: /home/intel/repo/d021rs-yolov5-ros2-subscription-node-limitationuk/install/interfaces/include/interfaces/interfaces/msg/detail/colors_info__struct.hpp
-- Up-to-date symlink: /home/intel/repo/d021rs-yolov5-ros2-subscription-node-limitationuk/install/interfaces/include/interfaces/interfaces/msg/detail/colors_info__traits.hpp
-- Up-to-date symlink: /home/intel/repo/d021rs-yolov5-ros2-subscription-node-limitationuk/install/interfaces/include/interfaces/interfaces/msg/detail/colors_info__type_support.hpp
-- Up-to-date symlink: /home/intel/repo/d021rs-yolov5-ros2-subscription-node-limitationuk/install/interfaces/include/interfaces/interfaces/msg/detail/line_roi__builder.hpp
-- Up-to-date symlink: /home/intel/repo/d021rs-yolov5-ros2-subscription-node-limitationuk/install/interfaces/include/interfaces/interfaces/msg/detail/line_roi__struct.hpp
-- Up-to-date symlink: /home/intel/repo/d021rs-yolov5-ros2-subscription-node-limitationuk/install/interfaces/include/interfaces/interfaces/msg/detail/line_roi__traits.hpp
-- Up-to-date symlink: /home/intel/repo/d021rs-yolov5-ros2-subscription-node-limitationuk/install/interfaces/include/interfaces/interfaces/msg/detail/line_roi__type_support.hpp
-- Up-to-date symlink: /home/intel/repo/d021rs-yolov5-ros2-subscription-node-limitationuk/install/interfaces/include/interfaces/interfaces/msg/detail/object_info__builder.hpp
-- Up-to-date symlink: /home/intel/repo/d021rs-yolov5-ros2-subscription-node-limitationuk/install/interfaces/include/interfaces/interfaces/msg/detail/object_info__struct.hpp
-- Up-to-date symlink: /home/intel/repo/d021rs-yolov5-ros2-subscription-node-limitationuk/install/interfaces/include/interfaces/interfaces/msg/detail/object_info__traits.hpp
-- Up-to-date symlink: /home/intel/repo/d021rs-yolov5-ros2-subscription-node-limitationuk/install/interfaces/include/interfaces/interfaces/msg/detail/object_info__type_support.hpp
-- Up-to-date symlink: /home/intel/repo/d021rs-yolov5-ros2-subscription-node-limitationuk/install/interfaces/include/interfaces/interfaces/msg/detail/objects_info__builder.hpp
-- Up-to-date symlink: /home/intel/repo/d021rs-yolov5-ros2-subscription-node-limitationuk/install/interfaces/include/interfaces/interfaces/msg/detail/objects_info__struct.hpp
-- Up-to-date symlink: /home/intel/repo/d021rs-yolov5-ros2-subscription-node-limitationuk/install/interfaces/include/interfaces/interfaces/msg/detail/objects_info__traits.hpp
-- Up-to-date symlink: /home/intel/repo/d021rs-yolov5-ros2-subscription-node-limitationuk/install/interfaces/include/interfaces/interfaces/msg/detail/objects_info__type_support.hpp
-- Up-to-date symlink: /home/intel/repo/d021rs-yolov5-ros2-subscription-node-limitationuk/install/interfaces/include/interfaces/interfaces/msg/detail/pixel_position__builder.hpp
-- Up-to-date symlink: /home/intel/repo/d021rs-yolov5-ros2-subscription-node-limitationuk/install/interfaces/include/interfaces/interfaces/msg/detail/pixel_position__struct.hpp
-- Up-to-date symlink: /home/intel/repo/d021rs-yolov5-ros2-subscription-node-limitationuk/install/interfaces/include/interfaces/interfaces/msg/detail/pixel_position__traits.hpp
-- Up-to-date symlink: /home/intel/repo/d021rs-yolov5-ros2-subscription-node-limitationuk/install/interfaces/include/interfaces/interfaces/msg/detail/pixel_position__type_support.hpp
-- Up-to-date symlink: /home/intel/repo/d021rs-yolov5-ros2-subscription-node-limitationuk/install/interfaces/include/interfaces/interfaces/msg/detail/point2_d__builder.hpp
-- Up-to-date symlink: /home/intel/repo/d021rs-yolov5-ros2-subscription-node-limitationuk/install/interfaces/include/interfaces/interfaces/msg/detail/point2_d__struct.hpp
-- Up-to-date symlink: /home/intel/repo/d021rs-yolov5-ros2-subscription-node-limitationuk/install/interfaces/include/interfaces/interfaces/msg/detail/point2_d__traits.hpp
-- Up-to-date symlink: /home/intel/repo/d021rs-yolov5-ros2-subscription-node-limitationuk/install/interfaces/include/interfaces/interfaces/msg/detail/point2_d__type_support.hpp
-- Up-to-date symlink: /home/intel/repo/d021rs-yolov5-ros2-subscription-node-limitationuk/install/interfaces/include/interfaces/interfaces/msg/detail/points__builder.hpp
-- Up-to-date symlink: /home/intel/repo/d021rs-yolov5-ros2-subscription-node-limitationuk/install/interfaces/include/interfaces/interfaces/msg/detail/points__struct.hpp
-- Up-to-date symlink: /home/intel/repo/d021rs-yolov5-ros2-subscription-node-limitationuk/install/interfaces/include/interfaces/interfaces/msg/detail/points__traits.hpp
-- Up-to-date symlink: /home/intel/repo/d021rs-yolov5-ros2-subscription-node-limitationuk/install/interfaces/include/interfaces/interfaces/msg/detail/points__type_support.hpp
-- Up-to-date symlink: /home/intel/repo/d021rs-yolov5-ros2-subscription-node-limitationuk/install/interfaces/include/interfaces/interfaces/msg/detail/pose2_d__builder.hpp
-- Up-to-date symlink: /home/intel/repo/d021rs-yolov5-ros2-subscription-node-limitationuk/install/interfaces/include/interfaces/interfaces/msg/detail/pose2_d__struct.hpp
-- Up-to-date symlink: /home/intel/repo/d021rs-yolov5-ros2-subscription-node-limitationuk/install/interfaces/include/interfaces/interfaces/msg/detail/pose2_d__traits.hpp
-- Up-to-date symlink: /home/intel/repo/d021rs-yolov5-ros2-subscription-node-limitationuk/install/interfaces/include/interfaces/interfaces/msg/detail/pose2_d__type_support.hpp
-- Up-to-date symlink: /home/intel/repo/d021rs-yolov5-ros2-subscription-node-limitationuk/install/interfaces/include/interfaces/interfaces/msg/detail/roi__builder.hpp
-- Up-to-date symlink: /home/intel/repo/d021rs-yolov5-ros2-subscription-node-limitationuk/install/interfaces/include/interfaces/interfaces/msg/detail/roi__struct.hpp
-- Up-to-date symlink: /home/intel/repo/d021rs-yolov5-ros2-subscription-node-limitationuk/install/interfaces/include/interfaces/interfaces/msg/detail/roi__traits.hpp
-- Up-to-date symlink: /home/intel/repo/d021rs-yolov5-ros2-subscription-node-limitationuk/install/interfaces/include/interfaces/interfaces/msg/detail/roi__type_support.hpp
-- Up-to-date symlink: /home/intel/repo/d021rs-yolov5-ros2-subscription-node-limitationuk/install/interfaces/include/interfaces/interfaces/msg/line_roi.hpp
-- Up-to-date symlink: /home/intel/repo/d021rs-yolov5-ros2-subscription-node-limitationuk/install/interfaces/include/interfaces/interfaces/msg/object_info.hpp
-- Up-to-date symlink: /home/intel/repo/d021rs-yolov5-ros2-subscription-node-limitationuk/install/interfaces/include/interfaces/interfaces/msg/objects_info.hpp
-- Up-to-date symlink: /home/intel/repo/d021rs-yolov5-ros2-subscription-node-limitationuk/install/interfaces/include/interfaces/interfaces/msg/pixel_position.hpp
-- Up-to-date symlink: /home/intel/repo/d021rs-yolov5-ros2-subscription-node-limitationuk/install/interfaces/include/interfaces/interfaces/msg/point2_d.hpp
-- Up-to-date symlink: /home/intel/repo/d021rs-yolov5-ros2-subscription-node-limitationuk/install/interfaces/include/interfaces/interfaces/msg/points.hpp
-- Up-to-date symlink: /home/intel/repo/d021rs-yolov5-ros2-subscription-node-limitationuk/install/interfaces/include/interfaces/interfaces/msg/pose2_d.hpp
-- Up-to-date symlink: /home/intel/repo/d021rs-yolov5-ros2-subscription-node-limitationuk/install/interfaces/include/interfaces/interfaces/msg/roi.hpp
-- Up-to-date symlink: /home/intel/repo/d021rs-yolov5-ros2-subscription-node-limitationuk/install/interfaces/include/interfaces/interfaces/msg/rosidl_generator_cpp__visibility_control.hpp
-- Up-to-date symlink: /home/intel/repo/d021rs-yolov5-ros2-subscription-node-limitationuk/install/interfaces/include/interfaces/interfaces/srv/detail/get_pose__builder.hpp
-- Up-to-date symlink: /home/intel/repo/d021rs-yolov5-ros2-subscription-node-limitationuk/install/interfaces/include/interfaces/interfaces/srv/detail/get_pose__struct.hpp
-- Up-to-date symlink: /home/intel/repo/d021rs-yolov5-ros2-subscription-node-limitationuk/install/interfaces/include/interfaces/interfaces/srv/detail/get_pose__traits.hpp
-- Up-to-date symlink: /home/intel/repo/d021rs-yolov5-ros2-subscription-node-limitationuk/install/interfaces/include/interfaces/interfaces/srv/detail/get_pose__type_support.hpp
-- Up-to-date symlink: /home/intel/repo/d021rs-yolov5-ros2-subscription-node-limitationuk/install/interfaces/include/interfaces/interfaces/srv/detail/set_circle_roi__builder.hpp
-- Up-to-date symlink: /home/intel/repo/d021rs-yolov5-ros2-subscription-node-limitationuk/install/interfaces/include/interfaces/interfaces/srv/detail/set_circle_roi__struct.hpp
-- Up-to-date symlink: /home/intel/repo/d021rs-yolov5-ros2-subscription-node-limitationuk/install/interfaces/include/interfaces/interfaces/srv/detail/set_circle_roi__traits.hpp
-- Up-to-date symlink: /home/intel/repo/d021rs-yolov5-ros2-subscription-node-limitationuk/install/interfaces/include/interfaces/interfaces/srv/detail/set_circle_roi__type_support.hpp
-- Up-to-date symlink: /home/intel/repo/d021rs-yolov5-ros2-subscription-node-limitationuk/install/interfaces/include/interfaces/interfaces/srv/detail/set_color_detect_param__builder.hpp
-- Up-to-date symlink: /home/intel/repo/d021rs-yolov5-ros2-subscription-node-limitationuk/install/interfaces/include/interfaces/interfaces/srv/detail/set_color_detect_param__struct.hpp
-- Up-to-date symlink: /home/intel/repo/d021rs-yolov5-ros2-subscription-node-limitationuk/install/interfaces/include/interfaces/interfaces/srv/detail/set_color_detect_param__traits.hpp
-- Up-to-date symlink: /home/intel/repo/d021rs-yolov5-ros2-subscription-node-limitationuk/install/interfaces/include/interfaces/interfaces/srv/detail/set_color_detect_param__type_support.hpp
-- Up-to-date symlink: /home/intel/repo/d021rs-yolov5-ros2-subscription-node-limitationuk/install/interfaces/include/interfaces/interfaces/srv/detail/set_color_rgba__builder.hpp
-- Up-to-date symlink: /home/intel/repo/d021rs-yolov5-ros2-subscription-node-limitationuk/install/interfaces/include/interfaces/interfaces/srv/detail/set_color_rgba__struct.hpp
-- Up-to-date symlink: /home/intel/repo/d021rs-yolov5-ros2-subscription-node-limitationuk/install/interfaces/include/interfaces/interfaces/srv/detail/set_color_rgba__traits.hpp
-- Up-to-date symlink: /home/intel/repo/d021rs-yolov5-ros2-subscription-node-limitationuk/install/interfaces/include/interfaces/interfaces/srv/detail/set_color_rgba__type_support.hpp
-- Up-to-date symlink: /home/intel/repo/d021rs-yolov5-ros2-subscription-node-limitationuk/install/interfaces/include/interfaces/interfaces/srv/detail/set_float64__builder.hpp
-- Up-to-date symlink: /home/intel/repo/d021rs-yolov5-ros2-subscription-node-limitationuk/install/interfaces/include/interfaces/interfaces/srv/detail/set_float64__struct.hpp
-- Up-to-date symlink: /home/intel/repo/d021rs-yolov5-ros2-subscription-node-limitationuk/install/interfaces/include/interfaces/interfaces/srv/detail/set_float64__traits.hpp
-- Up-to-date symlink: /home/intel/repo/d021rs-yolov5-ros2-subscription-node-limitationuk/install/interfaces/include/interfaces/interfaces/srv/detail/set_float64__type_support.hpp
-- Up-to-date symlink: /home/intel/repo/d021rs-yolov5-ros2-subscription-node-limitationuk/install/interfaces/include/interfaces/interfaces/srv/detail/set_float64_list__builder.hpp
-- Up-to-date symlink: /home/intel/repo/d021rs-yolov5-ros2-subscription-node-limitationuk/install/interfaces/include/interfaces/interfaces/srv/detail/set_float64_list__struct.hpp
-- Up-to-date symlink: /home/intel/repo/d021rs-yolov5-ros2-subscription-node-limitationuk/install/interfaces/include/interfaces/interfaces/srv/detail/set_float64_list__traits.hpp
-- Up-to-date symlink: /home/intel/repo/d021rs-yolov5-ros2-subscription-node-limitationuk/install/interfaces/include/interfaces/interfaces/srv/detail/set_float64_list__type_support.hpp
-- Up-to-date symlink: /home/intel/repo/d021rs-yolov5-ros2-subscription-node-limitationuk/install/interfaces/include/interfaces/interfaces/srv/detail/set_int64__builder.hpp
-- Up-to-date symlink: /home/intel/repo/d021rs-yolov5-ros2-subscription-node-limitationuk/install/interfaces/include/interfaces/interfaces/srv/detail/set_int64__struct.hpp
-- Up-to-date symlink: /home/intel/repo/d021rs-yolov5-ros2-subscription-node-limitationuk/install/interfaces/include/interfaces/interfaces/srv/detail/set_int64__traits.hpp
-- Up-to-date symlink: /home/intel/repo/d021rs-yolov5-ros2-subscription-node-limitationuk/install/interfaces/include/interfaces/interfaces/srv/detail/set_int64__type_support.hpp
-- Up-to-date symlink: /home/intel/repo/d021rs-yolov5-ros2-subscription-node-limitationuk/install/interfaces/include/interfaces/interfaces/srv/detail/set_line_roi__builder.hpp
-- Up-to-date symlink: /home/intel/repo/d021rs-yolov5-ros2-subscription-node-limitationuk/install/interfaces/include/interfaces/interfaces/srv/detail/set_line_roi__struct.hpp
-- Up-to-date symlink: /home/intel/repo/d021rs-yolov5-ros2-subscription-node-limitationuk/install/interfaces/include/interfaces/interfaces/srv/detail/set_line_roi__traits.hpp
-- Up-to-date symlink: /home/intel/repo/d021rs-yolov5-ros2-subscription-node-limitationuk/install/interfaces/include/interfaces/interfaces/srv/detail/set_line_roi__type_support.hpp
-- Up-to-date symlink: /home/intel/repo/d021rs-yolov5-ros2-subscription-node-limitationuk/install/interfaces/include/interfaces/interfaces/srv/detail/set_point__builder.hpp
-- Up-to-date symlink: /home/intel/repo/d021rs-yolov5-ros2-subscription-node-limitationuk/install/interfaces/include/interfaces/interfaces/srv/detail/set_point__struct.hpp
-- Up-to-date symlink: /home/intel/repo/d021rs-yolov5-ros2-subscription-node-limitationuk/install/interfaces/include/interfaces/interfaces/srv/detail/set_point__traits.hpp
-- Up-to-date symlink: /home/intel/repo/d021rs-yolov5-ros2-subscription-node-limitationuk/install/interfaces/include/interfaces/interfaces/srv/detail/set_point__type_support.hpp
-- Up-to-date symlink: /home/intel/repo/d021rs-yolov5-ros2-subscription-node-limitationuk/install/interfaces/include/interfaces/interfaces/srv/detail/set_pose2_d__builder.hpp
-- Up-to-date symlink: /home/intel/repo/d021rs-yolov5-ros2-subscription-node-limitationuk/install/interfaces/include/interfaces/interfaces/srv/detail/set_pose2_d__struct.hpp
-- Up-to-date symlink: /home/intel/repo/d021rs-yolov5-ros2-subscription-node-limitationuk/install/interfaces/include/interfaces/interfaces/srv/detail/set_pose2_d__traits.hpp
-- Up-to-date symlink: /home/intel/repo/d021rs-yolov5-ros2-subscription-node-limitationuk/install/interfaces/include/interfaces/interfaces/srv/detail/set_pose2_d__type_support.hpp
-- Up-to-date symlink: /home/intel/repo/d021rs-yolov5-ros2-subscription-node-limitationuk/install/interfaces/include/interfaces/interfaces/srv/detail/set_pose__builder.hpp
-- Up-to-date symlink: /home/intel/repo/d021rs-yolov5-ros2-subscription-node-limitationuk/install/interfaces/include/interfaces/interfaces/srv/detail/set_pose__struct.hpp
-- Up-to-date symlink: /home/intel/repo/d021rs-yolov5-ros2-subscription-node-limitationuk/install/interfaces/include/interfaces/interfaces/srv/detail/set_pose__traits.hpp
-- Up-to-date symlink: /home/intel/repo/d021rs-yolov5-ros2-subscription-node-limitationuk/install/interfaces/include/interfaces/interfaces/srv/detail/set_pose__type_support.hpp
-- Up-to-date symlink: /home/intel/repo/d021rs-yolov5-ros2-subscription-node-limitationuk/install/interfaces/include/interfaces/interfaces/srv/detail/set_string__builder.hpp
-- Up-to-date symlink: /home/intel/repo/d021rs-yolov5-ros2-subscription-node-limitationuk/install/interfaces/include/interfaces/interfaces/srv/detail/set_string__struct.hpp
-- Up-to-date symlink: /home/intel/repo/d021rs-yolov5-ros2-subscription-node-limitationuk/install/interfaces/include/interfaces/interfaces/srv/detail/set_string__traits.hpp
-- Up-to-date symlink: /home/intel/repo/d021rs-yolov5-ros2-subscription-node-limitationuk/install/interfaces/include/interfaces/interfaces/srv/detail/set_string__type_support.hpp
-- Up-to-date symlink: /home/intel/repo/d021rs-yolov5-ros2-subscription-node-limitationuk/install/interfaces/include/interfaces/interfaces/srv/detail/set_string_list__builder.hpp
-- Up-to-date symlink: /home/intel/repo/d021rs-yolov5-ros2-subscription-node-limitationuk/install/interfaces/include/interfaces/interfaces/srv/detail/set_string_list__struct.hpp
-- Up-to-date symlink: /home/intel/repo/d021rs-yolov5-ros2-subscription-node-limitationuk/install/interfaces/include/interfaces/interfaces/srv/detail/set_string_list__traits.hpp
-- Up-to-date symlink: /home/intel/repo/d021rs-yolov5-ros2-subscription-node-limitationuk/install/interfaces/include/interfaces/interfaces/srv/detail/set_string_list__type_support.hpp
-- Up-to-date symlink: /home/intel/repo/d021rs-yolov5-ros2-subscription-node-limitationuk/install/interfaces/include/interfaces/interfaces/srv/get_pose.hpp
-- Up-to-date symlink: /home/intel/repo/d021rs-yolov5-ros2-subscription-node-limitationuk/install/interfaces/include/interfaces/interfaces/srv/set_circle_roi.hpp
-- Up-to-date symlink: /home/intel/repo/d021rs-yolov5-ros2-subscription-node-limitationuk/install/interfaces/include/interfaces/interfaces/srv/set_color_detect_param.hpp
-- Up-to-date symlink: /home/intel/repo/d021rs-yolov5-ros2-subscription-node-limitationuk/install/interfaces/include/interfaces/interfaces/srv/set_color_rgba.hpp
-- Up-to-date symlink: /home/intel/repo/d021rs-yolov5-ros2-subscription-node-limitationuk/install/interfaces/include/interfaces/interfaces/srv/set_float64.hpp
-- Up-to-date symlink: /home/intel/repo/d021rs-yolov5-ros2-subscription-node-limitationuk/install/interfaces/include/interfaces/interfaces/srv/set_float64_list.hpp
-- Up-to-date symlink: /home/intel/repo/d021rs-yolov5-ros2-subscription-node-limitationuk/install/interfaces/include/interfaces/interfaces/srv/set_int64.hpp
-- Up-to-date symlink: /home/intel/repo/d021rs-yolov5-ros2-subscription-node-limitationuk/install/interfaces/include/interfaces/interfaces/srv/set_line_roi.hpp
-- Up-to-date symlink: /home/intel/repo/d021rs-yolov5-ros2-subscription-node-limitationuk/install/interfaces/include/interfaces/interfaces/srv/set_point.hpp
-- Up-to-date symlink: /home/intel/repo/d021rs-yolov5-ros2-subscription-node-limitationuk/install/interfaces/include/interfaces/interfaces/srv/set_pose.hpp
-- Up-to-date symlink: /home/intel/repo/d021rs-yolov5-ros2-subscription-node-limitationuk/install/interfaces/include/interfaces/interfaces/srv/set_pose2_d.hpp
-- Up-to-date symlink: /home/intel/repo/d021rs-yolov5-ros2-subscription-node-limitationuk/install/interfaces/include/interfaces/interfaces/srv/set_string.hpp
-- Up-to-date symlink: /home/intel/repo/d021rs-yolov5-ros2-subscription-node-limitationuk/install/interfaces/include/interfaces/interfaces/srv/set_string_list.hpp
-- Up-to-date symlink: /home/intel/repo/d021rs-yolov5-ros2-subscription-node-limitationuk/install/interfaces/include/interfaces/interfaces/msg/detail/color_detect__rosidl_typesupport_fastrtps_cpp.hpp
-- Up-to-date symlink: /home/intel/repo/d021rs-yolov5-ros2-subscription-node-limitationuk/install/interfaces/include/interfaces/interfaces/msg/detail/color_info__rosidl_typesupport_fastrtps_cpp.hpp
-- Up-to-date symlink: /home/intel/repo/d021rs-yolov5-ros2-subscription-node-limitationuk/install/interfaces/include/interfaces/interfaces/msg/detail/colors_info__rosidl_typesupport_fastrtps_cpp.hpp
-- Up-to-date symlink: /home/intel/repo/d021rs-yolov5-ros2-subscription-node-limitationuk/install/interfaces/include/interfaces/interfaces/msg/detail/line_roi__rosidl_typesupport_fastrtps_cpp.hpp
-- Up-to-date symlink: /home/intel/repo/d021rs-yolov5-ros2-subscription-node-limitationuk/install/interfaces/include/interfaces/interfaces/msg/detail/object_info__rosidl_typesupport_fastrtps_cpp.hpp
-- Up-to-date symlink: /home/intel/repo/d021rs-yolov5-ros2-subscription-node-limitationuk/install/interfaces/include/interfaces/interfaces/msg/detail/objects_info__rosidl_typesupport_fastrtps_cpp.hpp
-- Up-to-date symlink: /home/intel/repo/d021rs-yolov5-ros2-subscription-node-limitationuk/install/interfaces/include/interfaces/interfaces/msg/detail/pixel_position__rosidl_typesupport_fastrtps_cpp.hpp
-- Up-to-date symlink: /home/intel/repo/d021rs-yolov5-ros2-subscription-node-limitationuk/install/interfaces/include/interfaces/interfaces/msg/detail/point2_d__rosidl_typesupport_fastrtps_cpp.hpp
-- Up-to-date symlink: /home/intel/repo/d021rs-yolov5-ros2-subscription-node-limitationuk/install/interfaces/include/interfaces/interfaces/msg/detail/points__rosidl_typesupport_fastrtps_cpp.hpp
-- Up-to-date symlink: /home/intel/repo/d021rs-yolov5-ros2-subscription-node-limitationuk/install/interfaces/include/interfaces/interfaces/msg/detail/pose2_d__rosidl_typesupport_fastrtps_cpp.hpp
-- Up-to-date symlink: /home/intel/repo/d021rs-yolov5-ros2-subscription-node-limitationuk/install/interfaces/include/interfaces/interfaces/msg/detail/roi__rosidl_typesupport_fastrtps_cpp.hpp
-- Up-to-date symlink: /home/intel/repo/d021rs-yolov5-ros2-subscription-node-limitationuk/install/interfaces/include/interfaces/interfaces/msg/rosidl_typesupport_fastrtps_cpp__visibility_control.h
-- Up-to-date symlink: /home/intel/repo/d021rs-yolov5-ros2-subscription-node-limitationuk/install/interfaces/include/interfaces/interfaces/srv/detail/get_pose__rosidl_typesupport_fastrtps_cpp.hpp
-- Up-to-date symlink: /home/intel/repo/d021rs-yolov5-ros2-subscription-node-limitationuk/install/interfaces/include/interfaces/interfaces/srv/detail/set_circle_roi__rosidl_typesupport_fastrtps_cpp.hpp
-- Up-to-date symlink: /home/intel/repo/d021rs-yolov5-ros2-subscription-node-limitationuk/install/interfaces/include/interfaces/interfaces/srv/detail/set_color_detect_param__rosidl_typesupport_fastrtps_cpp.hpp
-- Up-to-date symlink: /home/intel/repo/d021rs-yolov5-ros2-subscription-node-limitationuk/install/interfaces/include/interfaces/interfaces/srv/detail/set_color_rgba__rosidl_typesupport_fastrtps_cpp.hpp
-- Up-to-date symlink: /home/intel/repo/d021rs-yolov5-ros2-subscription-node-limitationuk/install/interfaces/include/interfaces/interfaces/srv/detail/set_float64__rosidl_typesupport_fastrtps_cpp.hpp
-- Up-to-date symlink: /home/intel/repo/d021rs-yolov5-ros2-subscription-node-limitationuk/install/interfaces/include/interfaces/interfaces/srv/detail/set_float64_list__rosidl_typesupport_fastrtps_cpp.hpp
-- Up-to-date symlink: /home/intel/repo/d021rs-yolov5-ros2-subscription-node-limitationuk/install/interfaces/include/interfaces/interfaces/srv/detail/set_int64__rosidl_typesupport_fastrtps_cpp.hpp
-- Up-to-date symlink: /home/intel/repo/d021rs-yolov5-ros2-subscription-node-limitationuk/install/interfaces/include/interfaces/interfaces/srv/detail/set_line_roi__rosidl_typesupport_fastrtps_cpp.hpp
-- Up-to-date symlink: /home/intel/repo/d021rs-yolov5-ros2-subscription-node-limitationuk/install/interfaces/include/interfaces/interfaces/srv/detail/set_point__rosidl_typesupport_fastrtps_cpp.hpp
-- Up-to-date symlink: /home/intel/repo/d021rs-yolov5-ros2-subscription-node-limitationuk/install/interfaces/include/interfaces/interfaces/srv/detail/set_pose2_d__rosidl_typesupport_fastrtps_cpp.hpp
-- Up-to-date symlink: /home/intel/repo/d021rs-yolov5-ros2-subscription-node-limitationuk/install/interfaces/include/interfaces/interfaces/srv/detail/set_pose__rosidl_typesupport_fastrtps_cpp.hpp
-- Up-to-date symlink: /home/intel/repo/d021rs-yolov5-ros2-subscription-node-limitationuk/install/interfaces/include/interfaces/interfaces/srv/detail/set_string__rosidl_typesupport_fastrtps_cpp.hpp
-- Up-to-date symlink: /home/intel/repo/d021rs-yolov5-ros2-subscription-node-limitationuk/install/interfaces/include/interfaces/interfaces/srv/detail/set_string_list__rosidl_typesupport_fastrtps_cpp.hpp
-- Up-to-date symlink: /home/intel/repo/d021rs-yolov5-ros2-subscription-node-limitationuk/install/interfaces/include/interfaces/interfaces/msg/detail/color_detect__rosidl_typesupport_introspection_c.h
-- Up-to-date symlink: /home/intel/repo/d021rs-yolov5-ros2-subscription-node-limitationuk/install/interfaces/include/interfaces/interfaces/msg/detail/color_info__rosidl_typesupport_introspection_c.h
-- Up-to-date symlink: /home/intel/repo/d021rs-yolov5-ros2-subscription-node-limitationuk/install/interfaces/include/interfaces/interfaces/msg/detail/colors_info__rosidl_typesupport_introspection_c.h
-- Up-to-date symlink: /home/intel/repo/d021rs-yolov5-ros2-subscription-node-limitationuk/install/interfaces/include/interfaces/interfaces/msg/detail/line_roi__rosidl_typesupport_introspection_c.h
-- Up-to-date symlink: /home/intel/repo/d021rs-yolov5-ros2-subscription-node-limitationuk/install/interfaces/include/interfaces/interfaces/msg/detail/object_info__rosidl_typesupport_introspection_c.h
-- Up-to-date symlink: /home/intel/repo/d021rs-yolov5-ros2-subscription-node-limitationuk/install/interfaces/include/interfaces/interfaces/msg/detail/objects_info__rosidl_typesupport_introspection_c.h
-- Up-to-date symlink: /home/intel/repo/d021rs-yolov5-ros2-subscription-node-limitationuk/install/interfaces/include/interfaces/interfaces/msg/detail/pixel_position__rosidl_typesupport_introspection_c.h
-- Up-to-date symlink: /home/intel/repo/d021rs-yolov5-ros2-subscription-node-limitationuk/install/interfaces/include/interfaces/interfaces/msg/detail/point2_d__rosidl_typesupport_introspection_c.h
-- Up-to-date symlink: /home/intel/repo/d021rs-yolov5-ros2-subscription-node-limitationuk/install/interfaces/include/interfaces/interfaces/msg/detail/points__rosidl_typesupport_introspection_c.h
-- Up-to-date symlink: /home/intel/repo/d021rs-yolov5-ros2-subscription-node-limitationuk/install/interfaces/include/interfaces/interfaces/msg/detail/pose2_d__rosidl_typesupport_introspection_c.h
-- Up-to-date symlink: /home/intel/repo/d021rs-yolov5-ros2-subscription-node-limitationuk/install/interfaces/include/interfaces/interfaces/msg/detail/roi__rosidl_typesupport_introspection_c.h
-- Up-to-date symlink: /home/intel/repo/d021rs-yolov5-ros2-subscription-node-limitationuk/install/interfaces/include/interfaces/interfaces/msg/rosidl_typesupport_introspection_c__visibility_control.h
-- Up-to-date symlink: /home/intel/repo/d021rs-yolov5-ros2-subscription-node-limitationuk/install/interfaces/include/interfaces/interfaces/srv/detail/get_pose__rosidl_typesupport_introspection_c.h
-- Up-to-date symlink: /home/intel/repo/d021rs-yolov5-ros2-subscription-node-limitationuk/install/interfaces/include/interfaces/interfaces/srv/detail/set_circle_roi__rosidl_typesupport_introspection_c.h
-- Up-to-date symlink: /home/intel/repo/d021rs-yolov5-ros2-subscription-node-limitationuk/install/interfaces/include/interfaces/interfaces/srv/detail/set_color_detect_param__rosidl_typesupport_introspection_c.h
-- Up-to-date symlink: /home/intel/repo/d021rs-yolov5-ros2-subscription-node-limitationuk/install/interfaces/include/interfaces/interfaces/srv/detail/set_color_rgba__rosidl_typesupport_introspection_c.h
-- Up-to-date symlink: /home/intel/repo/d021rs-yolov5-ros2-subscription-node-limitationuk/install/interfaces/include/interfaces/interfaces/srv/detail/set_float64__rosidl_typesupport_introspection_c.h
-- Up-to-date symlink: /home/intel/repo/d021rs-yolov5-ros2-subscription-node-limitationuk/install/interfaces/include/interfaces/interfaces/srv/detail/set_float64_list__rosidl_typesupport_introspection_c.h
-- Up-to-date symlink: /home/intel/repo/d021rs-yolov5-ros2-subscription-node-limitationuk/install/interfaces/include/interfaces/interfaces/srv/detail/set_int64__rosidl_typesupport_introspection_c.h
-- Up-to-date symlink: /home/intel/repo/d021rs-yolov5-ros2-subscription-node-limitationuk/install/interfaces/include/interfaces/interfaces/srv/detail/set_line_roi__rosidl_typesupport_introspection_c.h
-- Up-to-date symlink: /home/intel/repo/d021rs-yolov5-ros2-subscription-node-limitationuk/install/interfaces/include/interfaces/interfaces/srv/detail/set_point__rosidl_typesupport_introspection_c.h
-- Up-to-date symlink: /home/intel/repo/d021rs-yolov5-ros2-subscription-node-limitationuk/install/interfaces/include/interfaces/interfaces/srv/detail/set_pose2_d__rosidl_typesupport_introspection_c.h
-- Up-to-date symlink: /home/intel/repo/d021rs-yolov5-ros2-subscription-node-limitationuk/install/interfaces/include/interfaces/interfaces/srv/detail/set_pose__rosidl_typesupport_introspection_c.h
-- Up-to-date symlink: /home/intel/repo/d021rs-yolov5-ros2-subscription-node-limitationuk/install/interfaces/include/interfaces/interfaces/srv/detail/set_string__rosidl_typesupport_introspection_c.h
-- Up-to-date symlink: /home/intel/repo/d021rs-yolov5-ros2-subscription-node-limitationuk/install/interfaces/include/interfaces/interfaces/srv/detail/set_string_list__rosidl_typesupport_introspection_c.h
-- Up-to-date symlink: /home/intel/repo/d021rs-yolov5-ros2-subscription-node-limitationuk/install/interfaces/include/interfaces/interfaces/msg/detail/color_detect__rosidl_typesupport_introspection_cpp.hpp
-- Up-to-date symlink: /home/intel/repo/d021rs-yolov5-ros2-subscription-node-limitationuk/install/interfaces/include/interfaces/interfaces/msg/detail/color_info__rosidl_typesupport_introspection_cpp.hpp
-- Up-to-date symlink: /home/intel/repo/d021rs-yolov5-ros2-subscription-node-limitationuk/install/interfaces/include/interfaces/interfaces/msg/detail/colors_info__rosidl_typesupport_introspection_cpp.hpp
-- Up-to-date symlink: /home/intel/repo/d021rs-yolov5-ros2-subscription-node-limitationuk/install/interfaces/include/interfaces/interfaces/msg/detail/line_roi__rosidl_typesupport_introspection_cpp.hpp
-- Up-to-date symlink: /home/intel/repo/d021rs-yolov5-ros2-subscription-node-limitationuk/install/interfaces/include/interfaces/interfaces/msg/detail/object_info__rosidl_typesupport_introspection_cpp.hpp
-- Up-to-date symlink: /home/intel/repo/d021rs-yolov5-ros2-subscription-node-limitationuk/install/interfaces/include/interfaces/interfaces/msg/detail/objects_info__rosidl_typesupport_introspection_cpp.hpp
-- Up-to-date symlink: /home/intel/repo/d021rs-yolov5-ros2-subscription-node-limitationuk/install/interfaces/include/interfaces/interfaces/msg/detail/pixel_position__rosidl_typesupport_introspection_cpp.hpp
-- Up-to-date symlink: /home/intel/repo/d021rs-yolov5-ros2-subscription-node-limitationuk/install/interfaces/include/interfaces/interfaces/msg/detail/point2_d__rosidl_typesupport_introspection_cpp.hpp
-- Up-to-date symlink: /home/intel/repo/d021rs-yolov5-ros2-subscription-node-limitationuk/install/interfaces/include/interfaces/interfaces/msg/detail/points__rosidl_typesupport_introspection_cpp.hpp
-- Up-to-date symlink: /home/intel/repo/d021rs-yolov5-ros2-subscription-node-limitationuk/install/interfaces/include/interfaces/interfaces/msg/detail/pose2_d__rosidl_typesupport_introspection_cpp.hpp
-- Up-to-date symlink: /home/intel/repo/d021rs-yolov5-ros2-subscription-node-limitationuk/install/interfaces/include/interfaces/interfaces/msg/detail/roi__rosidl_typesupport_introspection_cpp.hpp
-- Up-to-date symlink: /home/intel/repo/d021rs-yolov5-ros2-subscription-node-limitationuk/install/interfaces/include/interfaces/interfaces/srv/detail/get_pose__rosidl_typesupport_introspection_cpp.hpp
-- Up-to-date symlink: /home/intel/repo/d021rs-yolov5-ros2-subscription-node-limitationuk/install/interfaces/include/interfaces/interfaces/srv/detail/set_circle_roi__rosidl_typesupport_introspection_cpp.hpp
-- Up-to-date symlink: /home/intel/repo/d021rs-yolov5-ros2-subscription-node-limitationuk/install/interfaces/include/interfaces/interfaces/srv/detail/set_color_detect_param__rosidl_typesupport_introspection_cpp.hpp
-- Up-to-date symlink: /home/intel/repo/d021rs-yolov5-ros2-subscription-node-limitationuk/install/interfaces/include/interfaces/interfaces/srv/detail/set_color_rgba__rosidl_typesupport_introspection_cpp.hpp
-- Up-to-date symlink: /home/intel/repo/d021rs-yolov5-ros2-subscription-node-limitationuk/install/interfaces/include/interfaces/interfaces/srv/detail/set_float64__rosidl_typesupport_introspection_cpp.hpp
-- Up-to-date symlink: /home/intel/repo/d021rs-yolov5-ros2-subscription-node-limitationuk/install/interfaces/include/interfaces/interfaces/srv/detail/set_float64_list__rosidl_typesupport_introspection_cpp.hpp
-- Up-to-date symlink: /home/intel/repo/d021rs-yolov5-ros2-subscription-node-limitationuk/install/interfaces/include/interfaces/interfaces/srv/detail/set_int64__rosidl_typesupport_introspection_cpp.hpp
-- Up-to-date symlink: /home/intel/repo/d021rs-yolov5-ros2-subscription-node-limitationuk/install/interfaces/include/interfaces/interfaces/srv/detail/set_line_roi__rosidl_typesupport_introspection_cpp.hpp
-- Up-to-date symlink: /home/intel/repo/d021rs-yolov5-ros2-subscription-node-limitationuk/install/interfaces/include/interfaces/interfaces/srv/detail/set_point__rosidl_typesupport_introspection_cpp.hpp
-- Up-to-date symlink: /home/intel/repo/d021rs-yolov5-ros2-subscription-node-limitationuk/install/interfaces/include/interfaces/interfaces/srv/detail/set_pose2_d__rosidl_typesupport_introspection_cpp.hpp
-- Up-to-date symlink: /home/intel/repo/d021rs-yolov5-ros2-subscription-node-limitationuk/install/interfaces/include/interfaces/interfaces/srv/detail/set_pose__rosidl_typesupport_introspection_cpp.hpp
-- Up-to-date symlink: /home/intel/repo/d021rs-yolov5-ros2-subscription-node-limitationuk/install/interfaces/include/interfaces/interfaces/srv/detail/set_string__rosidl_typesupport_introspection_cpp.hpp
-- Up-to-date symlink: /home/intel/repo/d021rs-yolov5-ros2-subscription-node-limitationuk/install/interfaces/include/interfaces/interfaces/srv/detail/set_string_list__rosidl_typesupport_introspection_cpp.hpp
-- Up-to-date symlink: /home/intel/repo/d021rs-yolov5-ros2-subscription-node-limitationuk/install/interfaces/share/interfaces/environment/pythonpath.sh
-- Up-to-date symlink: /home/intel/repo/d021rs-yolov5-ros2-subscription-node-limitationuk/install/interfaces/share/interfaces/environment/pythonpath.dsv
-- Up-to-date symlink: /home/intel/repo/d021rs-yolov5-ros2-subscription-node-limitationuk/install/interfaces/lib/python3.12/site-packages/interfaces-0.0.0-py3.12.egg-info/PKG-INFO
-- Up-to-date symlink: /home/intel/repo/d021rs-yolov5-ros2-subscription-node-limitationuk/install/interfaces/lib/python3.12/site-packages/interfaces-0.0.0-py3.12.egg-info/SOURCES.txt
-- Up-to-date symlink: /home/intel/repo/d021rs-yolov5-ros2-subscription-node-limitationuk/install/interfaces/lib/python3.12/site-packages/interfaces-0.0.0-py3.12.egg-info/dependency_links.txt
-- Up-to-date symlink: /home/intel/repo/d021rs-yolov5-ros2-subscription-node-limitationuk/install/interfaces/lib/python3.12/site-packages/interfaces-0.0.0-py3.12.egg-info/top_level.txt
-- Up-to-date symlink: /home/intel/repo/d021rs-yolov5-ros2-subscription-node-limitationuk/install/interfaces/lib/python3.12/site-packages/interfaces/__init__.py
-- Up-to-date symlink: /home/intel/repo/d021rs-yolov5-ros2-subscription-node-limitationuk/install/interfaces/lib/python3.12/site-packages/interfaces/_interfaces_s.ep.rosidl_typesupport_c.c
-- Up-to-date symlink: /home/intel/repo/d021rs-yolov5-ros2-subscription-node-limitationuk/install/interfaces/lib/python3.12/site-packages/interfaces/_interfaces_s.ep.rosidl_typesupport_fastrtps_c.c
-- Up-to-date symlink: /home/intel/repo/d021rs-yolov5-ros2-subscription-node-limitationuk/install/interfaces/lib/python3.12/site-packages/interfaces/_interfaces_s.ep.rosidl_typesupport_introspection_c.c
-- Up-to-date symlink: /home/intel/repo/d021rs-yolov5-ros2-subscription-node-limitationuk/install/interfaces/lib/python3.12/site-packages/interfaces/interfaces_s__rosidl_typesupport_c.so
-- Up-to-date symlink: /home/intel/repo/d021rs-yolov5-ros2-subscription-node-limitationuk/install/interfaces/lib/python3.12/site-packages/interfaces/interfaces_s__rosidl_typesupport_fastrtps_c.so
-- Up-to-date symlink: /home/intel/repo/d021rs-yolov5-ros2-subscription-node-limitationuk/install/interfaces/lib/python3.12/site-packages/interfaces/interfaces_s__rosidl_typesupport_introspection_c.so
-- Up-to-date symlink: /home/intel/repo/d021rs-yolov5-ros2-subscription-node-limitationuk/install/interfaces/lib/python3.12/site-packages/interfaces/msg/__init__.py
-- Up-to-date symlink: /home/intel/repo/d021rs-yolov5-ros2-subscription-node-limitationuk/install/interfaces/lib/python3.12/site-packages/interfaces/msg/_color_detect.py
-- Up-to-date symlink: /home/intel/repo/d021rs-yolov5-ros2-subscription-node-limitationuk/install/interfaces/lib/python3.12/site-packages/interfaces/msg/_color_detect_s.c
-- Up-to-date symlink: /home/intel/repo/d021rs-yolov5-ros2-subscription-node-limitationuk/install/interfaces/lib/python3.12/site-packages/interfaces/msg/_color_info.py
-- Up-to-date symlink: /home/intel/repo/d021rs-yolov5-ros2-subscription-node-limitationuk/install/interfaces/lib/python3.12/site-packages/interfaces/msg/_color_info_s.c
-- Up-to-date symlink: /home/intel/repo/d021rs-yolov5-ros2-subscription-node-limitationuk/install/interfaces/lib/python3.12/site-packages/interfaces/msg/_colors_info.py
-- Up-to-date symlink: /home/intel/repo/d021rs-yolov5-ros2-subscription-node-limitationuk/install/interfaces/lib/python3.12/site-packages/interfaces/msg/_colors_info_s.c
-- Up-to-date symlink: /home/intel/repo/d021rs-yolov5-ros2-subscription-node-limitationuk/install/interfaces/lib/python3.12/site-packages/interfaces/msg/_line_roi.py
-- Up-to-date symlink: /home/intel/repo/d021rs-yolov5-ros2-subscription-node-limitationuk/install/interfaces/lib/python3.12/site-packages/interfaces/msg/_line_roi_s.c
-- Up-to-date symlink: /home/intel/repo/d021rs-yolov5-ros2-subscription-node-limitationuk/install/interfaces/lib/python3.12/site-packages/interfaces/msg/_object_info.py
-- Up-to-date symlink: /home/intel/repo/d021rs-yolov5-ros2-subscription-node-limitationuk/install/interfaces/lib/python3.12/site-packages/interfaces/msg/_object_info_s.c
-- Up-to-date symlink: /home/intel/repo/d021rs-yolov5-ros2-subscription-node-limitationuk/install/interfaces/lib/python3.12/site-packages/interfaces/msg/_objects_info.py
-- Up-to-date symlink: /home/intel/repo/d021rs-yolov5-ros2-subscription-node-limitationuk/install/interfaces/lib/python3.12/site-packages/interfaces/msg/_objects_info_s.c
-- Up-to-date symlink: /home/intel/repo/d021rs-yolov5-ros2-subscription-node-limitationuk/install/interfaces/lib/python3.12/site-packages/interfaces/msg/_pixel_position.py
-- Up-to-date symlink: /home/intel/repo/d021rs-yolov5-ros2-subscription-node-limitationuk/install/interfaces/lib/python3.12/site-packages/interfaces/msg/_pixel_position_s.c
-- Up-to-date symlink: /home/intel/repo/d021rs-yolov5-ros2-subscription-node-limitationuk/install/interfaces/lib/python3.12/site-packages/interfaces/msg/_point2_d.py
-- Up-to-date symlink: /home/intel/repo/d021rs-yolov5-ros2-subscription-node-limitationuk/install/interfaces/lib/python3.12/site-packages/interfaces/msg/_point2_d_s.c
-- Up-to-date symlink: /home/intel/repo/d021rs-yolov5-ros2-subscription-node-limitationuk/install/interfaces/lib/python3.12/site-packages/interfaces/msg/_points.py
-- Up-to-date symlink: /home/intel/repo/d021rs-yolov5-ros2-subscription-node-limitationuk/install/interfaces/lib/python3.12/site-packages/interfaces/msg/_points_s.c
-- Up-to-date symlink: /home/intel/repo/d021rs-yolov5-ros2-subscription-node-limitationuk/install/interfaces/lib/python3.12/site-packages/interfaces/msg/_pose2_d.py
-- Up-to-date symlink: /home/intel/repo/d021rs-yolov5-ros2-subscription-node-limitationuk/install/interfaces/lib/python3.12/site-packages/interfaces/msg/_pose2_d_s.c
-- Up-to-date symlink: /home/intel/repo/d021rs-yolov5-ros2-subscription-node-limitationuk/install/interfaces/lib/python3.12/site-packages/interfaces/msg/_roi.py
-- Up-to-date symlink: /home/intel/repo/d021rs-yolov5-ros2-subscription-node-limitationuk/install/interfaces/lib/python3.12/site-packages/interfaces/msg/_roi_s.c
-- Up-to-date symlink: /home/intel/repo/d021rs-yolov5-ros2-subscription-node-limitationuk/install/interfaces/lib/python3.12/site-packages/interfaces/srv/__init__.py
-- Up-to-date symlink: /home/intel/repo/d021rs-yolov5-ros2-subscription-node-limitationuk/install/interfaces/lib/python3.12/site-packages/interfaces/srv/_get_pose.py
-- Up-to-date symlink: /home/intel/repo/d021rs-yolov5-ros2-subscription-node-limitationuk/install/interfaces/lib/python3.12/site-packages/interfaces/srv/_get_pose_s.c
-- Up-to-date symlink: /home/intel/repo/d021rs-yolov5-ros2-subscription-node-limitationuk/install/interfaces/lib/python3.12/site-packages/interfaces/srv/_set_circle_roi.py
-- Up-to-date symlink: /home/intel/repo/d021rs-yolov5-ros2-subscription-node-limitationuk/install/interfaces/lib/python3.12/site-packages/interfaces/srv/_set_circle_roi_s.c
-- Up-to-date symlink: /home/intel/repo/d021rs-yolov5-ros2-subscription-node-limitationuk/install/interfaces/lib/python3.12/site-packages/interfaces/srv/_set_color_detect_param.py
-- Up-to-date symlink: /home/intel/repo/d021rs-yolov5-ros2-subscription-node-limitationuk/install/interfaces/lib/python3.12/site-packages/interfaces/srv/_set_color_detect_param_s.c
-- Up-to-date symlink: /home/intel/repo/d021rs-yolov5-ros2-subscription-node-limitationuk/install/interfaces/lib/python3.12/site-packages/interfaces/srv/_set_color_rgba.py
-- Up-to-date symlink: /home/intel/repo/d021rs-yolov5-ros2-subscription-node-limitationuk/install/interfaces/lib/python3.12/site-packages/interfaces/srv/_set_color_rgba_s.c
-- Up-to-date symlink: /home/intel/repo/d021rs-yolov5-ros2-subscription-node-limitationuk/install/interfaces/lib/python3.12/site-packages/interfaces/srv/_set_float64.py
-- Up-to-date symlink: /home/intel/repo/d021rs-yolov5-ros2-subscription-node-limitationuk/install/interfaces/lib/python3.12/site-packages/interfaces/srv/_set_float64_list.py
-- Up-to-date symlink: /home/intel/repo/d021rs-yolov5-ros2-subscription-node-limitationuk/install/interfaces/lib/python3.12/site-packages/interfaces/srv/_set_float64_list_s.c
-- Up-to-date symlink: /home/intel/repo/d021rs-yolov5-ros2-subscription-node-limitationuk/install/interfaces/lib/python3.12/site-packages/interfaces/srv/_set_float64_s.c
-- Up-to-date symlink: /home/intel/repo/d021rs-yolov5-ros2-subscription-node-limitationuk/install/interfaces/lib/python3.12/site-packages/interfaces/srv/_set_int64.py
-- Up-to-date symlink: /home/intel/repo/d021rs-yolov5-ros2-subscription-node-limitationuk/install/interfaces/lib/python3.12/site-packages/interfaces/srv/_set_int64_s.c
-- Up-to-date symlink: /home/intel/repo/d021rs-yolov5-ros2-subscription-node-limitationuk/install/interfaces/lib/python3.12/site-packages/interfaces/srv/_set_line_roi.py
-- Up-to-date symlink: /home/intel/repo/d021rs-yolov5-ros2-subscription-node-limitationuk/install/interfaces/lib/python3.12/site-packages/interfaces/srv/_set_line_roi_s.c
-- Up-to-date symlink: /home/intel/repo/d021rs-yolov5-ros2-subscription-node-limitationuk/install/interfaces/lib/python3.12/site-packages/interfaces/srv/_set_point.py
-- Up-to-date symlink: /home/intel/repo/d021rs-yolov5-ros2-subscription-node-limitationuk/install/interfaces/lib/python3.12/site-packages/interfaces/srv/_set_point_s.c
-- Up-to-date symlink: /home/intel/repo/d021rs-yolov5-ros2-subscription-node-limitationuk/install/interfaces/lib/python3.12/site-packages/interfaces/srv/_set_pose.py
-- Up-to-date symlink: /home/intel/repo/d021rs-yolov5-ros2-subscription-node-limitationuk/install/interfaces/lib/python3.12/site-packages/interfaces/srv/_set_pose2_d.py
-- Up-to-date symlink: /home/intel/repo/d021rs-yolov5-ros2-subscription-node-limitationuk/install/interfaces/lib/python3.12/site-packages/interfaces/srv/_set_pose2_d_s.c
-- Up-to-date symlink: /home/intel/repo/d021rs-yolov5-ros2-subscription-node-limitationuk/install/interfaces/lib/python3.12/site-packages/interfaces/srv/_set_pose_s.c
-- Up-to-date symlink: /home/intel/repo/d021rs-yolov5-ros2-subscription-node-limitationuk/install/interfaces/lib/python3.12/site-packages/interfaces/srv/_set_string.py
-- Up-to-date symlink: /home/intel/repo/d021rs-yolov5-ros2-subscription-node-limitationuk/install/interfaces/lib/python3.12/site-packages/interfaces/srv/_set_string_list.py
-- Up-to-date symlink: /home/intel/repo/d021rs-yolov5-ros2-subscription-node-limitationuk/install/interfaces/lib/python3.12/site-packages/interfaces/srv/_set_string_list_s.c
-- Up-to-date symlink: /home/intel/repo/d021rs-yolov5-ros2-subscription-node-limitationuk/install/interfaces/lib/python3.12/site-packages/interfaces/srv/_set_string_s.c
-- Up-to-date symlink: /home/intel/repo/d021rs-yolov5-ros2-subscription-node-limitationuk/install/interfaces/lib/python3.12/site-packages/interfaces/interfaces_s__rosidl_typesupport_fastrtps_c.so
-- Up-to-date symlink: /home/intel/repo/d021rs-yolov5-ros2-subscription-node-limitationuk/install/interfaces/lib/python3.12/site-packages/interfaces/interfaces_s__rosidl_typesupport_introspection_c.so
-- Up-to-date symlink: /home/intel/repo/d021rs-yolov5-ros2-subscription-node-limitationuk/install/interfaces/lib/python3.12/site-packages/interfaces/interfaces_s__rosidl_typesupport_c.so
-- Up-to-date symlink: /home/intel/repo/d021rs-yolov5-ros2-subscription-node-limitationuk/install/interfaces/share/interfaces/msg/ColorDetect.idl
-- Up-to-date symlink: /home/intel/repo/d021rs-yolov5-ros2-subscription-node-limitationuk/install/interfaces/share/interfaces/msg/ColorInfo.idl
-- Up-to-date symlink: /home/intel/repo/d021rs-yolov5-ros2-subscription-node-limitationuk/install/interfaces/share/interfaces/msg/ColorsInfo.idl
-- Up-to-date symlink: /home/intel/repo/d021rs-yolov5-ros2-subscription-node-limitationuk/install/interfaces/share/interfaces/msg/LineROI.idl
-- Up-to-date symlink: /home/intel/repo/d021rs-yolov5-ros2-subscription-node-limitationuk/install/interfaces/share/interfaces/msg/ObjectInfo.idl
-- Up-to-date symlink: /home/intel/repo/d021rs-yolov5-ros2-subscription-node-limitationuk/install/interfaces/share/interfaces/msg/ObjectsInfo.idl
-- Up-to-date symlink: /home/intel/repo/d021rs-yolov5-ros2-subscription-node-limitationuk/install/interfaces/share/interfaces/msg/PixelPosition.idl
-- Up-to-date symlink: /home/intel/repo/d021rs-yolov5-ros2-subscription-node-limitationuk/install/interfaces/share/interfaces/msg/Point2D.idl
-- Up-to-date symlink: /home/intel/repo/d021rs-yolov5-ros2-subscription-node-limitationuk/install/interfaces/share/interfaces/msg/Points.idl
-- Up-to-date symlink: /home/intel/repo/d021rs-yolov5-ros2-subscription-node-limitationuk/install/interfaces/share/interfaces/msg/Pose2D.idl
-- Up-to-date symlink: /home/intel/repo/d021rs-yolov5-ros2-subscription-node-limitationuk/install/interfaces/share/interfaces/msg/ROI.idl
-- Up-to-date symlink: /home/intel/repo/d021rs-yolov5-ros2-subscription-node-limitationuk/install/interfaces/share/interfaces/srv/GetPose.idl
-- Up-to-date symlink: /home/intel/repo/d021rs-yolov5-ros2-subscription-node-limitationuk/install/interfaces/share/interfaces/srv/SetCircleROI.idl
-- Up-to-date symlink: /home/intel/repo/d021rs-yolov5-ros2-subscription-node-limitationuk/install/interfaces/share/interfaces/srv/SetColorDetectParam.idl
-- Up-to-date symlink: /home/intel/repo/d021rs-yolov5-ros2-subscription-node-limitationuk/install/interfaces/share/interfaces/srv/SetColorRGBA.idl
-- Up-to-date symlink: /home/intel/repo/d021rs-yolov5-ros2-subscription-node-limitationuk/install/interfaces/share/interfaces/srv/SetFloat64List.idl
-- Up-to-date symlink: /home/intel/repo/d021rs-yolov5-ros2-subscription-node-limitationuk/install/interfaces/share/interfaces/srv/SetFloat64.idl
-- Up-to-date symlink: /home/intel/repo/d021rs-yolov5-ros2-subscription-node-limitationuk/install/interfaces/share/interfaces/srv/SetInt64.idl
-- Up-to-date symlink: /home/intel/repo/d021rs-yolov5-ros2-subscription-node-limitationuk/install/interfaces/share/interfaces/srv/SetLineROI.idl
-- Up-to-date symlink: /home/intel/repo/d021rs-yolov5-ros2-subscription-node-limitationuk/install/interfaces/share/interfaces/srv/SetPoint.idl
-- Up-to-date symlink: /home/intel/repo/d021rs-yolov5-ros2-subscription-node-limitationuk/install/interfaces/share/interfaces/srv/SetPose2D.idl
-- Up-to-date symlink: /home/intel/repo/d021rs-yolov5-ros2-subscription-node-limitationuk/install/interfaces/share/interfaces/srv/SetPose.idl
-- Up-to-date symlink: /home/intel/repo/d021rs-yolov5-ros2-subscription-node-limitationuk/install/interfaces/share/interfaces/srv/SetStringList.idl
-- Up-to-date symlink: /home/intel/repo/d021rs-yolov5-ros2-subscription-node-limitationuk/install/interfaces/share/interfaces/srv/SetString.idl
-- Up-to-date symlink: /home/intel/repo/d021rs-yolov5-ros2-subscription-node-limitationuk/install/interfaces/share/interfaces/msg/ColorDetect.msg
-- Up-to-date symlink: /home/intel/repo/d021rs-yolov5-ros2-subscription-node-limitationuk/install/interfaces/share/interfaces/msg/ColorInfo.msg
-- Up-to-date symlink: /home/intel/repo/d021rs-yolov5-ros2-subscription-node-limitationuk/install/interfaces/share/interfaces/msg/ColorsInfo.msg
-- Up-to-date symlink: /home/intel/repo/d021rs-yolov5-ros2-subscription-node-limitationuk/install/interfaces/share/interfaces/msg/LineROI.msg
-- Up-to-date symlink: /home/intel/repo/d021rs-yolov5-ros2-subscription-node-limitationuk/install/interfaces/share/interfaces/msg/ObjectInfo.msg
-- Up-to-date symlink: /home/intel/repo/d021rs-yolov5-ros2-subscription-node-limitationuk/install/interfaces/share/interfaces/msg/ObjectsInfo.msg
-- Up-to-date symlink: /home/intel/repo/d021rs-yolov5-ros2-subscription-node-limitationuk/install/interfaces/share/interfaces/msg/PixelPosition.msg
-- Up-to-date symlink: /home/intel/repo/d021rs-yolov5-ros2-subscription-node-limitationuk/install/interfaces/share/interfaces/msg/Point2D.msg
-- Up-to-date symlink: /home/intel/repo/d021rs-yolov5-ros2-subscription-node-limitationuk/install/interfaces/share/interfaces/msg/Points.msg
-- Up-to-date symlink: /home/intel/repo/d021rs-yolov5-ros2-subscription-node-limitationuk/install/interfaces/share/interfaces/msg/Pose2D.msg
-- Up-to-date symlink: /home/intel/repo/d021rs-yolov5-ros2-subscription-node-limitationuk/install/interfaces/share/interfaces/msg/ROI.msg
-- Up-to-date symlink: /home/intel/repo/d021rs-yolov5-ros2-subscription-node-limitationuk/install/interfaces/share/interfaces/srv/GetPose.srv
-- Up-to-date symlink: /home/intel/repo/d021rs-yolov5-ros2-subscription-node-limitationuk/install/interfaces/share/interfaces/srv/SetCircleROI.srv
-- Up-to-date symlink: /home/intel/repo/d021rs-yolov5-ros2-subscription-node-limitationuk/install/interfaces/share/interfaces/srv/SetColorDetectParam.srv
-- Up-to-date symlink: /home/intel/repo/d021rs-yolov5-ros2-subscription-node-limitationuk/install/interfaces/share/interfaces/srv/SetColorRGBA.srv
-- Up-to-date symlink: /home/intel/repo/d021rs-yolov5-ros2-subscription-node-limitationuk/install/interfaces/share/interfaces/srv/SetFloat64List.srv
-- Up-to-date symlink: /home/intel/repo/d021rs-yolov5-ros2-subscription-node-limitationuk/install/interfaces/share/interfaces/srv/SetFloat64.srv
-- Up-to-date symlink: /home/intel/repo/d021rs-yolov5-ros2-subscription-node-limitationuk/install/interfaces/share/interfaces/srv/SetInt64.srv
-- Up-to-date symlink: /home/intel/repo/d021rs-yolov5-ros2-subscription-node-limitationuk/install/interfaces/share/interfaces/srv/SetLineROI.srv
-- Up-to-date symlink: /home/intel/repo/d021rs-yolov5-ros2-subscription-node-limitationuk/install/interfaces/share/interfaces/srv/SetPoint.srv
-- Up-to-date symlink: /home/intel/repo/d021rs-yolov5-ros2-subscription-node-limitationuk/install/interfaces/share/interfaces/srv/SetPose2D.srv
-- Up-to-date symlink: /home/intel/repo/d021rs-yolov5-ros2-subscription-node-limitationuk/install/interfaces/share/interfaces/srv/SetPose.srv
-- Up-to-date symlink: /home/intel/repo/d021rs-yolov5-ros2-subscription-node-limitationuk/install/interfaces/share/interfaces/srv/SetStringList.srv
-- Up-to-date symlink: /home/intel/repo/d021rs-yolov5-ros2-subscription-node-limitationuk/install/interfaces/share/interfaces/srv/SetString.srv
-- Up-to-date symlink: /home/intel/repo/d021rs-yolov5-ros2-subscription-node-limitationuk/install/interfaces/share/interfaces/mapping_rules.yaml
-- Up-to-date symlink: /home/intel/repo/d021rs-yolov5-ros2-subscription-node-limitationuk/install/interfaces/share/ament_index/resource_index/package_run_dependencies/interfaces
-- Up-to-date symlink: /home/intel/repo/d021rs-yolov5-ros2-subscription-node-limitationuk/install/interfaces/share/ament_index/resource_index/parent_prefix_path/interfaces
-- Up-to-date symlink: /home/intel/repo/d021rs-yolov5-ros2-subscription-node-limitationuk/install/interfaces/share/interfaces/environment/ament_prefix_path.sh
-- Up-to-date symlink: /home/intel/repo/d021rs-yolov5-ros2-subscription-node-limitationuk/install/interfaces/share/interfaces/environment/ament_prefix_path.dsv
-- Up-to-date symlink: /home/intel/repo/d021rs-yolov5-ros2-subscription-node-limitationuk/install/interfaces/share/interfaces/environment/path.sh
-- Up-to-date symlink: /home/intel/repo/d021rs-yolov5-ros2-subscription-node-limitationuk/install/interfaces/share/interfaces/environment/path.dsv
-- Up-to-date symlink: /home/intel/repo/d021rs-yolov5-ros2-subscription-node-limitationuk/install/interfaces/share/interfaces/local_setup.bash
-- Up-to-date symlink: /home/intel/repo/d021rs-yolov5-ros2-subscription-node-limitationuk/install/interfaces/share/interfaces/local_setup.sh
-- Up-to-date symlink: /home/intel/repo/d021rs-yolov5-ros2-subscription-node-limitationuk/install/interfaces/share/interfaces/local_setup.zsh
-- Up-to-date symlink: /home/intel/repo/d021rs-yolov5-ros2-subscription-node-limitationuk/install/interfaces/share/interfaces/local_setup.dsv
-- Symlinking: /home/intel/repo/d021rs-yolov5-ros2-subscription-node-limitationuk/install/interfaces/share/interfaces/package.dsv
-- Up-to-date symlink: /home/intel/repo/d021rs-yolov5-ros2-subscription-node-limitationuk/install/interfaces/share/ament_index/resource_index/packages/interfaces
-- Up-to-date symlink: /home/intel/repo/d021rs-yolov5-ros2-subscription-node-limitationuk/install/interfaces/share/interfaces/cmake/rosidl_cmake-extras.cmake
-- Up-to-date symlink: /home/intel/repo/d021rs-yolov5-ros2-subscription-node-limitationuk/install/interfaces/share/interfaces/cmake/ament_cmake_export_dependencies-extras.cmake
-- Up-to-date symlink: /home/intel/repo/d021rs-yolov5-ros2-subscription-node-limitationuk/install/interfaces/share/interfaces/cmake/ament_cmake_export_include_directories-extras.cmake
-- Up-to-date symlink: /home/intel/repo/d021rs-yolov5-ros2-subscription-node-limitationuk/install/interfaces/share/interfaces/cmake/ament_cmake_export_libraries-extras.cmake
-- Up-to-date symlink: /home/intel/repo/d021rs-yolov5-ros2-subscription-node-limitationuk/install/interfaces/share/interfaces/cmake/ament_cmake_export_targets-extras.cmake
-- Up-to-date symlink: /home/intel/repo/d021rs-yolov5-ros2-subscription-node-limitationuk/install/interfaces/share/interfaces/cmake/rosidl_cmake_export_typesupport_targets-extras.cmake
-- Up-to-date symlink: /home/intel/repo/d021rs-yolov5-ros2-subscription-node-limitationuk/install/interfaces/share/interfaces/cmake/rosidl_cmake_export_typesupport_libraries-extras.cmake
-- Up-to-date symlink: /home/intel/repo/d021rs-yolov5-ros2-subscription-node-limitationuk/install/interfaces/share/interfaces/cmake/interfacesConfig.cmake
-- Up-to-date symlink: /home/intel/repo/d021rs-yolov5-ros2-subscription-node-limitationuk/install/interfaces/share/interfaces/cmake/interfacesConfig-version.cmake
-- Up-to-date symlink: /home/intel/repo/d021rs-yolov5-ros2-subscription-node-limitationuk/install/interfaces/share/interfaces/package.xml
-- Up-to-date: /home/intel/repo/d021rs-yolov5-ros2-subscription-node-limitationuk/install/interfaces/lib/libinterfaces__rosidl_generator_c.so
-- Up-to-date: /home/intel/repo/d021rs-yolov5-ros2-subscription-node-limitationuk/install/interfaces/lib/libinterfaces__rosidl_typesupport_fastrtps_c.so
-- Up-to-date: /home/intel/repo/d021rs-yolov5-ros2-subscription-node-limitationuk/install/interfaces/lib/libinterfaces__rosidl_typesupport_fastrtps_cpp.so
-- Up-to-date: /home/intel/repo/d021rs-yolov5-ros2-subscription-node-limitationuk/install/interfaces/lib/libinterfaces__rosidl_typesupport_introspection_c.so
-- Up-to-date: /home/intel/repo/d021rs-yolov5-ros2-subscription-node-limitationuk/install/interfaces/lib/libinterfaces__rosidl_typesupport_c.so
-- Up-to-date: /home/intel/repo/d021rs-yolov5-ros2-subscription-node-limitationuk/install/interfaces/lib/libinterfaces__rosidl_typesupport_introspection_cpp.so
-- Up-to-date: /home/intel/repo/d021rs-yolov5-ros2-subscription-node-limitationuk/install/interfaces/lib/libinterfaces__rosidl_typesupport_cpp.so
Listing '/home/intel/repo/d021rs-yolov5-ros2-subscription-node-limitationuk/install/interfaces/lib/python3.12/site-packages/interfaces'...
Listing '/home/intel/repo/d021rs-yolov5-ros2-subscription-node-limitationuk/install/interfaces/lib/python3.12/site-packages/interfaces/msg'...
Listing '/home/intel/repo/d021rs-yolov5-ros2-subscription-node-limitationuk/install/interfaces/lib/python3.12/site-packages/interfaces/srv'...
-- Up-to-date: /home/intel/repo/d021rs-yolov5-ros2-subscription-node-limitationuk/install/interfaces/lib/libinterfaces__rosidl_generator_py.so
-- Up-to-date: /home/intel/repo/d021rs-yolov5-ros2-subscription-node-limitationuk/install/interfaces/share/interfaces/cmake/export_interfaces__rosidl_generator_cExport.cmake
-- Up-to-date: /home/intel/repo/d021rs-yolov5-ros2-subscription-node-limitationuk/install/interfaces/share/interfaces/cmake/export_interfaces__rosidl_generator_cExport-noconfig.cmake
-- Up-to-date: /home/intel/repo/d021rs-yolov5-ros2-subscription-node-limitationuk/install/interfaces/share/interfaces/cmake/export_interfaces__rosidl_typesupport_fastrtps_cExport.cmake
-- Up-to-date: /home/intel/repo/d021rs-yolov5-ros2-subscription-node-limitationuk/install/interfaces/share/interfaces/cmake/export_interfaces__rosidl_typesupport_fastrtps_cExport-noconfig.cmake
-- Up-to-date: /home/intel/repo/d021rs-yolov5-ros2-subscription-node-limitationuk/install/interfaces/share/interfaces/cmake/export_interfaces__rosidl_generator_cppExport.cmake
-- Up-to-date: /home/intel/repo/d021rs-yolov5-ros2-subscription-node-limitationuk/install/interfaces/share/interfaces/cmake/export_interfaces__rosidl_typesupport_fastrtps_cppExport.cmake
-- Up-to-date: /home/intel/repo/d021rs-yolov5-ros2-subscription-node-limitationuk/install/interfaces/share/interfaces/cmake/export_interfaces__rosidl_typesupport_fastrtps_cppExport-noconfig.cmake
-- Up-to-date: /home/intel/repo/d021rs-yolov5-ros2-subscription-node-limitationuk/install/interfaces/share/interfaces/cmake/interfaces__rosidl_typesupport_introspection_cExport.cmake
-- Up-to-date: /home/intel/repo/d021rs-yolov5-ros2-subscription-node-limitationuk/install/interfaces/share/interfaces/cmake/interfaces__rosidl_typesupport_introspection_cExport-noconfig.cmake
-- Up-to-date: /home/intel/repo/d021rs-yolov5-ros2-subscription-node-limitationuk/install/interfaces/share/interfaces/cmake/interfaces__rosidl_typesupport_cExport.cmake
-- Up-to-date: /home/intel/repo/d021rs-yolov5-ros2-subscription-node-limitationuk/install/interfaces/share/interfaces/cmake/interfaces__rosidl_typesupport_cExport-noconfig.cmake
-- Up-to-date: /home/intel/repo/d021rs-yolov5-ros2-subscription-node-limitationuk/install/interfaces/share/interfaces/cmake/interfaces__rosidl_typesupport_introspection_cppExport.cmake
-- Up-to-date: /home/intel/repo/d021rs-yolov5-ros2-subscription-node-limitationuk/install/interfaces/share/interfaces/cmake/interfaces__rosidl_typesupport_introspection_cppExport-noconfig.cmake
-- Up-to-date: /home/intel/repo/d021rs-yolov5-ros2-subscription-node-limitationuk/install/interfaces/share/interfaces/cmake/interfaces__rosidl_typesupport_cppExport.cmake
-- Up-to-date: /home/intel/repo/d021rs-yolov5-ros2-subscription-node-limitationuk/install/interfaces/share/interfaces/cmake/interfaces__rosidl_typesupport_cppExport-noconfig.cmake
-- Up-to-date: /home/intel/repo/d021rs-yolov5-ros2-subscription-node-limitationuk/install/interfaces/share/interfaces/cmake/export_interfaces__rosidl_generator_pyExport.cmake
-- Up-to-date: /home/intel/repo/d021rs-yolov5-ros2-subscription-node-limitationuk/install/interfaces/share/interfaces/cmake/export_interfaces__rosidl_generator_pyExport-noconfig.cmake
