[1.582s] Invoking command in '/home/intel/repo/d021rs-yolov5-ros2-subscription-node-limitationuk/build/app': DEBUGINFOD_URLS=https://debuginfod.ubuntu.com PYTHONPATH=/home/intel/repo/d021rs-yolov5-ros2-subscription-node-limitationuk/build/app/prefix_override:/home/intel/repo/d021rs-yolov5-ros2-subscription-node-limitationuk/.venv/lib/python3.12/site-packages/colcon_core/task/python/colcon_distutils_commands:/home/intel/repo/d021rs-yolov5-ros2-subscription-node-limitationuk/install/app/lib/python3.12/site-packages:${PYTHONPATH} VIRTUAL_ENV_PROMPT=(.venv) /home/intel/repo/d021rs-yolov5-ros2-subscription-node-limitationuk/.venv/bin/python3 -W ignore:setup.py install is deprecated -W ignore:easy_install command is deprecated setup.py develop --editable --build-directory /home/intel/repo/d021rs-yolov5-ros2-subscription-node-limitationuk/build/app/build --no-deps symlink_data
[1.703s] /home/intel/repo/d021rs-yolov5-ros2-subscription-node-limitationuk/.venv/lib/python3.12/site-packages/setuptools/_distutils/dist.py:289: UserWarning: Unknown distribution option: 'tests_require'
[1.703s]   warnings.warn(msg)
[1.766s] running develop
[1.856s] running egg_info
[1.865s] writing app.egg-info/PKG-INFO
[1.865s] writing dependency_links to app.egg-info/dependency_links.txt
[1.865s] writing entry points to app.egg-info/entry_points.txt
[1.865s] writing requirements to app.egg-info/requires.txt
[1.865s] writing top-level names to app.egg-info/top_level.txt
[1.889s] reading manifest file 'app.egg-info/SOURCES.txt'
[1.889s] writing manifest file 'app.egg-info/SOURCES.txt'
[1.896s] running build_ext
[1.896s] Creating /home/intel/repo/d021rs-yolov5-ros2-subscription-node-limitationuk/install/app/lib/python3.12/site-packages/app.egg-link (link to .)
[1.896s] Installing ar_app script to /home/intel/repo/d021rs-yolov5-ros2-subscription-node-limitationuk/install/app/lib/app
[1.897s] Installing hand_gesture script to /home/intel/repo/d021rs-yolov5-ros2-subscription-node-limitationuk/install/app/lib/app
[1.897s] Installing hand_trajectory script to /home/intel/repo/d021rs-yolov5-ros2-subscription-node-limitationuk/install/app/lib/app
[1.897s] Installing lidar_controller script to /home/intel/repo/d021rs-yolov5-ros2-subscription-node-limitationuk/install/app/lib/app
[1.897s] Installing line_following script to /home/intel/repo/d021rs-yolov5-ros2-subscription-node-limitationuk/install/app/lib/app
[1.897s] Installing object_tracking script to /home/intel/repo/d021rs-yolov5-ros2-subscription-node-limitationuk/install/app/lib/app
[1.897s] 
[1.897s] Installed /home/intel/repo/d021rs-yolov5-ros2-subscription-node-limitationuk/build/app
[1.897s] running symlink_data
[1.921s] Invoked command in '/home/intel/repo/d021rs-yolov5-ros2-subscription-node-limitationuk/build/app' returned '0': DEBUGINFOD_URLS=https://debuginfod.ubuntu.com PYTHONPATH=/home/intel/repo/d021rs-yolov5-ros2-subscription-node-limitationuk/build/app/prefix_override:/home/intel/repo/d021rs-yolov5-ros2-subscription-node-limitationuk/.venv/lib/python3.12/site-packages/colcon_core/task/python/colcon_distutils_commands:/home/intel/repo/d021rs-yolov5-ros2-subscription-node-limitationuk/install/app/lib/python3.12/site-packages:${PYTHONPATH} VIRTUAL_ENV_PROMPT=(.venv) /home/intel/repo/d021rs-yolov5-ros2-subscription-node-limitationuk/.venv/bin/python3 -W ignore:setup.py install is deprecated -W ignore:easy_install command is deprecated setup.py develop --editable --build-directory /home/intel/repo/d021rs-yolov5-ros2-subscription-node-limitationuk/build/app/build --no-deps symlink_data
