/home/intel/repo/d021rs-yolov5-ros2-subscription-node-limitationuk/.venv/lib/python3.12/site-packages/setuptools/_distutils/dist.py:289: UserWarning: Unknown distribution option: 'tests_require'
  warnings.warn(msg)
running develop
running egg_info
creating navigation.egg-info
writing navigation.egg-info/PKG-INFO
writing dependency_links to navigation.egg-info/dependency_links.txt
writing requirements to navigation.egg-info/requires.txt
writing top-level names to navigation.egg-info/top_level.txt
writing manifest file 'navigation.egg-info/SOURCES.txt'
reading manifest file 'navigation.egg-info/SOURCES.txt'
writing manifest file 'navigation.egg-info/SOURCES.txt'
running build_ext
Creating /home/intel/repo/d021rs-yolov5-ros2-subscription-node-limitationuk/install/navigation/lib/python3.12/site-packages/navigation.egg-link (link to .)

Installed /home/intel/repo/d021rs-yolov5-ros2-subscription-node-limitationuk/build/navigation
running symlink_data
creating /home/intel/repo/d021rs-yolov5-ros2-subscription-node-limitationuk/install/navigation/share/ament_index/resource_index/packages
symbolically linking /home/intel/repo/d021rs-yolov5-ros2-subscription-node-limitationuk/build/navigation/resource/navigation -> /home/intel/repo/d021rs-yolov5-ros2-subscription-node-limitationuk/install/navigation/share/ament_index/resource_index/packages
symbolically linking /home/intel/repo/d021rs-yolov5-ros2-subscription-node-limitationuk/build/navigation/package.xml -> /home/intel/repo/d021rs-yolov5-ros2-subscription-node-limitationuk/install/navigation/share/navigation
creating /home/intel/repo/d021rs-yolov5-ros2-subscription-node-limitationuk/install/navigation/share/navigation/launch
symbolically linking /home/intel/repo/d021rs-yolov5-ros2-subscription-node-limitationuk/build/navigation/launch/navigation.launch.py -> /home/intel/repo/d021rs-yolov5-ros2-subscription-node-limitationuk/install/navigation/share/navigation/launch
symbolically linking /home/intel/repo/d021rs-yolov5-ros2-subscription-node-limitationuk/build/navigation/launch/rtabmapviz.launch.py -> /home/intel/repo/d021rs-yolov5-ros2-subscription-node-limitationuk/install/navigation/share/navigation/launch
symbolically linking /home/intel/repo/d021rs-yolov5-ros2-subscription-node-limitationuk/build/navigation/launch/rtabmap_navigation.launch.py -> /home/intel/repo/d021rs-yolov5-ros2-subscription-node-limitationuk/install/navigation/share/navigation/launch
symbolically linking /home/intel/repo/d021rs-yolov5-ros2-subscription-node-limitationuk/build/navigation/launch/rviz_navigation.launch.py -> /home/intel/repo/d021rs-yolov5-ros2-subscription-node-limitationuk/install/navigation/share/navigation/launch
symbolically linking /home/intel/repo/d021rs-yolov5-ros2-subscription-node-limitationuk/build/navigation/launch/rviz_rtabmap_navigation.launch.py -> /home/intel/repo/d021rs-yolov5-ros2-subscription-node-limitationuk/install/navigation/share/navigation/launch
creating /home/intel/repo/d021rs-yolov5-ros2-subscription-node-limitationuk/install/navigation/share/navigation/config
symbolically linking /home/intel/repo/d021rs-yolov5-ros2-subscription-node-limitationuk/build/navigation/config/nav2_controller_teb.yaml -> /home/intel/repo/d021rs-yolov5-ros2-subscription-node-limitationuk/install/navigation/share/navigation/config
symbolically linking /home/intel/repo/d021rs-yolov5-ros2-subscription-node-limitationuk/build/navigation/config/nav2_controller_dwb.yaml -> /home/intel/repo/d021rs-yolov5-ros2-subscription-node-limitationuk/install/navigation/share/navigation/config
symbolically linking /home/intel/repo/d021rs-yolov5-ros2-subscription-node-limitationuk/build/navigation/config/nav2_params.yaml -> /home/intel/repo/d021rs-yolov5-ros2-subscription-node-limitationuk/install/navigation/share/navigation/config
creating /home/intel/repo/d021rs-yolov5-ros2-subscription-node-limitationuk/install/navigation/share/navigation/rviz
symbolically linking /home/intel/repo/d021rs-yolov5-ros2-subscription-node-limitationuk/build/navigation/rviz/navigation.rviz -> /home/intel/repo/d021rs-yolov5-ros2-subscription-node-limitationuk/install/navigation/share/navigation/rviz
symbolically linking /home/intel/repo/d021rs-yolov5-ros2-subscription-node-limitationuk/build/navigation/rviz/rtabmap.rviz -> /home/intel/repo/d021rs-yolov5-ros2-subscription-node-limitationuk/install/navigation/share/navigation/rviz
symbolically linking /home/intel/repo/d021rs-yolov5-ros2-subscription-node-limitationuk/build/navigation/rviz/navigation_transport.rviz -> /home/intel/repo/d021rs-yolov5-ros2-subscription-node-limitationuk/install/navigation/share/navigation/rviz
symbolically linking /home/intel/repo/d021rs-yolov5-ros2-subscription-node-limitationuk/build/navigation/rviz/navigation_desktop.rviz -> /home/intel/repo/d021rs-yolov5-ros2-subscription-node-limitationuk/install/navigation/share/navigation/rviz
symbolically linking /home/intel/repo/d021rs-yolov5-ros2-subscription-node-limitationuk/build/navigation/rviz/rtabmap01.rviz -> /home/intel/repo/d021rs-yolov5-ros2-subscription-node-limitationuk/install/navigation/share/navigation/rviz
