[1.742s] Invoking command in '/home/intel/repo/d021rs-yolov5-ros2-subscription-node-limitationuk/build/example': DEBUGINFOD_URLS=https://debuginfod.ubuntu.com PYTHONPATH=/home/intel/repo/d021rs-yolov5-ros2-subscription-node-limitationuk/build/example/prefix_override:/home/intel/repo/d021rs-yolov5-ros2-subscription-node-limitationuk/.venv/lib/python3.12/site-packages/colcon_core/task/python/colcon_distutils_commands:/home/intel/repo/d021rs-yolov5-ros2-subscription-node-limitationuk/install/example/lib/python3.12/site-packages:${PYTHONPATH} VIRTUAL_ENV_PROMPT=(.venv) /home/intel/repo/d021rs-yolov5-ros2-subscription-node-limitationuk/.venv/bin/python3 -W ignore:setup.py install is deprecated -W ignore:easy_install command is deprecated setup.py develop --editable --build-directory /home/intel/repo/d021rs-yolov5-ros2-subscription-node-limitationuk/build/example/build --no-deps symlink_data
[1.961s] /home/intel/repo/d021rs-yolov5-ros2-subscription-node-limitationuk/.venv/lib/python3.12/site-packages/setuptools/_distutils/dist.py:289: UserWarning: Unknown distribution option: 'tests_require'
[1.961s]   warnings.warn(msg)
[2.119s] running develop
[2.245s] running egg_info
[2.253s] writing example.egg-info/PKG-INFO
[2.254s] writing dependency_links to example.egg-info/dependency_links.txt
[2.254s] writing entry points to example.egg-info/entry_points.txt
[2.254s] writing requirements to example.egg-info/requires.txt
[2.254s] writing top-level names to example.egg-info/top_level.txt
[2.272s] reading manifest file 'example.egg-info/SOURCES.txt'
[2.273s] writing manifest file 'example.egg-info/SOURCES.txt'
[2.281s] running build_ext
[2.282s] Creating /home/intel/repo/d021rs-yolov5-ros2-subscription-node-limitationuk/install/example/lib/python3.12/site-packages/example.egg-link (link to .)
[2.282s] Installing automatic_pick script to /home/intel/repo/d021rs-yolov5-ros2-subscription-node-limitationuk/install/example/lib/example
[2.282s] Installing body_and_rgb_control script to /home/intel/repo/d021rs-yolov5-ros2-subscription-node-limitationuk/install/example/lib/example
[2.282s] Installing body_control script to /home/intel/repo/d021rs-yolov5-ros2-subscription-node-limitationuk/install/example/lib/example
[2.282s] Installing body_track script to /home/intel/repo/d021rs-yolov5-ros2-subscription-node-limitationuk/install/example/lib/example
[2.282s] Installing color_detect script to /home/intel/repo/d021rs-yolov5-ros2-subscription-node-limitationuk/install/example/lib/example
[2.282s] Installing color_sorting script to /home/intel/repo/d021rs-yolov5-ros2-subscription-node-limitationuk/install/example/lib/example
[2.282s] Installing color_track script to /home/intel/repo/d021rs-yolov5-ros2-subscription-node-limitationuk/install/example/lib/example
[2.283s] Installing cross_bridge script to /home/intel/repo/d021rs-yolov5-ros2-subscription-node-limitationuk/install/example/lib/example
[2.284s] Installing fall_down_detect script to /home/intel/repo/d021rs-yolov5-ros2-subscription-node-limitationuk/install/example/lib/example
[2.284s] Installing finger_control script to /home/intel/repo/d021rs-yolov5-ros2-subscription-node-limitationuk/install/example/lib/example
[2.284s] Installing garbage_classification script to /home/intel/repo/d021rs-yolov5-ros2-subscription-node-limitationuk/install/example/lib/example
[2.284s] Installing hand_detect script to /home/intel/repo/d021rs-yolov5-ros2-subscription-node-limitationuk/install/example/lib/example
[2.284s] Installing hand_gesture_control script to /home/intel/repo/d021rs-yolov5-ros2-subscription-node-limitationuk/install/example/lib/example
[2.284s] Installing hand_track script to /home/intel/repo/d021rs-yolov5-ros2-subscription-node-limitationuk/install/example/lib/example
[2.284s] Installing hand_trajectory script to /home/intel/repo/d021rs-yolov5-ros2-subscription-node-limitationuk/install/example/lib/example
[2.284s] Installing line_follow_clean script to /home/intel/repo/d021rs-yolov5-ros2-subscription-node-limitationuk/install/example/lib/example
[2.284s] Installing navigation_transport script to /home/intel/repo/d021rs-yolov5-ros2-subscription-node-limitationuk/install/example/lib/example
[2.284s] Installing object_classification script to /home/intel/repo/d021rs-yolov5-ros2-subscription-node-limitationuk/install/example/lib/example
[2.284s] Installing prevent_falling script to /home/intel/repo/d021rs-yolov5-ros2-subscription-node-limitationuk/install/example/lib/example
[2.284s] Installing self_driving script to /home/intel/repo/d021rs-yolov5-ros2-subscription-node-limitationuk/install/example/lib/example
[2.284s] Installing track_and_grab script to /home/intel/repo/d021rs-yolov5-ros2-subscription-node-limitationuk/install/example/lib/example
[2.284s] Installing track_object script to /home/intel/repo/d021rs-yolov5-ros2-subscription-node-limitationuk/install/example/lib/example
[2.284s] Installing vc_object_classification script to /home/intel/repo/d021rs-yolov5-ros2-subscription-node-limitationuk/install/example/lib/example
[2.284s] Installing vc_track_and_grab script to /home/intel/repo/d021rs-yolov5-ros2-subscription-node-limitationuk/install/example/lib/example
[2.284s] Installing yolov5_node script to /home/intel/repo/d021rs-yolov5-ros2-subscription-node-limitationuk/install/example/lib/example
[2.284s] 
[2.284s] Installed /home/intel/repo/d021rs-yolov5-ros2-subscription-node-limitationuk/build/example
[2.284s] running symlink_data
[2.321s] Invoked command in '/home/intel/repo/d021rs-yolov5-ros2-subscription-node-limitationuk/build/example' returned '0': DEBUGINFOD_URLS=https://debuginfod.ubuntu.com PYTHONPATH=/home/intel/repo/d021rs-yolov5-ros2-subscription-node-limitationuk/build/example/prefix_override:/home/intel/repo/d021rs-yolov5-ros2-subscription-node-limitationuk/.venv/lib/python3.12/site-packages/colcon_core/task/python/colcon_distutils_commands:/home/intel/repo/d021rs-yolov5-ros2-subscription-node-limitationuk/install/example/lib/python3.12/site-packages:${PYTHONPATH} VIRTUAL_ENV_PROMPT=(.venv) /home/intel/repo/d021rs-yolov5-ros2-subscription-node-limitationuk/.venv/bin/python3 -W ignore:setup.py install is deprecated -W ignore:easy_install command is deprecated setup.py develop --editable --build-directory /home/intel/repo/d021rs-yolov5-ros2-subscription-node-limitationuk/build/example/build --no-deps symlink_data
