[1.755s] Invoking command in '/home/intel/repo/d021rs-yolov5-ros2-subscription-node-limitationuk/build/controller': DEBUGINFOD_URLS=https://debuginfod.ubuntu.com PYTHONPATH=/home/intel/repo/d021rs-yolov5-ros2-subscription-node-limitationuk/build/controller/prefix_override:/home/intel/repo/d021rs-yolov5-ros2-subscription-node-limitationuk/.venv/lib/python3.12/site-packages/colcon_core/task/python/colcon_distutils_commands:/home/intel/repo/d021rs-yolov5-ros2-subscription-node-limitationuk/install/controller/lib/python3.12/site-packages:${PYTHONPATH} VIRTUAL_ENV_PROMPT=(.venv) /home/intel/repo/d021rs-yolov5-ros2-subscription-node-limitationuk/.venv/bin/python3 -W ignore:setup.py install is deprecated -W ignore:easy_install command is deprecated setup.py develop --editable --build-directory /home/intel/repo/d021rs-yolov5-ros2-subscription-node-limitationuk/build/controller/build --no-deps symlink_data
[1.948s] /home/intel/repo/d021rs-yolov5-ros2-subscription-node-limitationuk/.venv/lib/python3.12/site-packages/setuptools/_distutils/dist.py:289: UserWarning: Unknown distribution option: 'tests_require'
[1.948s]   warnings.warn(msg)
[2.063s] running develop
[2.152s] running egg_info
[2.160s] writing controller.egg-info/PKG-INFO
[2.161s] writing dependency_links to controller.egg-info/dependency_links.txt
[2.161s] writing entry points to controller.egg-info/entry_points.txt
[2.161s] writing requirements to controller.egg-info/requires.txt
[2.161s] writing top-level names to controller.egg-info/top_level.txt
[2.177s] reading manifest file 'controller.egg-info/SOURCES.txt'
[2.177s] writing manifest file 'controller.egg-info/SOURCES.txt'
[2.186s] running build_ext
[2.186s] Creating /home/intel/repo/d021rs-yolov5-ros2-subscription-node-limitationuk/install/controller/lib/python3.12/site-packages/controller.egg-link (link to .)
[2.190s] Installing init_pose script to /home/intel/repo/d021rs-yolov5-ros2-subscription-node-limitationuk/install/controller/lib/controller
[2.191s] Installing odom_publisher script to /home/intel/repo/d021rs-yolov5-ros2-subscription-node-limitationuk/install/controller/lib/controller
[2.191s] 
[2.191s] Installed /home/intel/repo/d021rs-yolov5-ros2-subscription-node-limitationuk/build/controller
[2.191s] running symlink_data
[2.283s] Invoked command in '/home/intel/repo/d021rs-yolov5-ros2-subscription-node-limitationuk/build/controller' returned '0': DEBUGINFOD_URLS=https://debuginfod.ubuntu.com PYTHONPATH=/home/intel/repo/d021rs-yolov5-ros2-subscription-node-limitationuk/build/controller/prefix_override:/home/intel/repo/d021rs-yolov5-ros2-subscription-node-limitationuk/.venv/lib/python3.12/site-packages/colcon_core/task/python/colcon_distutils_commands:/home/intel/repo/d021rs-yolov5-ros2-subscription-node-limitationuk/install/controller/lib/python3.12/site-packages:${PYTHONPATH} VIRTUAL_ENV_PROMPT=(.venv) /home/intel/repo/d021rs-yolov5-ros2-subscription-node-limitationuk/.venv/bin/python3 -W ignore:setup.py install is deprecated -W ignore:easy_install command is deprecated setup.py develop --editable --build-directory /home/intel/repo/d021rs-yolov5-ros2-subscription-node-limitationuk/build/controller/build --no-deps symlink_data
