[1.431s] Invoking command in '/home/intel/repo/d021rs-yolov5-ros2-subscription-node-limitationuk/build/example': DEBUGINFOD_URLS=https://debuginfod.ubuntu.com PYTHONPATH=/home/intel/repo/d021rs-yolov5-ros2-subscription-node-limitationuk/build/example/prefix_override:/home/intel/repo/d021rs-yolov5-ros2-subscription-node-limitationuk/.venv/lib/python3.12/site-packages/colcon_core/task/python/colcon_distutils_commands:/home/intel/repo/d021rs-yolov5-ros2-subscription-node-limitationuk/install/example/lib/python3.12/site-packages:${PYTHONPATH} VIRTUAL_ENV_PROMPT=(.venv) /home/intel/repo/d021rs-yolov5-ros2-subscription-node-limitationuk/.venv/bin/python3 -W ignore:setup.py install is deprecated -W ignore:easy_install command is deprecated setup.py develop --editable --build-directory /home/intel/repo/d021rs-yolov5-ros2-subscription-node-limitationuk/build/example/build --no-deps symlink_data
[1.547s] /home/intel/repo/d021rs-yolov5-ros2-subscription-node-limitationuk/.venv/lib/python3.12/site-packages/setuptools/_distutils/dist.py:289: UserWarning: Unknown distribution option: 'tests_require'
[1.547s]   warnings.warn(msg)
[1.623s] running develop
[1.735s] running egg_info
[1.746s] creating example.egg-info
[1.746s] writing example.egg-info/PKG-INFO
[1.746s] writing dependency_links to example.egg-info/dependency_links.txt
[1.746s] writing entry points to example.egg-info/entry_points.txt
[1.747s] writing requirements to example.egg-info/requires.txt
[1.747s] writing top-level names to example.egg-info/top_level.txt
[1.747s] writing manifest file 'example.egg-info/SOURCES.txt'
[1.767s] reading manifest file 'example.egg-info/SOURCES.txt'
[1.767s] writing manifest file 'example.egg-info/SOURCES.txt'
[1.777s] running build_ext
[1.777s] Creating /home/intel/repo/d021rs-yolov5-ros2-subscription-node-limitationuk/install/example/lib/python3.12/site-packages/example.egg-link (link to .)
[1.777s] Installing automatic_pick script to /home/intel/repo/d021rs-yolov5-ros2-subscription-node-limitationuk/install/example/lib/example
[1.777s] Installing body_and_rgb_control script to /home/intel/repo/d021rs-yolov5-ros2-subscription-node-limitationuk/install/example/lib/example
[1.777s] Installing body_control script to /home/intel/repo/d021rs-yolov5-ros2-subscription-node-limitationuk/install/example/lib/example
[1.777s] Installing body_track script to /home/intel/repo/d021rs-yolov5-ros2-subscription-node-limitationuk/install/example/lib/example
[1.777s] Installing color_detect script to /home/intel/repo/d021rs-yolov5-ros2-subscription-node-limitationuk/install/example/lib/example
[1.777s] Installing color_sorting script to /home/intel/repo/d021rs-yolov5-ros2-subscription-node-limitationuk/install/example/lib/example
[1.777s] Installing color_track script to /home/intel/repo/d021rs-yolov5-ros2-subscription-node-limitationuk/install/example/lib/example
[1.778s] Installing cross_bridge script to /home/intel/repo/d021rs-yolov5-ros2-subscription-node-limitationuk/install/example/lib/example
[1.778s] Installing fall_down_detect script to /home/intel/repo/d021rs-yolov5-ros2-subscription-node-limitationuk/install/example/lib/example
[1.778s] Installing finger_control script to /home/intel/repo/d021rs-yolov5-ros2-subscription-node-limitationuk/install/example/lib/example
[1.778s] Installing garbage_classification script to /home/intel/repo/d021rs-yolov5-ros2-subscription-node-limitationuk/install/example/lib/example
[1.778s] Installing hand_detect script to /home/intel/repo/d021rs-yolov5-ros2-subscription-node-limitationuk/install/example/lib/example
[1.778s] Installing hand_gesture_control script to /home/intel/repo/d021rs-yolov5-ros2-subscription-node-limitationuk/install/example/lib/example
[1.778s] Installing hand_track script to /home/intel/repo/d021rs-yolov5-ros2-subscription-node-limitationuk/install/example/lib/example
[1.778s] Installing hand_trajectory script to /home/intel/repo/d021rs-yolov5-ros2-subscription-node-limitationuk/install/example/lib/example
[1.778s] Installing line_follow_clean script to /home/intel/repo/d021rs-yolov5-ros2-subscription-node-limitationuk/install/example/lib/example
[1.778s] Installing navigation_transport script to /home/intel/repo/d021rs-yolov5-ros2-subscription-node-limitationuk/install/example/lib/example
[1.778s] Installing object_classification script to /home/intel/repo/d021rs-yolov5-ros2-subscription-node-limitationuk/install/example/lib/example
[1.778s] Installing prevent_falling script to /home/intel/repo/d021rs-yolov5-ros2-subscription-node-limitationuk/install/example/lib/example
[1.778s] Installing self_driving script to /home/intel/repo/d021rs-yolov5-ros2-subscription-node-limitationuk/install/example/lib/example
[1.778s] Installing track_and_grab script to /home/intel/repo/d021rs-yolov5-ros2-subscription-node-limitationuk/install/example/lib/example
[1.778s] Installing track_object script to /home/intel/repo/d021rs-yolov5-ros2-subscription-node-limitationuk/install/example/lib/example
[1.778s] Installing vc_object_classification script to /home/intel/repo/d021rs-yolov5-ros2-subscription-node-limitationuk/install/example/lib/example
[1.778s] Installing vc_track_and_grab script to /home/intel/repo/d021rs-yolov5-ros2-subscription-node-limitationuk/install/example/lib/example
[1.778s] Installing yolov5_node script to /home/intel/repo/d021rs-yolov5-ros2-subscription-node-limitationuk/install/example/lib/example
[1.778s] 
[1.778s] Installed /home/intel/repo/d021rs-yolov5-ros2-subscription-node-limitationuk/build/example
[1.778s] running symlink_data
[1.778s] creating /home/intel/repo/d021rs-yolov5-ros2-subscription-node-limitationuk/install/example/share/ament_index/resource_index/packages
[1.778s] symbolically linking /home/intel/repo/d021rs-yolov5-ros2-subscription-node-limitationuk/build/example/resource/example -> /home/intel/repo/d021rs-yolov5-ros2-subscription-node-limitationuk/install/example/share/ament_index/resource_index/packages
[1.779s] symbolically linking /home/intel/repo/d021rs-yolov5-ros2-subscription-node-limitationuk/build/example/package.xml -> /home/intel/repo/d021rs-yolov5-ros2-subscription-node-limitationuk/install/example/share/example
[1.779s] creating /home/intel/repo/d021rs-yolov5-ros2-subscription-node-limitationuk/install/example/share/example/launch
[1.779s] symbolically linking /home/intel/repo/d021rs-yolov5-ros2-subscription-node-limitationuk/build/example/example/hand_track/hand_track_node.launch.py -> /home/intel/repo/d021rs-yolov5-ros2-subscription-node-limitationuk/install/example/share/example/launch
[1.779s] symbolically linking /home/intel/repo/d021rs-yolov5-ros2-subscription-node-limitationuk/build/example/example/color_sorting/color_sorting_node.launch.py -> /home/intel/repo/d021rs-yolov5-ros2-subscription-node-limitationuk/install/example/share/example/launch
[1.780s] symbolically linking /home/intel/repo/d021rs-yolov5-ros2-subscription-node-limitationuk/build/example/example/body_control/body_and_rgb_control.launch.py -> /home/intel/repo/d021rs-yolov5-ros2-subscription-node-limitationuk/install/example/share/example/launch
[1.780s] symbolically linking /home/intel/repo/d021rs-yolov5-ros2-subscription-node-limitationuk/build/example/example/body_control/fall_down_detect.launch.py -> /home/intel/repo/d021rs-yolov5-ros2-subscription-node-limitationuk/install/example/share/example/launch
[1.780s] symbolically linking /home/intel/repo/d021rs-yolov5-ros2-subscription-node-limitationuk/build/example/example/body_control/body_control.launch.py -> /home/intel/repo/d021rs-yolov5-ros2-subscription-node-limitationuk/install/example/share/example/launch
[1.780s] symbolically linking /home/intel/repo/d021rs-yolov5-ros2-subscription-node-limitationuk/build/example/example/body_control/body_track.launch.py -> /home/intel/repo/d021rs-yolov5-ros2-subscription-node-limitationuk/install/example/share/example/launch
[1.780s] symbolically linking /home/intel/repo/d021rs-yolov5-ros2-subscription-node-limitationuk/build/example/example/color_detect/color_detect_node.launch.py -> /home/intel/repo/d021rs-yolov5-ros2-subscription-node-limitationuk/install/example/share/example/launch
[1.780s] symbolically linking /home/intel/repo/d021rs-yolov5-ros2-subscription-node-limitationuk/build/example/example/hand_trajectory/finger_control.launch.py -> /home/intel/repo/d021rs-yolov5-ros2-subscription-node-limitationuk/install/example/share/example/launch
[1.780s] symbolically linking /home/intel/repo/d021rs-yolov5-ros2-subscription-node-limitationuk/build/example/example/hand_trajectory/hand_trajectory_node.launch.py -> /home/intel/repo/d021rs-yolov5-ros2-subscription-node-limitationuk/install/example/share/example/launch
[1.780s] symbolically linking /home/intel/repo/d021rs-yolov5-ros2-subscription-node-limitationuk/build/example/example/color_track/color_track_node.launch.py -> /home/intel/repo/d021rs-yolov5-ros2-subscription-node-limitationuk/install/example/share/example/launch
[1.780s] symbolically linking /home/intel/repo/d021rs-yolov5-ros2-subscription-node-limitationuk/build/example/example/self_driving/self_driving.launch.py -> /home/intel/repo/d021rs-yolov5-ros2-subscription-node-limitationuk/install/example/share/example/launch
[1.780s] symbolically linking /home/intel/repo/d021rs-yolov5-ros2-subscription-node-limitationuk/build/example/example/hand_gesture_control/hand_gesture_control_node.launch.py -> /home/intel/repo/d021rs-yolov5-ros2-subscription-node-limitationuk/install/example/share/example/launch
[1.780s] creating /home/intel/repo/d021rs-yolov5-ros2-subscription-node-limitationuk/install/example/share/example/config
[1.780s] symbolically linking /home/intel/repo/d021rs-yolov5-ros2-subscription-node-limitationuk/build/example/config/object_classification_plane_distance.yaml -> /home/intel/repo/d021rs-yolov5-ros2-subscription-node-limitationuk/install/example/share/example/config
[1.780s] symbolically linking /home/intel/repo/d021rs-yolov5-ros2-subscription-node-limitationuk/build/example/config/automatic_pick_roi.yaml -> /home/intel/repo/d021rs-yolov5-ros2-subscription-node-limitationuk/install/example/share/example/config
[1.780s] symbolically linking /home/intel/repo/d021rs-yolov5-ros2-subscription-node-limitationuk/build/example/config/bridge_plane_distance.yaml -> /home/intel/repo/d021rs-yolov5-ros2-subscription-node-limitationuk/install/example/share/example/config
[1.780s] symbolically linking /home/intel/repo/d021rs-yolov5-ros2-subscription-node-limitationuk/build/example/config/roi.yaml -> /home/intel/repo/d021rs-yolov5-ros2-subscription-node-limitationuk/install/example/share/example/config
[1.780s] symbolically linking /home/intel/repo/d021rs-yolov5-ros2-subscription-node-limitationuk/build/example/config/plane_distance.yaml -> /home/intel/repo/d021rs-yolov5-ros2-subscription-node-limitationuk/install/example/share/example/config
[1.780s] symbolically linking /home/intel/repo/d021rs-yolov5-ros2-subscription-node-limitationuk/build/example/config/line_follow_clean_roi.yaml -> /home/intel/repo/d021rs-yolov5-ros2-subscription-node-limitationuk/install/example/share/example/config
[1.780s] symbolically linking /home/intel/repo/d021rs-yolov5-ros2-subscription-node-limitationuk/build/example/config/color_sorting_roi.yaml -> /home/intel/repo/d021rs-yolov5-ros2-subscription-node-limitationuk/install/example/share/example/config
[1.780s] symbolically linking /home/intel/repo/d021rs-yolov5-ros2-subscription-node-limitationuk/build/example/config/garbage_classification_roi.yaml -> /home/intel/repo/d021rs-yolov5-ros2-subscription-node-limitationuk/install/example/share/example/config
[1.780s] creating /home/intel/repo/d021rs-yolov5-ros2-subscription-node-limitationuk/install/example/share/example/resource
[1.781s] symbolically linking /home/intel/repo/d021rs-yolov5-ros2-subscription-node-limitationuk/build/example/resource/flag.dae -> /home/intel/repo/d021rs-yolov5-ros2-subscription-node-limitationuk/install/example/share/example/resource
[1.887s] Invoked command in '/home/intel/repo/d021rs-yolov5-ros2-subscription-node-limitationuk/build/example' returned '0': DEBUGINFOD_URLS=https://debuginfod.ubuntu.com PYTHONPATH=/home/intel/repo/d021rs-yolov5-ros2-subscription-node-limitationuk/build/example/prefix_override:/home/intel/repo/d021rs-yolov5-ros2-subscription-node-limitationuk/.venv/lib/python3.12/site-packages/colcon_core/task/python/colcon_distutils_commands:/home/intel/repo/d021rs-yolov5-ros2-subscription-node-limitationuk/install/example/lib/python3.12/site-packages:${PYTHONPATH} VIRTUAL_ENV_PROMPT=(.venv) /home/intel/repo/d021rs-yolov5-ros2-subscription-node-limitationuk/.venv/bin/python3 -W ignore:setup.py install is deprecated -W ignore:easy_install command is deprecated setup.py develop --editable --build-directory /home/intel/repo/d021rs-yolov5-ros2-subscription-node-limitationuk/build/example/build --no-deps symlink_data
