running develop
running egg_info
creating app.egg-info
writing app.egg-info/PKG-INFO
writing dependency_links to app.egg-info/dependency_links.txt
writing entry points to app.egg-info/entry_points.txt
writing requirements to app.egg-info/requires.txt
writing top-level names to app.egg-info/top_level.txt
writing manifest file 'app.egg-info/SOURCES.txt'
reading manifest file 'app.egg-info/SOURCES.txt'
writing manifest file 'app.egg-info/SOURCES.txt'
running build_ext
Creating /home/intel/repo/d021rs-yolov5-ros2-subscription-node-limitationuk/install/app/lib/python3.12/site-packages/app.egg-link (link to .)
Installing ar_app script to /home/intel/repo/d021rs-yolov5-ros2-subscription-node-limitationuk/install/app/lib/app
Installing hand_gesture script to /home/intel/repo/d021rs-yolov5-ros2-subscription-node-limitationuk/install/app/lib/app
Installing hand_trajectory script to /home/intel/repo/d021rs-yolov5-ros2-subscription-node-limitationuk/install/app/lib/app
Installing lidar_controller script to /home/intel/repo/d021rs-yolov5-ros2-subscription-node-limitationuk/install/app/lib/app
Installing line_following script to /home/intel/repo/d021rs-yolov5-ros2-subscription-node-limitationuk/install/app/lib/app
Installing object_tracking script to /home/intel/repo/d021rs-yolov5-ros2-subscription-node-limitationuk/install/app/lib/app

Installed /home/intel/repo/d021rs-yolov5-ros2-subscription-node-limitationuk/build/app
running symlink_data
creating /home/intel/repo/d021rs-yolov5-ros2-subscription-node-limitationuk/install/app/share/ament_index/resource_index/packages
symbolically linking /home/intel/repo/d021rs-yolov5-ros2-subscription-node-limitationuk/build/app/resource/app -> /home/intel/repo/d021rs-yolov5-ros2-subscription-node-limitationuk/install/app/share/ament_index/resource_index/packages
symbolically linking /home/intel/repo/d021rs-yolov5-ros2-subscription-node-limitationuk/build/app/package.xml -> /home/intel/repo/d021rs-yolov5-ros2-subscription-node-limitationuk/install/app/share/app
creating /home/intel/repo/d021rs-yolov5-ros2-subscription-node-limitationuk/install/app/share/app/launch
symbolically linking /home/intel/repo/d021rs-yolov5-ros2-subscription-node-limitationuk/build/app/launch/line_following_node.launch.py -> /home/intel/repo/d021rs-yolov5-ros2-subscription-node-limitationuk/install/app/share/app/launch
symbolically linking /home/intel/repo/d021rs-yolov5-ros2-subscription-node-limitationuk/build/app/launch/object_tracking_node.launch.py -> /home/intel/repo/d021rs-yolov5-ros2-subscription-node-limitationuk/install/app/share/app/launch
symbolically linking /home/intel/repo/d021rs-yolov5-ros2-subscription-node-limitationuk/build/app/launch/ar_app_node.launch.py -> /home/intel/repo/d021rs-yolov5-ros2-subscription-node-limitationuk/install/app/share/app/launch
symbolically linking /home/intel/repo/d021rs-yolov5-ros2-subscription-node-limitationuk/build/app/launch/hand_gesture_node.launch.py -> /home/intel/repo/d021rs-yolov5-ros2-subscription-node-limitationuk/install/app/share/app/launch
symbolically linking /home/intel/repo/d021rs-yolov5-ros2-subscription-node-limitationuk/build/app/launch/lidar_node.launch.py -> /home/intel/repo/d021rs-yolov5-ros2-subscription-node-limitationuk/install/app/share/app/launch
symbolically linking /home/intel/repo/d021rs-yolov5-ros2-subscription-node-limitationuk/build/app/launch/start_app.launch.py -> /home/intel/repo/d021rs-yolov5-ros2-subscription-node-limitationuk/install/app/share/app/launch
creating /home/intel/repo/d021rs-yolov5-ros2-subscription-node-limitationuk/install/app/share/app/models
symbolically linking /home/intel/repo/d021rs-yolov5-ros2-subscription-node-limitationuk/build/app/models/model.jpg -> /home/intel/repo/d021rs-yolov5-ros2-subscription-node-limitationuk/install/app/share/app/models
symbolically linking /home/intel/repo/d021rs-yolov5-ros2-subscription-node-limitationuk/build/app/models/pirate-ship-fat.obj -> /home/intel/repo/d021rs-yolov5-ros2-subscription-node-limitationuk/install/app/share/app/models
symbolically linking /home/intel/repo/d021rs-yolov5-ros2-subscription-node-limitationuk/build/app/models/wolf.obj -> /home/intel/repo/d021rs-yolov5-ros2-subscription-node-limitationuk/install/app/share/app/models
symbolically linking /home/intel/repo/d021rs-yolov5-ros2-subscription-node-limitationuk/build/app/models/cow.obj -> /home/intel/repo/d021rs-yolov5-ros2-subscription-node-limitationuk/install/app/share/app/models
symbolically linking /home/intel/repo/d021rs-yolov5-ros2-subscription-node-limitationuk/build/app/models/bicycle.obj -> /home/intel/repo/d021rs-yolov5-ros2-subscription-node-limitationuk/install/app/share/app/models
symbolically linking /home/intel/repo/d021rs-yolov5-ros2-subscription-node-limitationuk/build/app/models/fox.obj -> /home/intel/repo/d021rs-yolov5-ros2-subscription-node-limitationuk/install/app/share/app/models
symbolically linking /home/intel/repo/d021rs-yolov5-ros2-subscription-node-limitationuk/build/app/models/rat.obj -> /home/intel/repo/d021rs-yolov5-ros2-subscription-node-limitationuk/install/app/share/app/models
symbolically linking /home/intel/repo/d021rs-yolov5-ros2-subscription-node-limitationuk/build/app/models/chair.obj -> /home/intel/repo/d021rs-yolov5-ros2-subscription-node-limitationuk/install/app/share/app/models
