[0.711s] Invoking command in '/home/intel/repo/d021rs-yolov5-ros2-subscription-node-limitationuk/build/yolov5_ros2': DEBUGINFOD_URLS=https://debuginfod.ubuntu.com PYTHONPATH=/home/intel/repo/d021rs-yolov5-ros2-subscription-node-limitationuk/build/yolov5_ros2/prefix_override:/home/intel/repo/d021rs-yolov5-ros2-subscription-node-limitationuk/.venv/lib/python3.12/site-packages/colcon_core/task/python/colcon_distutils_commands:/home/intel/repo/d021rs-yolov5-ros2-subscription-node-limitationuk/install/yolov5_ros2/lib/python3.12/site-packages:${PYTHONPATH} VIRTUAL_ENV_PROMPT=(.venv) /home/intel/repo/d021rs-yolov5-ros2-subscription-node-limitationuk/.venv/bin/python3 -W ignore:setup.py install is deprecated -W ignore:easy_install command is deprecated setup.py develop --editable --build-directory /home/intel/repo/d021rs-yolov5-ros2-subscription-node-limitationuk/build/yolov5_ros2/build --no-deps symlink_data
[0.806s] /home/intel/repo/d021rs-yolov5-ros2-subscription-node-limitationuk/.venv/lib/python3.12/site-packages/setuptools/_distutils/dist.py:289: UserWarning: Unknown distribution option: 'tests_require'
[0.806s]   warnings.warn(msg)
[0.866s] running develop
[0.937s] running egg_info
[0.945s] creating yolov5_ros2.egg-info
[0.945s] writing yolov5_ros2.egg-info/PKG-INFO
[0.945s] writing dependency_links to yolov5_ros2.egg-info/dependency_links.txt
[0.945s] writing entry points to yolov5_ros2.egg-info/entry_points.txt
[0.945s] writing requirements to yolov5_ros2.egg-info/requires.txt
[0.945s] writing top-level names to yolov5_ros2.egg-info/top_level.txt
[0.946s] writing manifest file 'yolov5_ros2.egg-info/SOURCES.txt'
[0.963s] reading manifest file 'yolov5_ros2.egg-info/SOURCES.txt'
[0.963s] writing manifest file 'yolov5_ros2.egg-info/SOURCES.txt'
[0.971s] running build_ext
[0.971s] Creating /home/intel/repo/d021rs-yolov5-ros2-subscription-node-limitationuk/install/yolov5_ros2/lib/python3.12/site-packages/yolov5-ros2.egg-link (link to .)
[0.971s] Installing yolo_detect script to /home/intel/repo/d021rs-yolov5-ros2-subscription-node-limitationuk/install/yolov5_ros2/lib/yolov5_ros2
[0.971s] 
[0.971s] Installed /home/intel/repo/d021rs-yolov5-ros2-subscription-node-limitationuk/build/yolov5_ros2
[0.971s] running symlink_data
[0.972s] symbolically linking /home/intel/repo/d021rs-yolov5-ros2-subscription-node-limitationuk/build/yolov5_ros2/package.xml -> /home/intel/repo/d021rs-yolov5-ros2-subscription-node-limitationuk/install/yolov5_ros2/share/yolov5_ros2
[0.972s] creating /home/intel/repo/d021rs-yolov5-ros2-subscription-node-limitationuk/install/yolov5_ros2/share/yolov5_ros2/launch
[0.972s] symbolically linking /home/intel/repo/d021rs-yolov5-ros2-subscription-node-limitationuk/build/yolov5_ros2/launch/yolov5_ros2.launch.py -> /home/intel/repo/d021rs-yolov5-ros2-subscription-node-limitationuk/install/yolov5_ros2/share/yolov5_ros2/launch
[0.972s] creating /home/intel/repo/d021rs-yolov5-ros2-subscription-node-limitationuk/install/yolov5_ros2/share/yolov5_ros2/config
[0.972s] symbolically linking /home/intel/repo/d021rs-yolov5-ros2-subscription-node-limitationuk/build/yolov5_ros2/config/camera_info.yaml -> /home/intel/repo/d021rs-yolov5-ros2-subscription-node-limitationuk/install/yolov5_ros2/share/yolov5_ros2/config
[0.972s] symbolically linking /home/intel/repo/d021rs-yolov5-ros2-subscription-node-limitationuk/build/yolov5_ros2/config/best.pt -> /home/intel/repo/d021rs-yolov5-ros2-subscription-node-limitationuk/install/yolov5_ros2/share/yolov5_ros2/config
[0.972s] creating /home/intel/repo/d021rs-yolov5-ros2-subscription-node-limitationuk/install/yolov5_ros2/share/yolov5_ros2/resource
[0.972s] symbolically linking /home/intel/repo/d021rs-yolov5-ros2-subscription-node-limitationuk/build/yolov5_ros2/resource/mouse.png -> /home/intel/repo/d021rs-yolov5-ros2-subscription-node-limitationuk/install/yolov5_ros2/share/yolov5_ros2/resource
[0.972s] symbolically linking /home/intel/repo/d021rs-yolov5-ros2-subscription-node-limitationuk/build/yolov5_ros2/resource/yolov5_ros2 -> /home/intel/repo/d021rs-yolov5-ros2-subscription-node-limitationuk/install/yolov5_ros2/share/yolov5_ros2/resource
[0.972s] symbolically linking /home/intel/repo/d021rs-yolov5-ros2-subscription-node-limitationuk/build/yolov5_ros2/resource/fish.jpg -> /home/intel/repo/d021rs-yolov5-ros2-subscription-node-limitationuk/install/yolov5_ros2/share/yolov5_ros2/resource
[0.997s] Invoked command in '/home/intel/repo/d021rs-yolov5-ros2-subscription-node-limitationuk/build/yolov5_ros2' returned '0': DEBUGINFOD_URLS=https://debuginfod.ubuntu.com PYTHONPATH=/home/intel/repo/d021rs-yolov5-ros2-subscription-node-limitationuk/build/yolov5_ros2/prefix_override:/home/intel/repo/d021rs-yolov5-ros2-subscription-node-limitationuk/.venv/lib/python3.12/site-packages/colcon_core/task/python/colcon_distutils_commands:/home/intel/repo/d021rs-yolov5-ros2-subscription-node-limitationuk/install/yolov5_ros2/lib/python3.12/site-packages:${PYTHONPATH} VIRTUAL_ENV_PROMPT=(.venv) /home/intel/repo/d021rs-yolov5-ros2-subscription-node-limitationuk/.venv/bin/python3 -W ignore:setup.py install is deprecated -W ignore:easy_install command is deprecated setup.py develop --editable --build-directory /home/intel/repo/d021rs-yolov5-ros2-subscription-node-limitationuk/build/yolov5_ros2/build --no-deps symlink_data
